Component: ARM Compiler 5.06 update 6 (build 750) Tool: armlink [4d35ed]

==============================================================================

Section Cross References

    stm32l4xx_nucleo.o(i.ADCx_DeInit) refers to stm32l4xx_hal_adc.o(i.HAL_ADC_DeInit) for HAL_ADC_DeInit
    stm32l4xx_nucleo.o(i.ADCx_DeInit) refers to stm32l4xx_nucleo.o(i.ADCx_MspDeInit) for ADCx_MspDeInit
    stm32l4xx_nucleo.o(i.ADCx_DeInit) refers to stm32l4xx_nucleo.o(.bss) for hnucleo_Adc
    stm32l4xx_nucleo.o(i.ADCx_Init) refers to stm32l4xx_hal_adc.o(i.HAL_ADC_GetState) for HAL_ADC_GetState
    stm32l4xx_nucleo.o(i.ADCx_Init) refers to stm32l4xx_nucleo.o(i.ADCx_MspInit) for ADCx_MspInit
    stm32l4xx_nucleo.o(i.ADCx_Init) refers to stm32l4xx_hal_adc.o(i.HAL_ADC_Init) for HAL_ADC_Init
    stm32l4xx_nucleo.o(i.ADCx_Init) refers to stm32l4xx_hal_adc_ex.o(i.HAL_ADCEx_Calibration_Start) for HAL_ADCEx_Calibration_Start
    stm32l4xx_nucleo.o(i.ADCx_Init) refers to stm32l4xx_nucleo.o(.bss) for hnucleo_Adc
    stm32l4xx_nucleo.o(i.ADCx_MspDeInit) refers to stm32l4xx_hal_gpio.o(i.HAL_GPIO_DeInit) for HAL_GPIO_DeInit
    stm32l4xx_nucleo.o(i.ADCx_MspInit) refers to memseta.o(.text) for __aeabi_memclr4
    stm32l4xx_nucleo.o(i.ADCx_MspInit) refers to stm32l4xx_hal_gpio.o(i.HAL_GPIO_Init) for HAL_GPIO_Init
    stm32l4xx_nucleo.o(i.ADCx_MspInit) refers to stm32l4xx_hal_rcc_ex.o(i.HAL_RCCEx_PeriphCLKConfig) for HAL_RCCEx_PeriphCLKConfig
    stm32l4xx_nucleo.o(i.BSP_JOY_DeInit) refers to stm32l4xx_nucleo.o(i.ADCx_DeInit) for ADCx_DeInit
    stm32l4xx_nucleo.o(i.BSP_JOY_GetState) refers to stm32l4xx_hal_adc.o(i.HAL_ADC_Start) for HAL_ADC_Start
    stm32l4xx_nucleo.o(i.BSP_JOY_GetState) refers to stm32l4xx_hal_adc.o(i.HAL_ADC_PollForConversion) for HAL_ADC_PollForConversion
    stm32l4xx_nucleo.o(i.BSP_JOY_GetState) refers to stm32l4xx_hal_adc.o(i.HAL_ADC_GetState) for HAL_ADC_GetState
    stm32l4xx_nucleo.o(i.BSP_JOY_GetState) refers to stm32l4xx_hal_adc.o(i.HAL_ADC_GetValue) for HAL_ADC_GetValue
    stm32l4xx_nucleo.o(i.BSP_JOY_GetState) refers to stm32l4xx_nucleo.o(.bss) for hnucleo_Adc
    stm32l4xx_nucleo.o(i.BSP_JOY_Init) refers to stm32l4xx_nucleo.o(i.ADCx_Init) for ADCx_Init
    stm32l4xx_nucleo.o(i.BSP_JOY_Init) refers to stm32l4xx_hal_adc.o(i.HAL_ADC_ConfigChannel) for HAL_ADC_ConfigChannel
    stm32l4xx_nucleo.o(i.BSP_JOY_Init) refers to stm32l4xx_nucleo.o(.bss) for hnucleo_AdcChannelConfig
    stm32l4xx_nucleo.o(i.BSP_LED_DeInit) refers to stm32l4xx_hal_gpio.o(i.HAL_GPIO_WritePin) for HAL_GPIO_WritePin
    stm32l4xx_nucleo.o(i.BSP_LED_DeInit) refers to stm32l4xx_hal_gpio.o(i.HAL_GPIO_DeInit) for HAL_GPIO_DeInit
    stm32l4xx_nucleo.o(i.BSP_LED_DeInit) refers to stm32l4xx_nucleo.o(.constdata) for GPIO_PIN
    stm32l4xx_nucleo.o(i.BSP_LED_DeInit) refers to stm32l4xx_nucleo.o(.data) for GPIO_PORT
    stm32l4xx_nucleo.o(i.BSP_LED_Init) refers to memseta.o(.text) for __aeabi_memclr4
    stm32l4xx_nucleo.o(i.BSP_LED_Init) refers to stm32l4xx_hal_gpio.o(i.HAL_GPIO_Init) for HAL_GPIO_Init
    stm32l4xx_nucleo.o(i.BSP_LED_Init) refers to stm32l4xx_nucleo.o(.constdata) for GPIO_PIN
    stm32l4xx_nucleo.o(i.BSP_LED_Init) refers to stm32l4xx_nucleo.o(.data) for GPIO_PORT
    stm32l4xx_nucleo.o(i.BSP_LED_Off) refers to stm32l4xx_hal_gpio.o(i.HAL_GPIO_WritePin) for HAL_GPIO_WritePin
    stm32l4xx_nucleo.o(i.BSP_LED_Off) refers to stm32l4xx_nucleo.o(.constdata) for GPIO_PIN
    stm32l4xx_nucleo.o(i.BSP_LED_Off) refers to stm32l4xx_nucleo.o(.data) for GPIO_PORT
    stm32l4xx_nucleo.o(i.BSP_LED_On) refers to stm32l4xx_hal_gpio.o(i.HAL_GPIO_WritePin) for HAL_GPIO_WritePin
    stm32l4xx_nucleo.o(i.BSP_LED_On) refers to stm32l4xx_nucleo.o(.constdata) for GPIO_PIN
    stm32l4xx_nucleo.o(i.BSP_LED_On) refers to stm32l4xx_nucleo.o(.data) for GPIO_PORT
    stm32l4xx_nucleo.o(i.BSP_LED_Toggle) refers to stm32l4xx_hal_gpio.o(i.HAL_GPIO_TogglePin) for HAL_GPIO_TogglePin
    stm32l4xx_nucleo.o(i.BSP_LED_Toggle) refers to stm32l4xx_nucleo.o(.constdata) for GPIO_PIN
    stm32l4xx_nucleo.o(i.BSP_LED_Toggle) refers to stm32l4xx_nucleo.o(.data) for GPIO_PORT
    stm32l4xx_nucleo.o(i.BSP_PB_DeInit) refers to stm32l4xx_hal_cortex.o(i.HAL_NVIC_DisableIRQ) for HAL_NVIC_DisableIRQ
    stm32l4xx_nucleo.o(i.BSP_PB_DeInit) refers to stm32l4xx_hal_gpio.o(i.HAL_GPIO_DeInit) for HAL_GPIO_DeInit
    stm32l4xx_nucleo.o(i.BSP_PB_DeInit) refers to stm32l4xx_nucleo.o(.constdata) for BUTTON_PIN
    stm32l4xx_nucleo.o(i.BSP_PB_DeInit) refers to stm32l4xx_nucleo.o(.data) for BUTTON_PORT
    stm32l4xx_nucleo.o(i.BSP_PB_GetState) refers to stm32l4xx_hal_gpio.o(i.HAL_GPIO_ReadPin) for HAL_GPIO_ReadPin
    stm32l4xx_nucleo.o(i.BSP_PB_GetState) refers to stm32l4xx_nucleo.o(.constdata) for BUTTON_PIN
    stm32l4xx_nucleo.o(i.BSP_PB_GetState) refers to stm32l4xx_nucleo.o(.data) for BUTTON_PORT
    stm32l4xx_nucleo.o(i.BSP_PB_Init) refers to memseta.o(.text) for __aeabi_memclr4
    stm32l4xx_nucleo.o(i.BSP_PB_Init) refers to stm32l4xx_hal_gpio.o(i.HAL_GPIO_Init) for HAL_GPIO_Init
[...]
    Removing stm32l4xx_hal_tim_ex.o(i.HAL_TIMEx_HallSensor_Start_IT), (68 bytes).
    Removing stm32l4xx_hal_tim_ex.o(i.HAL_TIMEx_HallSensor_Stop), (56 bytes).
    Removing stm32l4xx_hal_tim_ex.o(i.HAL_TIMEx_HallSensor_Stop_DMA), (74 bytes).
    Removing stm32l4xx_hal_tim_ex.o(i.HAL_TIMEx_HallSensor_Stop_IT), (68 bytes).
    Removing stm32l4xx_hal_tim_ex.o(i.HAL_TIMEx_MasterConfigSynchronization), (192 bytes).
    Removing stm32l4xx_hal_tim_ex.o(i.HAL_TIMEx_OCN_Start), (68 bytes).
    Removing stm32l4xx_hal_tim_ex.o(i.HAL_TIMEx_OCN_Start_DMA), (300 bytes).
    Removing stm32l4xx_hal_tim_ex.o(i.HAL_TIMEx_OCN_Start_IT), (140 bytes).
    Removing stm32l4xx_hal_tim_ex.o(i.HAL_TIMEx_OCN_Stop), (96 bytes).
    Removing stm32l4xx_hal_tim_ex.o(i.HAL_TIMEx_OCN_Stop_DMA), (178 bytes).
    Removing stm32l4xx_hal_tim_ex.o(i.HAL_TIMEx_OCN_Stop_IT), (178 bytes).
    Removing stm32l4xx_hal_tim_ex.o(i.HAL_TIMEx_OnePulseN_Start), (32 bytes).
    Removing stm32l4xx_hal_tim_ex.o(i.HAL_TIMEx_OnePulseN_Start_IT), (56 bytes).
    Removing stm32l4xx_hal_tim_ex.o(i.HAL_TIMEx_OnePulseN_Stop), (96 bytes).
    Removing stm32l4xx_hal_tim_ex.o(i.HAL_TIMEx_OnePulseN_Stop_IT), (120 bytes).
    Removing stm32l4xx_hal_tim_ex.o(i.HAL_TIMEx_PWMN_Start), (68 bytes).
    Removing stm32l4xx_hal_tim_ex.o(i.HAL_TIMEx_PWMN_Start_DMA), (300 bytes).
    Removing stm32l4xx_hal_tim_ex.o(i.HAL_TIMEx_PWMN_Start_IT), (140 bytes).
    Removing stm32l4xx_hal_tim_ex.o(i.HAL_TIMEx_PWMN_Stop), (96 bytes).
    Removing stm32l4xx_hal_tim_ex.o(i.HAL_TIMEx_PWMN_Stop_DMA), (178 bytes).
    Removing stm32l4xx_hal_tim_ex.o(i.HAL_TIMEx_PWMN_Stop_IT), (178 bytes).
    Removing stm32l4xx_hal_tim_ex.o(i.HAL_TIMEx_RemapConfig), (116 bytes).
    Removing stm32l4xx_hal_tim_ex.o(i.TIMEx_DMACommutationCplt), (20 bytes).
    Removing stm32l4xx_hal_tim_ex.o(i.TIMEx_DMACommutationHalfCplt), (20 bytes).
    Removing stm32l4xx_hal_tim_ex.o(i.TIM_CCxNChannelCmd), (34 bytes).
    Removing stm32l4xx_hal_uart_ex.o(.rev16_text), (4 bytes).
    Removing stm32l4xx_hal_uart_ex.o(.revsh_text), (4 bytes).
    Removing stm32l4xx_hal_uart_ex.o(.rrx_text), (6 bytes).
    Removing stm32l4xx_hal_uart_ex.o(i.HAL_MultiProcessorEx_AddressLength_Set), (62 bytes).
    Removing stm32l4xx_hal_uart_ex.o(i.HAL_RS485Ex_Init), (148 bytes).
    Removing stm32l4xx_hal_uart_ex.o(i.HAL_UARTEx_DisableClockStopMode), (50 bytes).
    Removing stm32l4xx_hal_uart_ex.o(i.HAL_UARTEx_DisableStopMode), (50 bytes).
    Removing stm32l4xx_hal_uart_ex.o(i.HAL_UARTEx_EnableClockStopMode), (50 bytes).
    Removing stm32l4xx_hal_uart_ex.o(i.HAL_UARTEx_EnableStopMode), (50 bytes).
    Removing stm32l4xx_hal_uart_ex.o(i.HAL_UARTEx_StopModeWakeUpSourceConfig), (140 bytes).
    Removing stm32l4xx_hal_uart_ex.o(i.HAL_UARTEx_WakeupCallback), (2 bytes).
    Removing stm32l4xx_hal_uart_ex.o(i.UARTEx_Wakeup_AddressConfig), (38 bytes).
    Removing stm32l4xx_hal_flash_ex.o(.rev16_text), (4 bytes).
    Removing stm32l4xx_hal_flash_ex.o(.revsh_text), (4 bytes).
    Removing stm32l4xx_hal_flash_ex.o(.rrx_text), (6 bytes).
    Removing stm32l4xx_hal_flash_ex.o(i.FLASH_OB_GetPCROP), (196 bytes).
    Removing stm32l4xx_hal_flash_ex.o(i.FLASH_OB_GetRDP), (32 bytes).
    Removing stm32l4xx_hal_flash_ex.o(i.FLASH_OB_GetUser), (16 bytes).
    Removing stm32l4xx_hal_flash_ex.o(i.FLASH_OB_GetWRP), (100 bytes).
    Removing stm32l4xx_hal_flash_ex.o(i.FLASH_OB_PCROPConfig), (272 bytes).
    Removing stm32l4xx_hal_flash_ex.o(i.FLASH_OB_RDPConfig), (72 bytes).
    Removing stm32l4xx_hal_flash_ex.o(i.FLASH_OB_UserConfig), (296 bytes).
    Removing stm32l4xx_hal_flash_ex.o(i.FLASH_OB_WRPConfig), (164 bytes).
    Removing stm32l4xx_hal_flash_ex.o(i.HAL_FLASHEx_Erase_IT), (200 bytes).
    Removing stm32l4xx_hal_flash_ex.o(i.HAL_FLASHEx_OBGetConfig), (96 bytes).
    Removing stm32l4xx_hal_flash_ex.o(i.HAL_FLASHEx_OBProgram), (140 bytes).
    Removing stm32l4xx_hal_spi_ex.o(.rev16_text), (4 bytes).
    Removing stm32l4xx_hal_spi_ex.o(.revsh_text), (4 bytes).
    Removing stm32l4xx_hal_spi_ex.o(.rrx_text), (6 bytes).
    Removing stm32l4xx_hal_spi_ex.o(i.HAL_SPIEx_FlushRxFifo), (44 bytes).
    Removing stm32l4xx_hal.o(.rev16_text), (4 bytes).
    Removing stm32l4xx_hal.o(.revsh_text), (4 bytes).
    Removing stm32l4xx_hal.o(.rrx_text), (6 bytes).
    Removing stm32l4xx_hal.o(i.HAL_DBGMCU_DisableDBGSleepMode), (20 bytes).
    Removing stm32l4xx_hal.o(i.HAL_DBGMCU_DisableDBGStandbyMode), (20 bytes).
    Removing stm32l4xx_hal.o(i.HAL_DBGMCU_DisableDBGStopMode), (20 bytes).
    Removing stm32l4xx_hal.o(i.HAL_DBGMCU_EnableDBGSleepMode), (20 bytes).
    Removing stm32l4xx_hal.o(i.HAL_DBGMCU_EnableDBGStandbyMode), (20 bytes).
    Removing stm32l4xx_hal.o(i.HAL_DBGMCU_EnableDBGStopMode), (20 bytes).
    Removing stm32l4xx_hal.o(i.HAL_DeInit), (60 bytes).
    Removing stm32l4xx_hal.o(i.HAL_Delay), (40 bytes).
    Removing stm32l4xx_hal.o(i.HAL_GetDEVID), (16 bytes).
    Removing stm32l4xx_hal.o(i.HAL_GetHalVersion), (8 bytes).
    Removing stm32l4xx_hal.o(i.HAL_GetREVID), (12 bytes).
    Removing stm32l4xx_hal.o(i.HAL_GetTickFreq), (12 bytes).
    Removing stm32l4xx_hal.o(i.HAL_GetTickPrio), (12 bytes).
    Removing stm32l4xx_hal.o(i.HAL_GetUIDw0), (12 bytes).
    Removing stm32l4xx_hal.o(i.HAL_GetUIDw1), (12 bytes).
    Removing stm32l4xx_hal.o(i.HAL_GetUIDw2), (12 bytes).
    Removing stm32l4xx_hal.o(i.HAL_MspDeInit), (2 bytes).
    Removing stm32l4xx_hal.o(i.HAL_ResumeTick), (18 bytes).
    Removing stm32l4xx_hal.o(i.HAL_SYSCFG_DisableIOAnalogSwitchBooster), (20 bytes).
    Removing stm32l4xx_hal.o(i.HAL_SYSCFG_DisableMemorySwappingBank), (12 bytes).
    Removing stm32l4xx_hal.o(i.HAL_SYSCFG_DisableVREFBUF), (20 bytes).
    Removing stm32l4xx_hal.o(i.HAL_SYSCFG_EnableIOAnalogSwitchBooster), (20 bytes).
    Removing stm32l4xx_hal.o(i.HAL_SYSCFG_EnableMemorySwappingBank), (12 bytes).
    Removing stm32l4xx_hal.o(i.HAL_SYSCFG_EnableVREFBUF), (56 bytes).
    Removing stm32l4xx_hal.o(i.HAL_SYSCFG_SRAM2Erase), (28 bytes).
    Removing stm32l4xx_hal.o(i.HAL_SYSCFG_VREFBUF_HighImpedanceConfig), (20 bytes).
    Removing stm32l4xx_hal.o(i.HAL_SYSCFG_VREFBUF_TrimmingConfig), (20 bytes).
    Removing stm32l4xx_hal.o(i.HAL_SYSCFG_VREFBUF_VoltageScalingConfig), (20 bytes).
    Removing stm32l4xx_hal.o(i.HAL_SetTickFreq), (44 bytes).
    Removing stm32l4xx_hal.o(i.HAL_SuspendTick), (18 bytes).
    Removing stm32l4xx_hal_i2c.o(.rev16_text), (4 bytes).
    Removing stm32l4xx_hal_i2c.o(.revsh_text), (4 bytes).
    Removing stm32l4xx_hal_i2c.o(.rrx_text), (6 bytes).
    Removing stm32l4xx_hal_i2c.o(i.HAL_I2C_AbortCpltCallback), (2 bytes).
    Removing stm32l4xx_hal_i2c.o(i.HAL_I2C_AddrCallback), (2 bytes).
    Removing stm32l4xx_hal_i2c.o(i.HAL_I2C_DeInit), (60 bytes).
    Removing stm32l4xx_hal_i2c.o(i.HAL_I2C_DisableListen_IT), (56 bytes).
    Removing stm32l4xx_hal_i2c.o(i.HAL_I2C_ER_IRQHandler), (118 bytes).
    Removing stm32l4xx_hal_i2c.o(i.HAL_I2C_EV_IRQHandler), (28 bytes).
    Removing stm32l4xx_hal_i2c.o(i.HAL_I2C_EnableListen_IT), (44 bytes).
    Removing stm32l4xx_hal_i2c.o(i.HAL_I2C_ErrorCallback), (2 bytes).
    Removing stm32l4xx_hal_i2c.o(i.HAL_I2C_GetError), (6 bytes).
    Removing stm32l4xx_hal_i2c.o(i.HAL_I2C_GetMode), (8 bytes).
    Removing stm32l4xx_hal_i2c.o(i.HAL_I2C_GetState), (8 bytes).
    Removing stm32l4xx_hal_i2c.o(i.HAL_I2C_Init), (196 bytes).
    Removing stm32l4xx_hal_i2c.o(i.HAL_I2C_IsDeviceReady), (384 bytes).
    Removing stm32l4xx_hal_i2c.o(i.HAL_I2C_ListenCpltCallback), (2 bytes).
    Removing stm32l4xx_hal_i2c.o(i.HAL_I2C_MasterRxCpltCallback), (2 bytes).
    Removing stm32l4xx_hal_i2c.o(i.HAL_I2C_MasterTxCpltCallback), (2 bytes).
    Removing stm32l4xx_hal_i2c.o(i.HAL_I2C_Master_Abort_IT), (132 bytes).
    Removing stm32l4xx_hal_i2c.o(i.HAL_I2C_Master_Receive), (356 bytes).
    Removing stm32l4xx_hal_i2c.o(i.HAL_I2C_Master_Receive_DMA), (368 bytes).
    Removing stm32l4xx_hal_i2c.o(i.HAL_I2C_Master_Receive_IT), (168 bytes).
    Removing stm32l4xx_hal_i2c.o(i.HAL_I2C_Master_Seq_Receive_DMA), (406 bytes).
    Removing stm32l4xx_hal_i2c.o(i.HAL_I2C_Master_Seq_Receive_IT), (202 bytes).
    Removing stm32l4xx_hal_i2c.o(i.HAL_I2C_Master_Seq_Transmit_DMA), (406 bytes).
    Removing stm32l4xx_hal_i2c.o(i.HAL_I2C_Master_Seq_Transmit_IT), (202 bytes).
    Removing stm32l4xx_hal_i2c.o(i.HAL_I2C_Master_Transmit), (352 bytes).
    Removing stm32l4xx_hal_i2c.o(i.HAL_I2C_Master_Transmit_DMA), (368 bytes).
    Removing stm32l4xx_hal_i2c.o(i.HAL_I2C_Master_Transmit_IT), (168 bytes).
    Removing stm32l4xx_hal_i2c.o(i.HAL_I2C_MemRxCpltCallback), (2 bytes).
    Removing stm32l4xx_hal_i2c.o(i.HAL_I2C_MemTxCpltCallback), (2 bytes).
    Removing stm32l4xx_hal_i2c.o(i.HAL_I2C_Mem_Read), (422 bytes).
    Removing stm32l4xx_hal_i2c.o(i.HAL_I2C_Mem_Read_DMA), (390 bytes).
    Removing stm32l4xx_hal_i2c.o(i.HAL_I2C_Mem_Read_IT), (238 bytes).
    Removing stm32l4xx_hal_i2c.o(i.HAL_I2C_Mem_Write), (414 bytes).
    Removing stm32l4xx_hal_i2c.o(i.HAL_I2C_Mem_Write_DMA), (386 bytes).
    Removing stm32l4xx_hal_i2c.o(i.HAL_I2C_Mem_Write_IT), (234 bytes).
    Removing stm32l4xx_hal_i2c.o(i.HAL_I2C_MspDeInit), (2 bytes).
    Removing stm32l4xx_hal_i2c.o(i.HAL_I2C_MspInit), (2 bytes).
    Removing stm32l4xx_hal_i2c.o(i.HAL_I2C_SlaveRxCpltCallback), (2 bytes).
    Removing stm32l4xx_hal_i2c.o(i.HAL_I2C_SlaveTxCpltCallback), (2 bytes).
    Removing stm32l4xx_hal_i2c.o(i.HAL_I2C_Slave_Receive), (362 bytes).
    Removing stm32l4xx_hal_i2c.o(i.HAL_I2C_Slave_Receive_DMA), (276 bytes).
    Removing stm32l4xx_hal_i2c.o(i.HAL_I2C_Slave_Receive_IT), (120 bytes).
    Removing stm32l4xx_hal_i2c.o(i.HAL_I2C_Slave_Seq_Receive_DMA), (448 bytes).
    Removing stm32l4xx_hal_i2c.o(i.HAL_I2C_Slave_Seq_Receive_IT), (232 bytes).
    Removing stm32l4xx_hal_i2c.o(i.HAL_I2C_Slave_Seq_Transmit_DMA), (448 bytes).
    Removing stm32l4xx_hal_i2c.o(i.HAL_I2C_Slave_Seq_Transmit_IT), (232 bytes).
    Removing stm32l4xx_hal_i2c.o(i.HAL_I2C_Slave_Transmit), (388 bytes).
    Removing stm32l4xx_hal_i2c.o(i.HAL_I2C_Slave_Transmit_DMA), (276 bytes).
    Removing stm32l4xx_hal_i2c.o(i.HAL_I2C_Slave_Transmit_IT), (120 bytes).
    Removing stm32l4xx_hal_i2c.o(i.I2C_ConvertOtherXferOptions), (28 bytes).
    Removing stm32l4xx_hal_i2c.o(i.I2C_DMAAbort), (34 bytes).
    Removing stm32l4xx_hal_i2c.o(i.I2C_DMAError), (28 bytes).
    Removing stm32l4xx_hal_i2c.o(i.I2C_DMAMasterReceiveCplt), (94 bytes).
    Removing stm32l4xx_hal_i2c.o(i.I2C_DMAMasterTransmitCplt), (94 bytes).
    Removing stm32l4xx_hal_i2c.o(i.I2C_DMASlaveReceiveCplt), (42 bytes).
    Removing stm32l4xx_hal_i2c.o(i.I2C_DMASlaveTransmitCplt), (36 bytes).
    Removing stm32l4xx_hal_i2c.o(i.I2C_Disable_IRQ), (110 bytes).
    Removing stm32l4xx_hal_i2c.o(i.I2C_Enable_IRQ), (128 bytes).
    Removing stm32l4xx_hal_i2c.o(i.I2C_Flush_TXDR), (40 bytes).
    Removing stm32l4xx_hal_i2c.o(i.I2C_ITAddrCplt), (206 bytes).
    Removing stm32l4xx_hal_i2c.o(i.I2C_ITError), (292 bytes).
    Removing stm32l4xx_hal_i2c.o(i.I2C_ITListenCplt), (112 bytes).
    Removing stm32l4xx_hal_i2c.o(i.I2C_ITMasterCplt), (296 bytes).
    Removing stm32l4xx_hal_i2c.o(i.I2C_ITMasterSeqCplt), (98 bytes).
    Removing stm32l4xx_hal_i2c.o(i.I2C_ITSlaveCplt), (368 bytes).
    Removing stm32l4xx_hal_i2c.o(i.I2C_ITSlaveSeqCplt), (140 bytes).
    Removing stm32l4xx_hal_i2c.o(i.I2C_IsAcknowledgeFailed), (152 bytes).
    Removing stm32l4xx_hal_i2c.o(i.I2C_Master_ISR_DMA), (352 bytes).
    Removing stm32l4xx_hal_i2c.o(i.I2C_Master_ISR_IT), (408 bytes).
    Removing stm32l4xx_hal_i2c.o(i.I2C_RequestMemoryRead), (124 bytes).
    Removing stm32l4xx_hal_i2c.o(i.I2C_RequestMemoryWrite), (124 bytes).
    Removing stm32l4xx_hal_i2c.o(i.I2C_Slave_ISR_DMA), (316 bytes).
    Removing stm32l4xx_hal_i2c.o(i.I2C_Slave_ISR_IT), (328 bytes).
    Removing stm32l4xx_hal_i2c.o(i.I2C_TransferConfig), (52 bytes).
    Removing stm32l4xx_hal_i2c.o(i.I2C_TreatErrorCallback), (58 bytes).
    Removing stm32l4xx_hal_i2c.o(i.I2C_WaitOnFlagUntilTimeout), (94 bytes).
    Removing stm32l4xx_hal_i2c.o(i.I2C_WaitOnRXNEFlagUntilTimeout), (160 bytes).
    Removing stm32l4xx_hal_i2c.o(i.I2C_WaitOnSTOPFlagUntilTimeout), (86 bytes).
    Removing stm32l4xx_hal_i2c.o(i.I2C_WaitOnTXISFlagUntilTimeout), (90 bytes).
    Removing stm32l4xx_hal_smartcard.o(.rev16_text), (4 bytes).
    Removing stm32l4xx_hal_smartcard.o(.revsh_text), (4 bytes).
    Removing stm32l4xx_hal_smartcard.o(.rrx_text), (6 bytes).
    Removing stm32l4xx_hal_smartcard.o(i.HAL_SMARTCARD_Abort), (184 bytes).
    Removing stm32l4xx_hal_smartcard.o(i.HAL_SMARTCARD_AbortCpltCallback), (2 bytes).
    Removing stm32l4xx_hal_smartcard.o(i.HAL_SMARTCARD_AbortReceive), (132 bytes).
    Removing stm32l4xx_hal_smartcard.o(i.HAL_SMARTCARD_AbortReceiveCpltCallback), (2 bytes).
    Removing stm32l4xx_hal_smartcard.o(i.HAL_SMARTCARD_AbortReceive_IT), (164 bytes).
    Removing stm32l4xx_hal_smartcard.o(i.HAL_SMARTCARD_AbortTransmit), (114 bytes).
    Removing stm32l4xx_hal_smartcard.o(i.HAL_SMARTCARD_AbortTransmitCpltCallback), (2 bytes).
    Removing stm32l4xx_hal_smartcard.o(i.HAL_SMARTCARD_AbortTransmit_IT), (136 bytes).
    Removing stm32l4xx_hal_smartcard.o(i.HAL_SMARTCARD_Abort_IT), (240 bytes).
    Removing stm32l4xx_hal_smartcard.o(i.HAL_SMARTCARD_DeInit), (74 bytes).
    Removing stm32l4xx_hal_smartcard.o(i.HAL_SMARTCARD_ErrorCallback), (2 bytes).
    Removing stm32l4xx_hal_smartcard.o(i.HAL_SMARTCARD_GetError), (6 bytes).
    Removing stm32l4xx_hal_smartcard.o(i.HAL_SMARTCARD_GetState), (12 bytes).
    Removing stm32l4xx_hal_smartcard.o(i.HAL_SMARTCARD_IRQHandler), (644 bytes).
    Removing stm32l4xx_hal_smartcard.o(i.HAL_SMARTCARD_Init), (132 bytes).
    Removing stm32l4xx_hal_smartcard.o(i.HAL_SMARTCARD_MspDeInit), (2 bytes).
    Removing stm32l4xx_hal_smartcard.o(i.HAL_SMARTCARD_MspInit), (2 bytes).
    Removing stm32l4xx_hal_smartcard.o(i.HAL_SMARTCARD_Receive), (144 bytes).
    Removing stm32l4xx_hal_smartcard.o(i.HAL_SMARTCARD_Receive_DMA), (180 bytes).
    Removing stm32l4xx_hal_smartcard.o(i.HAL_SMARTCARD_Receive_IT), (108 bytes).
    Removing stm32l4xx_hal_smartcard.o(i.HAL_SMARTCARD_RxCpltCallback), (2 bytes).
    Removing stm32l4xx_hal_smartcard.o(i.HAL_SMARTCARD_Transmit), (266 bytes).
    Removing stm32l4xx_hal_smartcard.o(i.HAL_SMARTCARD_Transmit_DMA), (244 bytes).
    Removing stm32l4xx_hal_smartcard.o(i.HAL_SMARTCARD_Transmit_IT), (172 bytes).
    Removing stm32l4xx_hal_smartcard.o(i.HAL_SMARTCARD_TxCpltCallback), (2 bytes).
    Removing stm32l4xx_hal_smartcard.o(i.SMARTCARD_AdvFeatureConfig), (196 bytes).
    Removing stm32l4xx_hal_smartcard.o(i.SMARTCARD_CheckIdleState), (110 bytes).
    Removing stm32l4xx_hal_smartcard.o(i.SMARTCARD_DMAAbortOnError), (24 bytes).
    Removing stm32l4xx_hal_smartcard.o(i.SMARTCARD_DMAError), (82 bytes).
    Removing stm32l4xx_hal_smartcard.o(i.SMARTCARD_DMAReceiveCplt), (60 bytes).
    Removing stm32l4xx_hal_smartcard.o(i.SMARTCARD_DMARxAbortCallback), (60 bytes).
    Removing stm32l4xx_hal_smartcard.o(i.SMARTCARD_DMARxOnlyAbortCallback), (32 bytes).
    Removing stm32l4xx_hal_smartcard.o(i.SMARTCARD_DMATransmitCplt), (120 bytes).
    Removing stm32l4xx_hal_smartcard.o(i.SMARTCARD_DMATxAbortCallback), (60 bytes).
    Removing stm32l4xx_hal_smartcard.o(i.SMARTCARD_DMATxOnlyAbortCallback), (30 bytes).
    Removing stm32l4xx_hal_smartcard.o(i.SMARTCARD_EndRxTransfer), (30 bytes).
    Removing stm32l4xx_hal_smartcard.o(i.SMARTCARD_EndTransmit_IT), (174 bytes).
    Removing stm32l4xx_hal_smartcard.o(i.SMARTCARD_EndTxTransfer), (30 bytes).
    Removing stm32l4xx_hal_smartcard.o(i.SMARTCARD_RxISR), (112 bytes).
    Removing stm32l4xx_hal_smartcard.o(i.SMARTCARD_SetConfig), (496 bytes).
    Removing stm32l4xx_hal_smartcard.o(i.SMARTCARD_TxISR), (148 bytes).
    Removing stm32l4xx_hal_smartcard.o(i.SMARTCARD_WaitOnFlagUntilTimeout), (104 bytes).
    Removing stm32l4xx_hal_adc.o(.rev16_text), (4 bytes).
    Removing stm32l4xx_hal_adc.o(.revsh_text), (4 bytes).
    Removing stm32l4xx_hal_adc.o(.rrx_text), (6 bytes).
    Removing stm32l4xx_hal_adc.o(i.ADC_ConversionStop), (282 bytes).
    Removing stm32l4xx_hal_adc.o(i.ADC_DMAConvCplt), (146 bytes).
    Removing stm32l4xx_hal_adc.o(i.ADC_DMAError), (30 bytes).
    Removing stm32l4xx_hal_adc.o(i.ADC_DMAHalfConvCplt), (14 bytes).
    Removing stm32l4xx_hal_adc.o(i.ADC_Disable), (136 bytes).
    Removing stm32l4xx_hal_adc.o(i.ADC_Enable), (120 bytes).
    Removing stm32l4xx_hal_adc.o(i.HAL_ADC_AnalogWDGConfig), (800 bytes).
    Removing stm32l4xx_hal_adc.o(i.HAL_ADC_ConfigChannel), (1258 bytes).
    Removing stm32l4xx_hal_adc.o(i.HAL_ADC_ConvCpltCallback), (2 bytes).
    Removing stm32l4xx_hal_adc.o(i.HAL_ADC_ConvHalfCpltCallback), (2 bytes).
    Removing stm32l4xx_hal_adc.o(i.HAL_ADC_DeInit), (464 bytes).
    Removing stm32l4xx_hal_adc.o(i.HAL_ADC_ErrorCallback), (2 bytes).
    Removing stm32l4xx_hal_adc.o(i.HAL_ADC_GetError), (6 bytes).
    Removing stm32l4xx_hal_adc.o(i.HAL_ADC_GetState), (6 bytes).
    Removing stm32l4xx_hal_adc.o(i.HAL_ADC_GetValue), (8 bytes).
    Removing stm32l4xx_hal_adc.o(i.HAL_ADC_IRQHandler), (818 bytes).
    Removing stm32l4xx_hal_adc.o(i.HAL_ADC_Init), (546 bytes).
    Removing stm32l4xx_hal_adc.o(i.HAL_ADC_LevelOutOfWindowCallback), (2 bytes).
    Removing stm32l4xx_hal_adc.o(i.HAL_ADC_MspDeInit), (2 bytes).
    Removing stm32l4xx_hal_adc.o(i.HAL_ADC_MspInit), (2 bytes).
    Removing stm32l4xx_hal_adc.o(i.HAL_ADC_PollForConversion), (304 bytes).
    Removing stm32l4xx_hal_adc.o(i.HAL_ADC_PollForEvent), (240 bytes).
    Removing stm32l4xx_hal_adc.o(i.HAL_ADC_Start), (284 bytes).
    Removing stm32l4xx_hal_adc.o(i.HAL_ADC_Start_DMA), (276 bytes).
    Removing stm32l4xx_hal_adc.o(i.HAL_ADC_Start_IT), (464 bytes).
    Removing stm32l4xx_hal_adc.o(i.HAL_ADC_Stop), (74 bytes).
    Removing stm32l4xx_hal_adc.o(i.HAL_ADC_Stop_DMA), (136 bytes).
    Removing stm32l4xx_hal_adc.o(i.HAL_ADC_Stop_IT), (86 bytes).
    Removing stm32l4xx_hal_adc.o(i.LL_ADC_ConfigAnalogWDThresholds), (30 bytes).
    Removing stm32l4xx_hal_adc.o(i.LL_ADC_Enable), (16 bytes).
    Removing stm32l4xx_hal_adc.o(i.LL_ADC_GetMultimode), (10 bytes).
    Removing stm32l4xx_hal_adc.o(i.LL_ADC_GetOffsetChannel), (18 bytes).
    Removing stm32l4xx_hal_adc.o(i.LL_ADC_INJ_IsConversionOngoing), (10 bytes).
    Removing stm32l4xx_hal_adc.o(i.LL_ADC_IsDisableOngoing), (10 bytes).
    Removing stm32l4xx_hal_adc.o(i.LL_ADC_IsEnabled), (10 bytes).
    Removing stm32l4xx_hal_adc.o(i.LL_ADC_IsInternalRegulatorEnabled), (10 bytes).
    Removing stm32l4xx_hal_adc.o(i.LL_ADC_REG_IsConversionOngoing), (10 bytes).
    Removing stm32l4xx_hal_adc.o(i.LL_ADC_REG_IsTriggerSourceSWStart), (18 bytes).
    Removing stm32l4xx_hal_adc.o(i.LL_ADC_REG_StartConversion), (16 bytes).
    Removing stm32l4xx_hal_adc.o(i.LL_ADC_SetAnalogWDMonitChannels), (48 bytes).
    Removing stm32l4xx_hal_adc.o(i.LL_ADC_SetChannelSamplingTime), (40 bytes).
    Removing stm32l4xx_hal_adc.o(i.LL_ADC_SetCommonPathInternalCh), (12 bytes).
    Removing stm32l4xx_hal_adc.o(i.LL_ADC_SetOffsetState), (22 bytes).
    Removing stm32l4xx_hal_firewall.o(.rev16_text), (4 bytes).
    Removing stm32l4xx_hal_firewall.o(.revsh_text), (4 bytes).
    Removing stm32l4xx_hal_firewall.o(.rrx_text), (6 bytes).
    Removing stm32l4xx_hal_firewall.o(i.HAL_FIREWALL_Config), (204 bytes).
    Removing stm32l4xx_hal_firewall.o(i.HAL_FIREWALL_DisablePreArmFlag), (20 bytes).
    Removing stm32l4xx_hal_firewall.o(i.HAL_FIREWALL_EnableFirewall), (20 bytes).
    Removing stm32l4xx_hal_firewall.o(i.HAL_FIREWALL_EnablePreArmFlag), (20 bytes).
    Removing stm32l4xx_hal_firewall.o(i.HAL_FIREWALL_GetConfig), (144 bytes).
    Removing stm32l4xx_hal_cortex.o(.rev16_text), (4 bytes).
    Removing stm32l4xx_hal_cortex.o(.revsh_text), (4 bytes).
    Removing stm32l4xx_hal_cortex.o(.rrx_text), (6 bytes).
    Removing stm32l4xx_hal_cortex.o(i.HAL_MPU_ConfigRegion), (92 bytes).
    Removing stm32l4xx_hal_cortex.o(i.HAL_MPU_Disable), (28 bytes).
    Removing stm32l4xx_hal_cortex.o(i.HAL_MPU_Enable), (48 bytes).
    Removing stm32l4xx_hal_cortex.o(i.HAL_NVIC_ClearPendingIRQ), (36 bytes).
    Removing stm32l4xx_hal_cortex.o(i.HAL_NVIC_DisableIRQ), (68 bytes).
    Removing stm32l4xx_hal_cortex.o(i.HAL_NVIC_EnableIRQ), (32 bytes).
    Removing stm32l4xx_hal_cortex.o(i.HAL_NVIC_GetActive), (48 bytes).
    Removing stm32l4xx_hal_cortex.o(i.HAL_NVIC_GetPendingIRQ), (48 bytes).
    Removing stm32l4xx_hal_cortex.o(i.HAL_NVIC_GetPriority), (148 bytes).
    Removing stm32l4xx_hal_cortex.o(i.HAL_NVIC_GetPriorityGrouping), (8 bytes).
    Removing stm32l4xx_hal_cortex.o(i.HAL_NVIC_SetPendingIRQ), (36 bytes).
    Removing stm32l4xx_hal_cortex.o(i.HAL_NVIC_SystemReset), (68 bytes).
    Removing stm32l4xx_hal_cortex.o(i.HAL_SYSTICK_CLKSourceConfig), (40 bytes).
    Removing stm32l4xx_hal_cortex.o(i.HAL_SYSTICK_Callback), (2 bytes).
    Removing stm32l4xx_hal_cortex.o(i.HAL_SYSTICK_IRQHandler), (8 bytes).
    Removing stm32l4xx_hal_iwdg.o(.rev16_text), (4 bytes).
    Removing stm32l4xx_hal_iwdg.o(.revsh_text), (4 bytes).
    Removing stm32l4xx_hal_iwdg.o(.rrx_text), (6 bytes).
    Removing stm32l4xx_hal_iwdg.o(i.HAL_IWDG_Init), (98 bytes).
    Removing stm32l4xx_hal_iwdg.o(i.HAL_IWDG_Refresh), (14 bytes).
    Removing stm32l4xx_hal_spi.o(.rev16_text), (4 bytes).
    Removing stm32l4xx_hal_spi.o(.revsh_text), (4 bytes).
    Removing stm32l4xx_hal_spi.o(.rrx_text), (6 bytes).
    Removing stm32l4xx_hal_spi.o(i.HAL_SPI_Abort), (452 bytes).
    Removing stm32l4xx_hal_spi.o(i.HAL_SPI_AbortCpltCallback), (2 bytes).
    Removing stm32l4xx_hal_spi.o(i.HAL_SPI_Abort_IT), (384 bytes).
    Removing stm32l4xx_hal_spi.o(i.HAL_SPI_DMAPause), (50 bytes).
    Removing stm32l4xx_hal_spi.o(i.HAL_SPI_DMAResume), (50 bytes).
    Removing stm32l4xx_hal_spi.o(i.HAL_SPI_DMAStop), (72 bytes).
    Removing stm32l4xx_hal_spi.o(i.HAL_SPI_DeInit), (54 bytes).
    Removing stm32l4xx_hal_spi.o(i.HAL_SPI_ErrorCallback), (2 bytes).
    Removing stm32l4xx_hal_spi.o(i.HAL_SPI_GetError), (6 bytes).
    Removing stm32l4xx_hal_spi.o(i.HAL_SPI_GetState), (8 bytes).
    Removing stm32l4xx_hal_spi.o(i.HAL_SPI_IRQHandler), (348 bytes).
    Removing stm32l4xx_hal_spi.o(i.HAL_SPI_Init), (230 bytes).
    Removing stm32l4xx_hal_spi.o(i.HAL_SPI_MspDeInit), (2 bytes).
    Removing stm32l4xx_hal_spi.o(i.HAL_SPI_MspInit), (2 bytes).
    Removing stm32l4xx_hal_spi.o(i.HAL_SPI_Receive), (648 bytes).
    Removing stm32l4xx_hal_spi.o(i.HAL_SPI_Receive_DMA), (440 bytes).
    Removing stm32l4xx_hal_spi.o(i.HAL_SPI_Receive_IT), (296 bytes).
    Removing stm32l4xx_hal_spi.o(i.HAL_SPI_RxCpltCallback), (2 bytes).
    Removing stm32l4xx_hal_spi.o(i.HAL_SPI_RxHalfCpltCallback), (2 bytes).
    Removing stm32l4xx_hal_spi.o(i.HAL_SPI_Transmit), (540 bytes).
    Removing stm32l4xx_hal_spi.o(i.HAL_SPI_TransmitReceive), (984 bytes).
    Removing stm32l4xx_hal_spi.o(i.HAL_SPI_TransmitReceive_DMA), (596 bytes).
    Removing stm32l4xx_hal_spi.o(i.HAL_SPI_TransmitReceive_IT), (316 bytes).
    Removing stm32l4xx_hal_spi.o(i.HAL_SPI_Transmit_DMA), (360 bytes).
    Removing stm32l4xx_hal_spi.o(i.HAL_SPI_Transmit_IT), (212 bytes).
    Removing stm32l4xx_hal_spi.o(i.HAL_SPI_TxCpltCallback), (2 bytes).
    Removing stm32l4xx_hal_spi.o(i.HAL_SPI_TxHalfCpltCallback), (2 bytes).
    Removing stm32l4xx_hal_spi.o(i.HAL_SPI_TxRxCpltCallback), (2 bytes).
    Removing stm32l4xx_hal_spi.o(i.HAL_SPI_TxRxHalfCpltCallback), (2 bytes).
    Removing stm32l4xx_hal_spi.o(i.SPI_2linesRxISR_16BIT), (80 bytes).
    Removing stm32l4xx_hal_spi.o(i.SPI_2linesRxISR_16BITCRC), (28 bytes).
    Removing stm32l4xx_hal_spi.o(i.SPI_2linesRxISR_8BIT), (144 bytes).
    Removing stm32l4xx_hal_spi.o(i.SPI_2linesRxISR_8BITCRC), (42 bytes).
    Removing stm32l4xx_hal_spi.o(i.SPI_2linesTxISR_16BIT), (90 bytes).
    Removing stm32l4xx_hal_spi.o(i.SPI_2linesTxISR_8BIT), (118 bytes).
    Removing stm32l4xx_hal_spi.o(i.SPI_AbortRx_ISR), (156 bytes).
    Removing stm32l4xx_hal_spi.o(i.SPI_AbortTx_ISR), (264 bytes).
    Removing stm32l4xx_hal_spi.o(i.SPI_CloseRxTx_ISR), (136 bytes).
    Removing stm32l4xx_hal_spi.o(i.SPI_CloseRx_ISR), (102 bytes).
    Removing stm32l4xx_hal_spi.o(i.SPI_CloseTx_ISR), (94 bytes).
    Removing stm32l4xx_hal_spi.o(i.SPI_DMAAbortOnError), (22 bytes).
    Removing stm32l4xx_hal_spi.o(i.SPI_DMAError), (40 bytes).
    Removing stm32l4xx_hal_spi.o(i.SPI_DMAHalfReceiveCplt), (14 bytes).
    Removing stm32l4xx_hal_spi.o(i.SPI_DMAHalfTransmitCplt), (14 bytes).
    Removing stm32l4xx_hal_spi.o(i.SPI_DMAHalfTransmitReceiveCplt), (14 bytes).
    Removing stm32l4xx_hal_spi.o(i.SPI_DMAReceiveCplt), (210 bytes).
    Removing stm32l4xx_hal_spi.o(i.SPI_DMARxAbortCallback), (174 bytes).
    Removing stm32l4xx_hal_spi.o(i.SPI_DMATransmitCplt), (126 bytes).
    Removing stm32l4xx_hal_spi.o(i.SPI_DMATransmitReceiveCplt), (218 bytes).
    Removing stm32l4xx_hal_spi.o(i.SPI_DMATxAbortCallback), (170 bytes).
    Removing stm32l4xx_hal_spi.o(i.SPI_EndRxTransaction), (130 bytes).
    Removing stm32l4xx_hal_spi.o(i.SPI_EndRxTxTransaction), (100 bytes).
    Removing stm32l4xx_hal_spi.o(i.SPI_RxISR_16BIT), (92 bytes).
    Removing stm32l4xx_hal_spi.o(i.SPI_RxISR_16BITCRC), (28 bytes).
    Removing stm32l4xx_hal_spi.o(i.SPI_RxISR_8BIT), (92 bytes).
    Removing stm32l4xx_hal_spi.o(i.SPI_RxISR_8BITCRC), (26 bytes).
    Removing stm32l4xx_hal_spi.o(i.SPI_TxISR_16BIT), (56 bytes).
    Removing stm32l4xx_hal_spi.o(i.SPI_TxISR_8BIT), (56 bytes).
    Removing stm32l4xx_hal_spi.o(i.SPI_WaitFifoStateUntilTimeout), (170 bytes).
    Removing stm32l4xx_hal_spi.o(i.SPI_WaitFlagStateUntilTimeout), (168 bytes).
    Removing stm32l4xx_hal_usart.o(.rev16_text), (4 bytes).
    Removing stm32l4xx_hal_usart.o(.revsh_text), (4 bytes).
    Removing stm32l4xx_hal_usart.o(.rrx_text), (6 bytes).
    Removing stm32l4xx_hal_usart.o(i.HAL_USART_Abort), (186 bytes).
    Removing stm32l4xx_hal_usart.o(i.HAL_USART_AbortCpltCallback), (2 bytes).
    Removing stm32l4xx_hal_usart.o(i.HAL_USART_Abort_IT), (240 bytes).
    Removing stm32l4xx_hal_usart.o(i.HAL_USART_DMAPause), (152 bytes).
    Removing stm32l4xx_hal_usart.o(i.HAL_USART_DMAResume), (122 bytes).
    Removing stm32l4xx_hal_usart.o(i.HAL_USART_DMAStop), (104 bytes).
    Removing stm32l4xx_hal_usart.o(i.HAL_USART_DeInit), (56 bytes).
    Removing stm32l4xx_hal_usart.o(i.HAL_USART_ErrorCallback), (2 bytes).
    Removing stm32l4xx_hal_usart.o(i.HAL_USART_GetError), (6 bytes).
    Removing stm32l4xx_hal_usart.o(i.HAL_USART_GetState), (8 bytes).
    Removing stm32l4xx_hal_usart.o(i.HAL_USART_IRQHandler), (392 bytes).
    Removing stm32l4xx_hal_usart.o(i.HAL_USART_Init), (102 bytes).
    Removing stm32l4xx_hal_usart.o(i.HAL_USART_MspDeInit), (2 bytes).
    Removing stm32l4xx_hal_usart.o(i.HAL_USART_MspInit), (2 bytes).
    Removing stm32l4xx_hal_usart.o(i.HAL_USART_Receive), (306 bytes).
    Removing stm32l4xx_hal_usart.o(i.HAL_USART_Receive_DMA), (264 bytes).
    Removing stm32l4xx_hal_usart.o(i.HAL_USART_Receive_IT), (220 bytes).
    Removing stm32l4xx_hal_usart.o(i.HAL_USART_RxCpltCallback), (2 bytes).
    Removing stm32l4xx_hal_usart.o(i.HAL_USART_RxHalfCpltCallback), (2 bytes).
    Removing stm32l4xx_hal_usart.o(i.HAL_USART_Transmit), (246 bytes).
    Removing stm32l4xx_hal_usart.o(i.HAL_USART_TransmitReceive), (452 bytes).
    Removing stm32l4xx_hal_usart.o(i.HAL_USART_TransmitReceive_DMA), (300 bytes).
    Removing stm32l4xx_hal_usart.o(i.HAL_USART_TransmitReceive_IT), (244 bytes).
    Removing stm32l4xx_hal_usart.o(i.HAL_USART_Transmit_DMA), (180 bytes).
    Removing stm32l4xx_hal_usart.o(i.HAL_USART_Transmit_IT), (120 bytes).
    Removing stm32l4xx_hal_usart.o(i.HAL_USART_TxCpltCallback), (2 bytes).
    Removing stm32l4xx_hal_usart.o(i.HAL_USART_TxHalfCpltCallback), (2 bytes).
    Removing stm32l4xx_hal_usart.o(i.HAL_USART_TxRxCpltCallback), (2 bytes).
    Removing stm32l4xx_hal_usart.o(i.USART_CheckIdleState), (110 bytes).
    Removing stm32l4xx_hal_usart.o(i.USART_DMAAbortOnError), (20 bytes).
    Removing stm32l4xx_hal_usart.o(i.USART_DMAError), (40 bytes).
    Removing stm32l4xx_hal_usart.o(i.USART_DMAReceiveCplt), (122 bytes).
    Removing stm32l4xx_hal_usart.o(i.USART_DMARxAbortCallback), (54 bytes).
    Removing stm32l4xx_hal_usart.o(i.USART_DMARxHalfCplt), (14 bytes).
    Removing stm32l4xx_hal_usart.o(i.USART_DMATransmitCplt), (70 bytes).
    Removing stm32l4xx_hal_usart.o(i.USART_DMATxAbortCallback), (54 bytes).
    Removing stm32l4xx_hal_usart.o(i.USART_DMATxHalfCplt), (14 bytes).
    Removing stm32l4xx_hal_usart.o(i.USART_EndTransfer), (32 bytes).
    Removing stm32l4xx_hal_usart.o(i.USART_EndTransmit_IT), (90 bytes).
    Removing stm32l4xx_hal_usart.o(i.USART_RxISR_16BIT), (140 bytes).
    Removing stm32l4xx_hal_usart.o(i.USART_RxISR_8BIT), (138 bytes).
    Removing stm32l4xx_hal_usart.o(i.USART_SetConfig), (440 bytes).
    Removing stm32l4xx_hal_usart.o(i.USART_TxISR_16BIT), (70 bytes).
    Removing stm32l4xx_hal_usart.o(i.USART_TxISR_8BIT), (64 bytes).
    Removing stm32l4xx_hal_usart.o(i.USART_WaitOnFlagUntilTimeout), (80 bytes).
    Removing stm32l4xx_hal_i2c_ex.o(.rev16_text), (4 bytes).
    Removing stm32l4xx_hal_i2c_ex.o(.revsh_text), (4 bytes).
    Removing stm32l4xx_hal_i2c_ex.o(.rrx_text), (6 bytes).
    Removing stm32l4xx_hal_i2c_ex.o(i.HAL_I2CEx_ConfigAnalogFilter), (106 bytes).
    Removing stm32l4xx_hal_i2c_ex.o(i.HAL_I2CEx_ConfigDigitalFilter), (104 bytes).
    Removing stm32l4xx_hal_i2c_ex.o(i.HAL_I2CEx_DisableFastModePlus), (52 bytes).
    Removing stm32l4xx_hal_i2c_ex.o(i.HAL_I2CEx_DisableWakeUp), (96 bytes).
    Removing stm32l4xx_hal_i2c_ex.o(i.HAL_I2CEx_EnableFastModePlus), (52 bytes).
    Removing stm32l4xx_hal_i2c_ex.o(i.HAL_I2CEx_EnableWakeUp), (96 bytes).
    Removing stm32l4xx_hal_smbus.o(.rev16_text), (4 bytes).
    Removing stm32l4xx_hal_smbus.o(.revsh_text), (4 bytes).
    Removing stm32l4xx_hal_smbus.o(.rrx_text), (6 bytes).
    Removing stm32l4xx_hal_smbus.o(i.HAL_SMBUS_AddrCallback), (2 bytes).
    Removing stm32l4xx_hal_smbus.o(i.HAL_SMBUS_ConfigAnalogFilter), (100 bytes).
    Removing stm32l4xx_hal_smbus.o(i.HAL_SMBUS_ConfigDigitalFilter), (98 bytes).
    Removing stm32l4xx_hal_smbus.o(i.HAL_SMBUS_DeInit), (52 bytes).
    Removing stm32l4xx_hal_smbus.o(i.HAL_SMBUS_DisableAlert_IT), (28 bytes).
    Removing stm32l4xx_hal_smbus.o(i.HAL_SMBUS_DisableListen_IT), (30 bytes).
    Removing stm32l4xx_hal_smbus.o(i.HAL_SMBUS_ER_IRQHandler), (12 bytes).
    Removing stm32l4xx_hal_smbus.o(i.HAL_SMBUS_EV_IRQHandler), (236 bytes).
    Removing stm32l4xx_hal_smbus.o(i.HAL_SMBUS_EnableAlert_IT), (36 bytes).
    Removing stm32l4xx_hal_smbus.o(i.HAL_SMBUS_EnableListen_IT), (20 bytes).
    Removing stm32l4xx_hal_smbus.o(i.HAL_SMBUS_ErrorCallback), (2 bytes).
    Removing stm32l4xx_hal_smbus.o(i.HAL_SMBUS_GetError), (6 bytes).
    Removing stm32l4xx_hal_smbus.o(i.HAL_SMBUS_GetState), (6 bytes).
    Removing stm32l4xx_hal_smbus.o(i.HAL_SMBUS_Init), (252 bytes).
    Removing stm32l4xx_hal_smbus.o(i.HAL_SMBUS_IsDeviceReady), (372 bytes).
    Removing stm32l4xx_hal_smbus.o(i.HAL_SMBUS_ListenCpltCallback), (2 bytes).
    Removing stm32l4xx_hal_smbus.o(i.HAL_SMBUS_MasterRxCpltCallback), (2 bytes).
    Removing stm32l4xx_hal_smbus.o(i.HAL_SMBUS_MasterTxCpltCallback), (2 bytes).
    Removing stm32l4xx_hal_smbus.o(i.HAL_SMBUS_Master_Abort_IT), (126 bytes).
    Removing stm32l4xx_hal_smbus.o(i.HAL_SMBUS_Master_Receive_IT), (240 bytes).
    Removing stm32l4xx_hal_smbus.o(i.HAL_SMBUS_Master_Transmit_IT), (264 bytes).
    Removing stm32l4xx_hal_smbus.o(i.HAL_SMBUS_MspDeInit), (2 bytes).
    Removing stm32l4xx_hal_smbus.o(i.HAL_SMBUS_MspInit), (2 bytes).
    Removing stm32l4xx_hal_smbus.o(i.HAL_SMBUS_SlaveRxCpltCallback), (2 bytes).
    Removing stm32l4xx_hal_smbus.o(i.HAL_SMBUS_SlaveTxCpltCallback), (2 bytes).
    Removing stm32l4xx_hal_smbus.o(i.HAL_SMBUS_Slave_Receive_IT), (204 bytes).
    Removing stm32l4xx_hal_smbus.o(i.HAL_SMBUS_Slave_Transmit_IT), (234 bytes).
    Removing stm32l4xx_hal_smbus.o(i.SMBUS_ConvertOtherXferOptions), (60 bytes).
    Removing stm32l4xx_hal_smbus.o(i.SMBUS_Disable_IRQ), (154 bytes).
    Removing stm32l4xx_hal_smbus.o(i.SMBUS_Enable_IRQ), (66 bytes).
    Removing stm32l4xx_hal_smbus.o(i.SMBUS_ITErrorHandler), (272 bytes).
    Removing stm32l4xx_hal_smbus.o(i.SMBUS_Master_ISR), (676 bytes).
    Removing stm32l4xx_hal_smbus.o(i.SMBUS_Slave_ISR), (672 bytes).
    Removing stm32l4xx_hal_smbus.o(i.SMBUS_TransferConfig), (56 bytes).
    Removing stm32l4xx_hal_smbus.o(i.SMBUS_WaitOnFlagUntilTimeout), (102 bytes).
    Removing stm32l4xx_ll_fmc.o(.rev16_text), (4 bytes).
    Removing stm32l4xx_ll_fmc.o(.revsh_text), (4 bytes).
    Removing stm32l4xx_ll_fmc.o(.rrx_text), (6 bytes).
    Removing stm32l4xx_ll_fmc.o(i.FMC_NAND_AttributeSpace_Timing_Init), (32 bytes).
    Removing stm32l4xx_ll_fmc.o(i.FMC_NAND_CommonSpace_Timing_Init), (32 bytes).
    Removing stm32l4xx_ll_fmc.o(i.FMC_NAND_DeInit), (30 bytes).
    Removing stm32l4xx_ll_fmc.o(i.FMC_NAND_ECC_Disable), (14 bytes).
    Removing stm32l4xx_ll_fmc.o(i.FMC_NAND_ECC_Enable), (14 bytes).
    Removing stm32l4xx_ll_fmc.o(i.FMC_NAND_GetECC), (60 bytes).
    Removing stm32l4xx_ll_fmc.o(i.FMC_NAND_Init), (52 bytes).
    Removing stm32l4xx_ll_fmc.o(i.FMC_NORSRAM_DeInit), (56 bytes).
    Removing stm32l4xx_ll_fmc.o(i.FMC_NORSRAM_Extended_Timing_Init), (68 bytes).
    Removing stm32l4xx_ll_fmc.o(i.FMC_NORSRAM_Init), (144 bytes).
    Removing stm32l4xx_ll_fmc.o(i.FMC_NORSRAM_Timing_Init), (102 bytes).
    Removing stm32l4xx_ll_fmc.o(i.FMC_NORSRAM_WriteOperation_Disable), (18 bytes).
    Removing stm32l4xx_ll_fmc.o(i.FMC_NORSRAM_WriteOperation_Enable), (18 bytes).
    Removing stm32l4xx_hal_dfsdm.o(.rev16_text), (4 bytes).
    Removing stm32l4xx_hal_dfsdm.o(.revsh_text), (4 bytes).
    Removing stm32l4xx_hal_dfsdm.o(.rrx_text), (6 bytes).
    Removing stm32l4xx_hal_dfsdm.o(i.DFSDM_DMAError), (18 bytes).
    Removing stm32l4xx_hal_dfsdm.o(i.DFSDM_DMAInjectedConvCplt), (14 bytes).
    Removing stm32l4xx_hal_dfsdm.o(i.DFSDM_DMAInjectedHalfConvCplt), (14 bytes).
    Removing stm32l4xx_hal_dfsdm.o(i.DFSDM_DMARegularConvCplt), (14 bytes).
    Removing stm32l4xx_hal_dfsdm.o(i.DFSDM_DMARegularHalfConvCplt), (14 bytes).
    Removing stm32l4xx_hal_dfsdm.o(i.DFSDM_GetChannelFromInstance), (92 bytes).
    Removing stm32l4xx_hal_dfsdm.o(i.DFSDM_GetInjChannelsNbr), (24 bytes).
    Removing stm32l4xx_hal_dfsdm.o(i.DFSDM_InjConvStart), (118 bytes).
    Removing stm32l4xx_hal_dfsdm.o(i.DFSDM_InjConvStop), (122 bytes).
    Removing stm32l4xx_hal_dfsdm.o(i.DFSDM_RegConvStart), (114 bytes).
    Removing stm32l4xx_hal_dfsdm.o(i.DFSDM_RegConvStop), (102 bytes).
    Removing stm32l4xx_hal_dfsdm.o(i.HAL_DFSDM_ChannelCkabCallback), (2 bytes).
    Removing stm32l4xx_hal_dfsdm.o(i.HAL_DFSDM_ChannelCkabStart), (116 bytes).
    Removing stm32l4xx_hal_dfsdm.o(i.HAL_DFSDM_ChannelCkabStart_IT), (132 bytes).
    Removing stm32l4xx_hal_dfsdm.o(i.HAL_DFSDM_ChannelCkabStop), (60 bytes).
    Removing stm32l4xx_hal_dfsdm.o(i.HAL_DFSDM_ChannelCkabStop_IT), (80 bytes).
    Removing stm32l4xx_hal_dfsdm.o(i.HAL_DFSDM_ChannelDeInit), (112 bytes).
    Removing stm32l4xx_hal_dfsdm.o(i.HAL_DFSDM_ChannelGetAwdValue), (10 bytes).
    Removing stm32l4xx_hal_dfsdm.o(i.HAL_DFSDM_ChannelGetState), (8 bytes).
    Removing stm32l4xx_hal_dfsdm.o(i.HAL_DFSDM_ChannelInit), (292 bytes).
    Removing stm32l4xx_hal_dfsdm.o(i.HAL_DFSDM_ChannelModifyOffset), (42 bytes).
    Removing stm32l4xx_hal_dfsdm.o(i.HAL_DFSDM_ChannelMspDeInit), (2 bytes).
    Removing stm32l4xx_hal_dfsdm.o(i.HAL_DFSDM_ChannelMspInit), (2 bytes).
    Removing stm32l4xx_hal_dfsdm.o(i.HAL_DFSDM_ChannelPollForCkab), (100 bytes).
    Removing stm32l4xx_hal_dfsdm.o(i.HAL_DFSDM_ChannelPollForScd), (96 bytes).
    Removing stm32l4xx_hal_dfsdm.o(i.HAL_DFSDM_ChannelScdCallback), (2 bytes).
    Removing stm32l4xx_hal_dfsdm.o(i.HAL_DFSDM_ChannelScdStart), (60 bytes).
    Removing stm32l4xx_hal_dfsdm.o(i.HAL_DFSDM_ChannelScdStart_IT), (76 bytes).
    Removing stm32l4xx_hal_dfsdm.o(i.HAL_DFSDM_ChannelScdStop), (60 bytes).
    Removing stm32l4xx_hal_dfsdm.o(i.HAL_DFSDM_ChannelScdStop_IT), (80 bytes).
    Removing stm32l4xx_hal_dfsdm.o(i.HAL_DFSDM_FilterAwdCallback), (2 bytes).
    Removing stm32l4xx_hal_dfsdm.o(i.HAL_DFSDM_FilterAwdStart_IT), (140 bytes).
    Removing stm32l4xx_hal_dfsdm.o(i.HAL_DFSDM_FilterAwdStop_IT), (84 bytes).
    Removing stm32l4xx_hal_dfsdm.o(i.HAL_DFSDM_FilterConfigInjChannel), (60 bytes).
    Removing stm32l4xx_hal_dfsdm.o(i.HAL_DFSDM_FilterConfigRegChannel), (88 bytes).
    Removing stm32l4xx_hal_dfsdm.o(i.HAL_DFSDM_FilterDeInit), (38 bytes).
    Removing stm32l4xx_hal_dfsdm.o(i.HAL_DFSDM_FilterErrorCallback), (2 bytes).
    Removing stm32l4xx_hal_dfsdm.o(i.HAL_DFSDM_FilterExdStart), (52 bytes).
    Removing stm32l4xx_hal_dfsdm.o(i.HAL_DFSDM_FilterExdStop), (54 bytes).
    Removing stm32l4xx_hal_dfsdm.o(i.HAL_DFSDM_FilterGetConvTimeValue), (10 bytes).
    Removing stm32l4xx_hal_dfsdm.o(i.HAL_DFSDM_FilterGetError), (6 bytes).
    Removing stm32l4xx_hal_dfsdm.o(i.HAL_DFSDM_FilterGetExdMaxValue), (34 bytes).
    Removing stm32l4xx_hal_dfsdm.o(i.HAL_DFSDM_FilterGetExdMinValue), (34 bytes).
    Removing stm32l4xx_hal_dfsdm.o(i.HAL_DFSDM_FilterGetInjectedValue), (34 bytes).
    Removing stm32l4xx_hal_dfsdm.o(i.HAL_DFSDM_FilterGetRegularValue), (34 bytes).
    Removing stm32l4xx_hal_dfsdm.o(i.HAL_DFSDM_FilterGetState), (8 bytes).
    Removing stm32l4xx_hal_dfsdm.o(i.HAL_DFSDM_FilterInit), (312 bytes).
    Removing stm32l4xx_hal_dfsdm.o(i.HAL_DFSDM_FilterInjConvCpltCallback), (2 bytes).
    Removing stm32l4xx_hal_dfsdm.o(i.HAL_DFSDM_FilterInjConvHalfCpltCallback), (2 bytes).
    Removing stm32l4xx_hal_dfsdm.o(i.HAL_DFSDM_FilterInjectedMsbStart_DMA), (176 bytes).
    Removing stm32l4xx_hal_dfsdm.o(i.HAL_DFSDM_FilterInjectedStart), (36 bytes).
    Removing stm32l4xx_hal_dfsdm.o(i.HAL_DFSDM_FilterInjectedStart_DMA), (176 bytes).
    Removing stm32l4xx_hal_dfsdm.o(i.HAL_DFSDM_FilterInjectedStart_IT), (48 bytes).
    Removing stm32l4xx_hal_dfsdm.o(i.HAL_DFSDM_FilterInjectedStop), (36 bytes).
    Removing stm32l4xx_hal_dfsdm.o(i.HAL_DFSDM_FilterInjectedStop_DMA), (42 bytes).
    Removing stm32l4xx_hal_dfsdm.o(i.HAL_DFSDM_FilterInjectedStop_IT), (48 bytes).
    Removing stm32l4xx_hal_dfsdm.o(i.HAL_DFSDM_FilterMspDeInit), (2 bytes).
    Removing stm32l4xx_hal_dfsdm.o(i.HAL_DFSDM_FilterMspInit), (2 bytes).
    Removing stm32l4xx_hal_dfsdm.o(i.HAL_DFSDM_FilterPollForInjConversion), (146 bytes).
    Removing stm32l4xx_hal_dfsdm.o(i.HAL_DFSDM_FilterPollForRegConversion), (124 bytes).
    Removing stm32l4xx_hal_dfsdm.o(i.HAL_DFSDM_FilterRegConvCpltCallback), (2 bytes).
    Removing stm32l4xx_hal_dfsdm.o(i.HAL_DFSDM_FilterRegConvHalfCpltCallback), (2 bytes).
    Removing stm32l4xx_hal_dfsdm.o(i.HAL_DFSDM_FilterRegularMsbStart_DMA), (184 bytes).
    Removing stm32l4xx_hal_dfsdm.o(i.HAL_DFSDM_FilterRegularStart), (36 bytes).
    Removing stm32l4xx_hal_dfsdm.o(i.HAL_DFSDM_FilterRegularStart_DMA), (184 bytes).
    Removing stm32l4xx_hal_dfsdm.o(i.HAL_DFSDM_FilterRegularStart_IT), (48 bytes).
    Removing stm32l4xx_hal_dfsdm.o(i.HAL_DFSDM_FilterRegularStop), (36 bytes).
    Removing stm32l4xx_hal_dfsdm.o(i.HAL_DFSDM_FilterRegularStop_DMA), (42 bytes).
    Removing stm32l4xx_hal_dfsdm.o(i.HAL_DFSDM_FilterRegularStop_IT), (48 bytes).
    Removing stm32l4xx_hal_dfsdm.o(i.HAL_DFSDM_IRQHandler), (500 bytes).
    Removing stm32l4xx_hal_dfsdm.o(.bss), (32 bytes).
    Removing stm32l4xx_hal_dfsdm.o(.data), (4 bytes).
    Removing stm32l4xx_hal_rtc.o(.rev16_text), (4 bytes).
    Removing stm32l4xx_hal_rtc.o(.revsh_text), (4 bytes).
    Removing stm32l4xx_hal_rtc.o(.rrx_text), (6 bytes).
    Removing stm32l4xx_hal_rtc.o(i.HAL_RTC_AlarmAEventCallback), (2 bytes).
    Removing stm32l4xx_hal_rtc.o(i.HAL_RTC_AlarmIRQHandler), (108 bytes).
    Removing stm32l4xx_hal_rtc.o(i.HAL_RTC_DeInit), (164 bytes).
    Removing stm32l4xx_hal_rtc.o(i.HAL_RTC_DeactivateAlarm), (262 bytes).
    Removing stm32l4xx_hal_rtc.o(i.HAL_RTC_GetAlarm), (196 bytes).
    Removing stm32l4xx_hal_rtc.o(i.HAL_RTC_GetDate), (76 bytes).
    Removing stm32l4xx_hal_rtc.o(i.HAL_RTC_GetState), (8 bytes).
    Removing stm32l4xx_hal_rtc.o(i.HAL_RTC_GetTime), (92 bytes).
    Removing stm32l4xx_hal_rtc.o(i.HAL_RTC_Init), (176 bytes).
    Removing stm32l4xx_hal_rtc.o(i.HAL_RTC_MspDeInit), (2 bytes).
    Removing stm32l4xx_hal_rtc.o(i.HAL_RTC_MspInit), (2 bytes).
    Removing stm32l4xx_hal_rtc.o(i.HAL_RTC_PollForAlarmAEvent), (76 bytes).
    Removing stm32l4xx_hal_rtc.o(i.HAL_RTC_SetAlarm), (502 bytes).
    Removing stm32l4xx_hal_rtc.o(i.HAL_RTC_SetAlarm_IT), (536 bytes).
    Removing stm32l4xx_hal_rtc.o(i.HAL_RTC_SetDate), (204 bytes).
    Removing stm32l4xx_hal_rtc.o(i.HAL_RTC_SetTime), (248 bytes).
    Removing stm32l4xx_hal_rtc.o(i.HAL_RTC_WaitForSynchro), (56 bytes).
    Removing stm32l4xx_hal_rtc.o(i.RTC_Bcd2ToByte), (20 bytes).
    Removing stm32l4xx_hal_rtc.o(i.RTC_ByteToBcd2), (28 bytes).
    Removing stm32l4xx_hal_rtc.o(i.RTC_EnterInitMode), (68 bytes).
    Removing stm32l4xx_hal_rtc.o(i.RTC_ExitInitMode), (104 bytes).
    Removing startup_stm32l476xx.o(HEAP), (512 bytes).

1771 unused section(s) (total 172820 bytes) removed from the image.

==============================================================================

Image Symbol Table

    Local Symbols

    Symbol Name                              Value     Ov Type        Size  Object(Section)

    ../clib/microlib/division.c              0x00000000   Number         0  uldiv.o ABSOLUTE
    ../clib/microlib/init/entry.s            0x00000000   Number         0  entry7a.o ABSOLUTE
    ../clib/microlib/init/entry.s            0x00000000   Number         0  entry11a.o ABSOLUTE
    ../clib/microlib/init/entry.s            0x00000000   Number         0  entry2.o ABSOLUTE
    ../clib/microlib/init/entry.s            0x00000000   Number         0  entry11b.o ABSOLUTE
    ../clib/microlib/init/entry.s            0x00000000   Number         0  entry.o ABSOLUTE
    ../clib/microlib/init/entry.s            0x00000000   Number         0  entry5.o ABSOLUTE
    ../clib/microlib/init/entry.s            0x00000000   Number         0  entry10b.o ABSOLUTE
    ../clib/microlib/init/entry.s            0x00000000   Number         0  entry10a.o ABSOLUTE
    ../clib/microlib/init/entry.s            0x00000000   Number         0  entry9b.o ABSOLUTE
    ../clib/microlib/init/entry.s            0x00000000   Number         0  entry9a.o ABSOLUTE
    ../clib/microlib/init/entry.s            0x00000000   Number         0  entry8b.o ABSOLUTE
    ../clib/microlib/init/entry.s            0x00000000   Number         0  entry8a.o ABSOLUTE
    ../clib/microlib/init/entry.s            0x00000000   Number         0  entry7b.o ABSOLUTE
    ../clib/microlib/longlong.c              0x00000000   Number         0  llshl.o ABSOLUTE
    ../clib/microlib/longlong.c              0x00000000   Number         0  llushr.o ABSOLUTE
    ../clib/microlib/string/memcpy.c         0x00000000   Number         0  memcpyb.o ABSOLUTE
    ../clib/microlib/string/memcpy.c         0x00000000   Number         0  memcpya.o ABSOLUTE
    ../clib/microlib/string/memset.c         0x00000000   Number         0  memseta.o ABSOLUTE
    ..\Src\fputc_debug.c                     0x00000000   Number         0  fputc_debug.o ABSOLUTE
    ..\Src\main.c                            0x00000000   Number         0  main.o ABSOLUTE
    ..\Src\rwflash.c                         0x00000000   Number         0  rwflash.o ABSOLUTE
    ..\Src\stm32l4xx_it.c                    0x00000000   Number         0  stm32l4xx_it.o ABSOLUTE
    ..\Src\system_stm32l4xx.c                0x00000000   Number         0  system_stm32l4xx.o ABSOLUTE
    ..\\Src\\fputc_debug.c                   0x00000000   Number         0  fputc_debug.o ABSOLUTE
    ..\\Src\\main.c                          0x00000000   Number         0  main.o ABSOLUTE
    ..\\Src\\rwflash.c                       0x00000000   Number         0  rwflash.o ABSOLUTE
    ..\\Src\\stm32l4xx_it.c                  0x00000000   Number         0  stm32l4xx_it.o ABSOLUTE
    ..\\Src\\system_stm32l4xx.c              0x00000000   Number         0  system_stm32l4xx.o ABSOLUTE
    P:\Drivers\BSP\STM32L4xx_Nucleo\stm32l4xx_nucleo.c 0x00000000   Number         0  stm32l4xx_nucleo.o ABSOLUTE
    P:\Drivers\STM32L4xx_HAL_Driver\Src\stm32l4xx_hal.c 0x00000000   Number         0  stm32l4xx_hal.o ABSOLUTE
    P:\Drivers\STM32L4xx_HAL_Driver\Src\stm32l4xx_hal_adc.c 0x00000000   Number         0  stm32l4xx_hal_adc.o ABSOLUTE
    P:\Drivers\STM32L4xx_HAL_Driver\Src\stm32l4xx_hal_adc_ex.c 0x00000000   Number         0  stm32l4xx_hal_adc_ex.o ABSOLUTE
    P:\Drivers\STM32L4xx_HAL_Driver\Src\stm32l4xx_hal_can.c 0x00000000   Number         0  stm32l4xx_hal_can.o ABSOLUTE
    P:\Drivers\STM32L4xx_HAL_Driver\Src\stm32l4xx_hal_comp.c 0x00000000   Number         0  stm32l4xx_hal_comp.o ABSOLUTE
    P:\Drivers\STM32L4xx_HAL_Driver\Src\stm32l4xx_hal_cortex.c 0x00000000   Number         0  stm32l4xx_hal_cortex.o ABSOLUTE
    P:\Drivers\STM32L4xx_HAL_Driver\Src\stm32l4xx_hal_crc.c 0x00000000   Number         0  stm32l4xx_hal_crc.o ABSOLUTE
    P:\Drivers\STM32L4xx_HAL_Driver\Src\stm32l4xx_hal_crc_ex.c 0x00000000   Number         0  stm32l4xx_hal_crc_ex.o ABSOLUTE
    P:\Drivers\STM32L4xx_HAL_Driver\Src\stm32l4xx_hal_cryp.c 0x00000000   Number         0  stm32l4xx_hal_cryp.o ABSOLUTE
    P:\Drivers\STM32L4xx_HAL_Driver\Src\stm32l4xx_hal_cryp_ex.c 0x00000000   Number         0  stm32l4xx_hal_cryp_ex.o ABSOLUTE
    P:\Drivers\STM32L4xx_HAL_Driver\Src\stm32l4xx_hal_dac.c 0x00000000   Number         0  stm32l4xx_hal_dac.o ABSOLUTE
    P:\Drivers\STM32L4xx_HAL_Driver\Src\stm32l4xx_hal_dac_ex.c 0x00000000   Number         0  stm32l4xx_hal_dac_ex.o ABSOLUTE
    P:\Drivers\STM32L4xx_HAL_Driver\Src\stm32l4xx_hal_dfsdm.c 0x00000000   Number         0  stm32l4xx_hal_dfsdm.o ABSOLUTE
    P:\Drivers\STM32L4xx_HAL_Driver\Src\stm32l4xx_hal_dma.c 0x00000000   Number         0  stm32l4xx_hal_dma.o ABSOLUTE
    P:\Drivers\STM32L4xx_HAL_Driver\Src\stm32l4xx_hal_firewall.c 0x00000000   Number         0  stm32l4xx_hal_firewall.o ABSOLUTE
    P:\Drivers\STM32L4xx_HAL_Driver\Src\stm32l4xx_hal_flash.c 0x00000000   Number         0  stm32l4xx_hal_flash.o ABSOLUTE
    P:\Drivers\STM32L4xx_HAL_Driver\Src\stm32l4xx_hal_flash_ex.c 0x00000000   Number         0  stm32l4xx_hal_flash_ex.o ABSOLUTE
    P:\Drivers\STM32L4xx_HAL_Driver\Src\stm32l4xx_hal_flash_ramfunc.c 0x00000000   Number         0  stm32l4xx_hal_flash_ramfunc.o ABSOLUTE
    P:\Drivers\STM32L4xx_HAL_Driver\Src\stm32l4xx_hal_gpio.c 0x00000000   Number         0  stm32l4xx_hal_gpio.o ABSOLUTE
    P:\Drivers\STM32L4xx_HAL_Driver\Src\stm32l4xx_hal_hcd.c 0x00000000   Number         0  stm32l4xx_hal_hcd.o ABSOLUTE
    P:\Drivers\STM32L4xx_HAL_Driver\Src\stm32l4xx_hal_i2c.c 0x00000000   Number         0  stm32l4xx_hal_i2c.o ABSOLUTE
    P:\Drivers\STM32L4xx_HAL_Driver\Src\stm32l4xx_hal_i2c_ex.c 0x00000000   Number         0  stm32l4xx_hal_i2c_ex.o ABSOLUTE
    P:\Drivers\STM32L4xx_HAL_Driver\Src\stm32l4xx_hal_irda.c 0x00000000   Number         0  stm32l4xx_hal_irda.o ABSOLUTE
    P:\Drivers\STM32L4xx_HAL_Driver\Src\stm32l4xx_hal_iwdg.c 0x00000000   Number         0  stm32l4xx_hal_iwdg.o ABSOLUTE
    P:\Drivers\STM32L4xx_HAL_Driver\Src\stm32l4xx_hal_lcd.c 0x00000000   Number         0  stm32l4xx_hal_lcd.o ABSOLUTE
    P:\Drivers\STM32L4xx_HAL_Driver\Src\stm32l4xx_hal_lptim.c 0x00000000   Number         0  stm32l4xx_hal_lptim.o ABSOLUTE
    P:\Drivers\STM32L4xx_HAL_Driver\Src\stm32l4xx_hal_nand.c 0x00000000   Number         0  stm32l4xx_hal_nand.o ABSOLUTE
    P:\Drivers\STM32L4xx_HAL_Driver\Src\stm32l4xx_hal_nor.c 0x00000000   Number         0  stm32l4xx_hal_nor.o ABSOLUTE
    P:\Drivers\STM32L4xx_HAL_Driver\Src\stm32l4xx_hal_opamp.c 0x00000000   Number         0  stm32l4xx_hal_opamp.o ABSOLUTE
    P:\Drivers\STM32L4xx_HAL_Driver\Src\stm32l4xx_hal_opamp_ex.c 0x00000000   Number         0  stm32l4xx_hal_opamp_ex.o ABSOLUTE
    P:\Drivers\STM32L4xx_HAL_Driver\Src\stm32l4xx_hal_pcd.c 0x00000000   Number         0  stm32l4xx_hal_pcd.o ABSOLUTE
    P:\Drivers\STM32L4xx_HAL_Driver\Src\stm32l4xx_hal_pcd_ex.c 0x00000000   Number         0  stm32l4xx_hal_pcd_ex.o ABSOLUTE
    P:\Drivers\STM32L4xx_HAL_Driver\Src\stm32l4xx_hal_pwr.c 0x00000000   Number         0  stm32l4xx_hal_pwr.o ABSOLUTE
    P:\Drivers\STM32L4xx_HAL_Driver\Src\stm32l4xx_hal_pwr_ex.c 0x00000000   Number         0  stm32l4xx_hal_pwr_ex.o ABSOLUTE
    P:\Drivers\STM32L4xx_HAL_Driver\Src\stm32l4xx_hal_qspi.c 0x00000000   Number         0  stm32l4xx_hal_qspi.o ABSOLUTE
    P:\Drivers\STM32L4xx_HAL_Driver\Src\stm32l4xx_hal_rcc.c 0x00000000   Number         0  stm32l4xx_hal_rcc.o ABSOLUTE
    P:\Drivers\STM32L4xx_HAL_Driver\Src\stm32l4xx_hal_rcc_ex.c 0x00000000   Number         0  stm32l4xx_hal_rcc_ex.o ABSOLUTE
    P:\Drivers\STM32L4xx_HAL_Driver\Src\stm32l4xx_hal_rng.c 0x00000000   Number         0  stm32l4xx_hal_rng.o ABSOLUTE
    P:\Drivers\STM32L4xx_HAL_Driver\Src\stm32l4xx_hal_rtc.c 0x00000000   Number         0  stm32l4xx_hal_rtc.o ABSOLUTE
    P:\Drivers\STM32L4xx_HAL_Driver\Src\stm32l4xx_hal_rtc_ex.c 0x00000000   Number         0  stm32l4xx_hal_rtc_ex.o ABSOLUTE
    P:\Drivers\STM32L4xx_HAL_Driver\Src\stm32l4xx_hal_sai.c 0x00000000   Number         0  stm32l4xx_hal_sai.o ABSOLUTE
    P:\Drivers\STM32L4xx_HAL_Driver\Src\stm32l4xx_hal_sd.c 0x00000000   Number         0  stm32l4xx_hal_sd.o ABSOLUTE
    P:\Drivers\STM32L4xx_HAL_Driver\Src\stm32l4xx_hal_smartcard.c 0x00000000   Number         0  stm32l4xx_hal_smartcard.o ABSOLUTE
    P:\Drivers\STM32L4xx_HAL_Driver\Src\stm32l4xx_hal_smartcard_ex.c 0x00000000   Number         0  stm32l4xx_hal_smartcard_ex.o ABSOLUTE
    P:\Drivers\STM32L4xx_HAL_Driver\Src\stm32l4xx_hal_smbus.c 0x00000000   Number         0  stm32l4xx_hal_smbus.o ABSOLUTE
    P:\Drivers\STM32L4xx_HAL_Driver\Src\stm32l4xx_hal_spi.c 0x00000000   Number         0  stm32l4xx_hal_spi.o ABSOLUTE
    P:\Drivers\STM32L4xx_HAL_Driver\Src\stm32l4xx_hal_spi_ex.c 0x00000000   Number         0  stm32l4xx_hal_spi_ex.o ABSOLUTE
    P:\Drivers\STM32L4xx_HAL_Driver\Src\stm32l4xx_hal_sram.c 0x00000000   Number         0  stm32l4xx_hal_sram.o ABSOLUTE
    P:\Drivers\STM32L4xx_HAL_Driver\Src\stm32l4xx_hal_swpmi.c 0x00000000   Number         0  stm32l4xx_hal_swpmi.o ABSOLUTE
    P:\Drivers\STM32L4xx_HAL_Driver\Src\stm32l4xx_hal_tim.c 0x00000000   Number         0  stm32l4xx_hal_tim.o ABSOLUTE
    P:\Drivers\STM32L4xx_HAL_Driver\Src\stm32l4xx_hal_tim_ex.c 0x00000000   Number         0  stm32l4xx_hal_tim_ex.o ABSOLUTE
    P:\Drivers\STM32L4xx_HAL_Driver\Src\stm32l4xx_hal_tsc.c 0x00000000   Number         0  stm32l4xx_hal_tsc.o ABSOLUTE
    P:\Drivers\STM32L4xx_HAL_Driver\Src\stm32l4xx_hal_uart.c 0x00000000   Number         0  stm32l4xx_hal_uart.o ABSOLUTE
    P:\Drivers\STM32L4xx_HAL_Driver\Src\stm32l4xx_hal_uart_ex.c 0x00000000   Number         0  stm32l4xx_hal_uart_ex.o ABSOLUTE
    P:\Drivers\STM32L4xx_HAL_Driver\Src\stm32l4xx_hal_usart.c 0x00000000   Number         0  stm32l4xx_hal_usart.o ABSOLUTE
    P:\Drivers\STM32L4xx_HAL_Driver\Src\stm32l4xx_hal_wwdg.c 0x00000000   Number         0  stm32l4xx_hal_wwdg.o ABSOLUTE
    P:\Drivers\STM32L4xx_HAL_Driver\Src\stm32l4xx_ll_fmc.c 0x00000000   Number         0  stm32l4xx_ll_fmc.o ABSOLUTE
    P:\Drivers\STM32L4xx_HAL_Driver\Src\stm32l4xx_ll_sdmmc.c 0x00000000   Number         0  stm32l4xx_ll_sdmmc.o ABSOLUTE
    P:\Drivers\STM32L4xx_HAL_Driver\Src\stm32l4xx_ll_usb.c 0x00000000   Number         0  stm32l4xx_ll_usb.o ABSOLUTE
    P:\\Drivers\\BSP\\STM32L4xx_Nucleo\\stm32l4xx_nucleo.c 0x00000000   Number         0  stm32l4xx_nucleo.o ABSOLUTE
    P:\\Drivers\\STM32L4xx_HAL_Driver\\Src\\stm32l4xx_hal.c 0x00000000   Number         0  stm32l4xx_hal.o ABSOLUTE
    P:\\Drivers\\STM32L4xx_HAL_Driver\\Src\\stm32l4xx_hal_adc.c 0x00000000   Number         0  stm32l4xx_hal_adc.o ABSOLUTE
    P:\\Drivers\\STM32L4xx_HAL_Driver\\Src\\stm32l4xx_hal_adc_ex.c 0x00000000   Number         0  stm32l4xx_hal_adc_ex.o ABSOLUTE
    P:\\Drivers\\STM32L4xx_HAL_Driver\\Src\\stm32l4xx_hal_can.c 0x00000000   Number         0  stm32l4xx_hal_can.o ABSOLUTE
    P:\\Drivers\\STM32L4xx_HAL_Driver\\Src\\stm32l4xx_hal_comp.c 0x00000000   Number         0  stm32l4xx_hal_comp.o ABSOLUTE
    P:\\Drivers\\STM32L4xx_HAL_Driver\\Src\\stm32l4xx_hal_cortex.c 0x00000000   Number         0  stm32l4xx_hal_cortex.o ABSOLUTE
    P:\\Drivers\\STM32L4xx_HAL_Driver\\Src\\stm32l4xx_hal_crc.c 0x00000000   Number         0  stm32l4xx_hal_crc.o ABSOLUTE
    P:\\Drivers\\STM32L4xx_HAL_Driver\\Src\\stm32l4xx_hal_crc_ex.c 0x00000000   Number         0  stm32l4xx_hal_crc_ex.o ABSOLUTE
    P:\\Drivers\\STM32L4xx_HAL_Driver\\Src\\stm32l4xx_hal_cryp.c 0x00000000   Number         0  stm32l4xx_hal_cryp.o ABSOLUTE
    P:\\Drivers\\STM32L4xx_HAL_Driver\\Src\\stm32l4xx_hal_cryp_ex.c 0x00000000   Number         0  stm32l4xx_hal_cryp_ex.o ABSOLUTE
    P:\\Drivers\\STM32L4xx_HAL_Driver\\Src\\stm32l4xx_hal_dac.c 0x00000000   Number         0  stm32l4xx_hal_dac.o ABSOLUTE
    P:\\Drivers\\STM32L4xx_HAL_Driver\\Src\\stm32l4xx_hal_dac_ex.c 0x00000000   Number         0  stm32l4xx_hal_dac_ex.o ABSOLUTE
    P:\\Drivers\\STM32L4xx_HAL_Driver\\Src\\stm32l4xx_hal_dfsdm.c 0x00000000   Number         0  stm32l4xx_hal_dfsdm.o ABSOLUTE
    P:\\Drivers\\STM32L4xx_HAL_Driver\\Src\\stm32l4xx_hal_dma.c 0x00000000   Number         0  stm32l4xx_hal_dma.o ABSOLUTE
    P:\\Drivers\\STM32L4xx_HAL_Driver\\Src\\stm32l4xx_hal_firewall.c 0x00000000   Number         0  stm32l4xx_hal_firewall.o ABSOLUTE
    P:\\Drivers\\STM32L4xx_HAL_Driver\\Src\\stm32l4xx_hal_flash.c 0x00000000   Number         0  stm32l4xx_hal_flash.o ABSOLUTE
    P:\\Drivers\\STM32L4xx_HAL_Driver\\Src\\stm32l4xx_hal_flash_ex.c 0x00000000   Number         0  stm32l4xx_hal_flash_ex.o ABSOLUTE
    P:\\Drivers\\STM32L4xx_HAL_Driver\\Src\\stm32l4xx_hal_flash_ramfunc.c 0x00000000   Number         0  stm32l4xx_hal_flash_ramfunc.o ABSOLUTE
    P:\\Drivers\\STM32L4xx_HAL_Driver\\Src\\stm32l4xx_hal_gpio.c 0x00000000   Number         0  stm32l4xx_hal_gpio.o ABSOLUTE
    P:\\Drivers\\STM32L4xx_HAL_Driver\\Src\\stm32l4xx_hal_hcd.c 0x00000000   Number         0  stm32l4xx_hal_hcd.o ABSOLUTE
    P:\\Drivers\\STM32L4xx_HAL_Driver\\Src\\stm32l4xx_hal_i2c.c 0x00000000   Number         0  stm32l4xx_hal_i2c.o ABSOLUTE
    P:\\Drivers\\STM32L4xx_HAL_Driver\\Src\\stm32l4xx_hal_i2c_ex.c 0x00000000   Number         0  stm32l4xx_hal_i2c_ex.o ABSOLUTE
    P:\\Drivers\\STM32L4xx_HAL_Driver\\Src\\stm32l4xx_hal_irda.c 0x00000000   Number         0  stm32l4xx_hal_irda.o ABSOLUTE
    P:\\Drivers\\STM32L4xx_HAL_Driver\\Src\\stm32l4xx_hal_iwdg.c 0x00000000   Number         0  stm32l4xx_hal_iwdg.o ABSOLUTE
    P:\\Drivers\\STM32L4xx_HAL_Driver\\Src\\stm32l4xx_hal_lcd.c 0x00000000   Number         0  stm32l4xx_hal_lcd.o ABSOLUTE
    P:\\Drivers\\STM32L4xx_HAL_Driver\\Src\\stm32l4xx_hal_lptim.c 0x00000000   Number         0  stm32l4xx_hal_lptim.o ABSOLUTE
    P:\\Drivers\\STM32L4xx_HAL_Driver\\Src\\stm32l4xx_hal_nand.c 0x00000000   Number         0  stm32l4xx_hal_nand.o ABSOLUTE
    P:\\Drivers\\STM32L4xx_HAL_Driver\\Src\\stm32l4xx_hal_nor.c 0x00000000   Number         0  stm32l4xx_hal_nor.o ABSOLUTE
    P:\\Drivers\\STM32L4xx_HAL_Driver\\Src\\stm32l4xx_hal_opamp.c 0x00000000   Number         0  stm32l4xx_hal_opamp.o ABSOLUTE
    P:\\Drivers\\STM32L4xx_HAL_Driver\\Src\\stm32l4xx_hal_opamp_ex.c 0x00000000   Number         0  stm32l4xx_hal_opamp_ex.o ABSOLUTE
    P:\\Drivers\\STM32L4xx_HAL_Driver\\Src\\stm32l4xx_hal_pcd.c 0x00000000   Number         0  stm32l4xx_hal_pcd.o ABSOLUTE
    P:\\Drivers\\STM32L4xx_HAL_Driver\\Src\\stm32l4xx_hal_pcd_ex.c 0x00000000   Number         0  stm32l4xx_hal_pcd_ex.o ABSOLUTE
    P:\\Drivers\\STM32L4xx_HAL_Driver\\Src\\stm32l4xx_hal_pwr.c 0x00000000   Number         0  stm32l4xx_hal_pwr.o ABSOLUTE
    P:\\Drivers\\STM32L4xx_HAL_Driver\\Src\\stm32l4xx_hal_pwr_ex.c 0x00000000   Number         0  stm32l4xx_hal_pwr_ex.o ABSOLUTE
    P:\\Drivers\\STM32L4xx_HAL_Driver\\Src\\stm32l4xx_hal_qspi.c 0x00000000   Number         0  stm32l4xx_hal_qspi.o ABSOLUTE
    P:\\Drivers\\STM32L4xx_HAL_Driver\\Src\\stm32l4xx_hal_rcc.c 0x00000000   Number         0  stm32l4xx_hal_rcc.o ABSOLUTE
    P:\\Drivers\\STM32L4xx_HAL_Driver\\Src\\stm32l4xx_hal_rcc_ex.c 0x00000000   Number         0  stm32l4xx_hal_rcc_ex.o ABSOLUTE
    P:\\Drivers\\STM32L4xx_HAL_Driver\\Src\\stm32l4xx_hal_rng.c 0x00000000   Number         0  stm32l4xx_hal_rng.o ABSOLUTE
    P:\\Drivers\\STM32L4xx_HAL_Driver\\Src\\stm32l4xx_hal_rtc.c 0x00000000   Number         0  stm32l4xx_hal_rtc.o ABSOLUTE
    P:\\Drivers\\STM32L4xx_HAL_Driver\\Src\\stm32l4xx_hal_rtc_ex.c 0x00000000   Number         0  stm32l4xx_hal_rtc_ex.o ABSOLUTE
    P:\\Drivers\\STM32L4xx_HAL_Driver\\Src\\stm32l4xx_hal_sai.c 0x00000000   Number         0  stm32l4xx_hal_sai.o ABSOLUTE
    P:\\Drivers\\STM32L4xx_HAL_Driver\\Src\\stm32l4xx_hal_sd.c 0x00000000   Number         0  stm32l4xx_hal_sd.o ABSOLUTE
    P:\\Drivers\\STM32L4xx_HAL_Driver\\Src\\stm32l4xx_hal_smartcard.c 0x00000000   Number         0  stm32l4xx_hal_smartcard.o ABSOLUTE
    P:\\Drivers\\STM32L4xx_HAL_Driver\\Src\\stm32l4xx_hal_smartcard_ex.c 0x00000000   Number         0  stm32l4xx_hal_smartcard_ex.o ABSOLUTE
    P:\\Drivers\\STM32L4xx_HAL_Driver\\Src\\stm32l4xx_hal_smbus.c 0x00000000   Number         0  stm32l4xx_hal_smbus.o ABSOLUTE
    P:\\Drivers\\STM32L4xx_HAL_Driver\\Src\\stm32l4xx_hal_spi.c 0x00000000   Number         0  stm32l4xx_hal_spi.o ABSOLUTE
    P:\\Drivers\\STM32L4xx_HAL_Driver\\Src\\stm32l4xx_hal_spi_ex.c 0x00000000   Number         0  stm32l4xx_hal_spi_ex.o ABSOLUTE
    P:\\Drivers\\STM32L4xx_HAL_Driver\\Src\\stm32l4xx_hal_sram.c 0x00000000   Number         0  stm32l4xx_hal_sram.o ABSOLUTE
    P:\\Drivers\\STM32L4xx_HAL_Driver\\Src\\stm32l4xx_hal_swpmi.c 0x00000000   Number         0  stm32l4xx_hal_swpmi.o ABSOLUTE
    P:\\Drivers\\STM32L4xx_HAL_Driver\\Src\\stm32l4xx_hal_tim.c 0x00000000   Number         0  stm32l4xx_hal_tim.o ABSOLUTE
    P:\\Drivers\\STM32L4xx_HAL_Driver\\Src\\stm32l4xx_hal_tim_ex.c 0x00000000   Number         0  stm32l4xx_hal_tim_ex.o ABSOLUTE
    P:\\Drivers\\STM32L4xx_HAL_Driver\\Src\\stm32l4xx_hal_tsc.c 0x00000000   Number         0  stm32l4xx_hal_tsc.o ABSOLUTE
    P:\\Drivers\\STM32L4xx_HAL_Driver\\Src\\stm32l4xx_hal_uart.c 0x00000000   Number         0  stm32l4xx_hal_uart.o ABSOLUTE
    P:\\Drivers\\STM32L4xx_HAL_Driver\\Src\\stm32l4xx_hal_uart_ex.c 0x00000000   Number         0  stm32l4xx_hal_uart_ex.o ABSOLUTE
    P:\\Drivers\\STM32L4xx_HAL_Driver\\Src\\stm32l4xx_hal_usart.c 0x00000000   Number         0  stm32l4xx_hal_usart.o ABSOLUTE
    P:\\Drivers\\STM32L4xx_HAL_Driver\\Src\\stm32l4xx_hal_wwdg.c 0x00000000   Number         0  stm32l4xx_hal_wwdg.o ABSOLUTE
    P:\\Drivers\\STM32L4xx_HAL_Driver\\Src\\stm32l4xx_ll_fmc.c 0x00000000   Number         0  stm32l4xx_ll_fmc.o ABSOLUTE
    P:\\Drivers\\STM32L4xx_HAL_Driver\\Src\\stm32l4xx_ll_sdmmc.c 0x00000000   Number         0  stm32l4xx_ll_sdmmc.o ABSOLUTE
    P:\\Drivers\\STM32L4xx_HAL_Driver\\Src\\stm32l4xx_ll_usb.c 0x00000000   Number         0  stm32l4xx_ll_usb.o ABSOLUTE
    dc.s                                     0x00000000   Number         0  dc.o ABSOLUTE
    handlers.s                               0x00000000   Number         0  handlers.o ABSOLUTE
    init.s                                   0x00000000   Number         0  init.o ABSOLUTE
    startup_stm32l476xx.s                    0x00000000   Number         0  startup_stm32l476xx.o ABSOLUTE
    RESET                                    0x08000000   Section      392  startup_stm32l476xx.o(RESET)
    .ARM.Collect$$$$00000000                 0x08000188   Section        0  entry.o(.ARM.Collect$$$$00000000)
    .ARM.Collect$$$$00000001                 0x08000188   Section        4  entry2.o(.ARM.Collect$$$$00000001)
    .ARM.Collect$$$$00000004                 0x0800018c   Section        4  entry5.o(.ARM.Collect$$$$00000004)
    .ARM.Collect$$$$00000008                 0x08000190   Section        0  entry7b.o(.ARM.Collect$$$$00000008)
    .ARM.Collect$$$$0000000A                 0x08000190   Section        0  entry8b.o(.ARM.Collect$$$$0000000A)
    .ARM.Collect$$$$0000000B                 0x08000190   Section        8  entry9a.o(.ARM.Collect$$$$0000000B)
    .ARM.Collect$$$$0000000D                 0x08000198   Section        0  entry10a.o(.ARM.Collect$$$$0000000D)
    .ARM.Collect$$$$0000000F                 0x08000198   Section        0  entry11a.o(.ARM.Collect$$$$0000000F)
    .ARM.Collect$$$$00002712                 0x08000198   Section        4  entry2.o(.ARM.Collect$$$$00002712)
    __lit__00000000                          0x08000198   Data           4  entry2.o(.ARM.Collect$$$$00002712)
    .text                                    0x0800019c   Section       36  startup_stm32l476xx.o(.text)
    $v0                                      0x0800019c   Number         0  startup_stm32l476xx.o(.text)
    .text                                    0x080001c0   Section       36  init.o(.text)
    i.BusFault_Handler                       0x080001e4   Section        0  stm32l4xx_it.o(i.BusFault_Handler)
    i.DebugMon_Handler                       0x080001e8   Section        0  stm32l4xx_it.o(i.DebugMon_Handler)
    i.FLASH_FlushCaches                      0x080001ec   Section        0  stm32l4xx_hal_flash_ex.o(i.FLASH_FlushCaches)
    i.FLASH_MassErase                        0x08000258   Section        0  stm32l4xx_hal_flash_ex.o(i.FLASH_MassErase)
    FLASH_MassErase                          0x08000259   Thumb Code    50  stm32l4xx_hal_flash_ex.o(i.FLASH_MassErase)
    i.FLASH_PageErase                        0x08000290   Section        0  stm32l4xx_hal_flash_ex.o(i.FLASH_PageErase)
    i.FLASH_Program_DoubleWord               0x080002d8   Section        0  stm32l4xx_hal_flash.o(i.FLASH_Program_DoubleWord)
    FLASH_Program_DoubleWord                 0x080002d9   Thumb Code    36  stm32l4xx_hal_flash.o(i.FLASH_Program_DoubleWord)
    i.FLASH_Program_Fast                     0x08000300   Section        0  stm32l4xx_hal_flash.o(i.FLASH_Program_Fast)
    FLASH_Program_Fast                       0x08000301   Thumb Code    60  stm32l4xx_hal_flash.o(i.FLASH_Program_Fast)
    i.FLASH_WaitForLastOperation             0x08000340   Section        0  stm32l4xx_hal_flash.o(i.FLASH_WaitForLastOperation)
    i.HAL_FLASHEx_Erase                      0x080003d0   Section        0  stm32l4xx_hal_flash_ex.o(i.HAL_FLASHEx_Erase)
    i.HAL_FLASH_Lock                         0x080004e0   Section        0  stm32l4xx_hal_flash.o(i.HAL_FLASH_Lock)
    i.HAL_FLASH_Program                      0x080004f4   Section        0  stm32l4xx_hal_flash.o(i.HAL_FLASH_Program)
    i.HAL_FLASH_Unlock                       0x080005b4   Section        0  stm32l4xx_hal_flash.o(i.HAL_FLASH_Unlock)
    i.HAL_GPIO_WritePin                      0x080005e4   Section        0  stm32l4xx_hal_gpio.o(i.HAL_GPIO_WritePin)
    i.HAL_GetTick                            0x080005f0   Section        0  stm32l4xx_hal.o(i.HAL_GetTick)
    i.HAL_IncTick                            0x080005fc   Section        0  stm32l4xx_hal.o(i.HAL_IncTick)
    i.HAL_Init                               0x08000614   Section        0  stm32l4xx_hal.o(i.HAL_Init)
    i.HAL_InitTick                           0x08000634   Section        0  stm32l4xx_hal.o(i.HAL_InitTick)
    i.HAL_MspInit                            0x0800068c   Section        0  stm32l4xx_hal.o(i.HAL_MspInit)
    i.HAL_NVIC_SetPriority                   0x0800068e   Section        0  stm32l4xx_hal_cortex.o(i.HAL_NVIC_SetPriority)
    i.HAL_NVIC_SetPriorityGrouping           0x08000710   Section        0  stm32l4xx_hal_cortex.o(i.HAL_NVIC_SetPriorityGrouping)
    i.HAL_PWREx_GetVoltageRange              0x08000738   Section        0  stm32l4xx_hal_pwr_ex.o(i.HAL_PWREx_GetVoltageRange)
    i.HAL_RCC_ClockConfig                    0x08000748   Section        0  stm32l4xx_hal_rcc.o(i.HAL_RCC_ClockConfig)
    i.HAL_RCC_GetSysClockFreq                0x080008c4   Section        0  stm32l4xx_hal_rcc.o(i.HAL_RCC_GetSysClockFreq)
    i.HAL_RCC_OscConfig                      0x080009b0   Section        0  stm32l4xx_hal_rcc.o(i.HAL_RCC_OscConfig)
    i.HAL_SYSTICK_Config                     0x080010ac   Section        0  stm32l4xx_hal_cortex.o(i.HAL_SYSTICK_Config)
    i.HardFault_Handler                      0x080010e0   Section        0  stm32l4xx_it.o(i.HardFault_Handler)
    i.MemManage_Handler                      0x080010e4   Section        0  stm32l4xx_it.o(i.MemManage_Handler)
    i.NMI_Handler                            0x080010e8   Section        0  stm32l4xx_it.o(i.NMI_Handler)
    i.PendSV_Handler                         0x080010ea   Section        0  stm32l4xx_it.o(i.PendSV_Handler)
    i.RCC_SetFlashLatencyFromMSIRange        0x080010ec   Section        0  stm32l4xx_hal_rcc.o(i.RCC_SetFlashLatencyFromMSIRange)
    RCC_SetFlashLatencyFromMSIRange          0x080010ed   Thumb Code   148  stm32l4xx_hal_rcc.o(i.RCC_SetFlashLatencyFromMSIRange)
    i.SVC_Handler                            0x08001188   Section        0  stm32l4xx_it.o(i.SVC_Handler)
    i.SysTick_Handler                        0x0800118a   Section        0  stm32l4xx_it.o(i.SysTick_Handler)
    i.SystemClock_Config                     0x08001192   Section        0  main.o(i.SystemClock_Config)
    SystemClock_Config                       0x08001193   Thumb Code    92  main.o(i.SystemClock_Config)
    i.SystemInit                             0x080011f0   Section        0  system_stm32l4xx.o(i.SystemInit)
    i.UsageFault_Handler                     0x08001240   Section        0  stm32l4xx_it.o(i.UsageFault_Handler)
    i.WritePage                              0x08001244   Section        0  rwflash.o(i.WritePage)
    i.__NVIC_GetPriorityGrouping             0x08001304   Section        0  stm32l4xx_hal_cortex.o(i.__NVIC_GetPriorityGrouping)
    __NVIC_GetPriorityGrouping               0x08001305   Thumb Code    10  stm32l4xx_hal_cortex.o(i.__NVIC_GetPriorityGrouping)
    i.__NVIC_SetPriority                     0x08001314   Section        0  stm32l4xx_hal_cortex.o(i.__NVIC_SetPriority)
    __NVIC_SetPriority                       0x08001315   Thumb Code    32  stm32l4xx_hal_cortex.o(i.__NVIC_SetPriority)
    i.__scatterload_copy                     0x0800133c   Section       14  handlers.o(i.__scatterload_copy)
    i.__scatterload_null                     0x0800134a   Section        2  handlers.o(i.__scatterload_null)
    i.__scatterload_zeroinit                 0x0800134c   Section       14  handlers.o(i.__scatterload_zeroinit)
    i.main                                   0x0800135a   Section        0  main.o(i.main)
    .constdata                               0x0800136c   Section       72  system_stm32l4xx.o(.constdata)
    .data                                    0x20000000   Section        4  system_stm32l4xx.o(.data)
    .data                                    0x20000004   Section       32  stm32l4xx_hal_flash.o(.data)
    .data                                    0x20000024   Section       12  stm32l4xx_hal.o(.data)
    STACK                                    0x20000030   Section     1024  startup_stm32l476xx.o(STACK)

    Global Symbols

    Symbol Name                              Value     Ov Type        Size  Object(Section)

    BuildAttributes$$THM_ISAv4$E$P$D$K$B$S$7EM$VFPi3$EXTD16$VFPS$VFMA$PE$A:L22UL41UL21$X:L11$S22US41US21$IEEE1$IW$USESV6$~STKCKD$USESV7$~SHL$OSPACE$EBA8$MICROLIB$REQ8$PRES8$EABIv2 0x00000000   Number         0  anon$$obj.o ABSOLUTE
    __ARM_use_no_argv                        0x00000000   Number         0  main.o ABSOLUTE
    __cpp_initialize__aeabi_                  - Undefined Weak Reference
    __cxa_finalize                            - Undefined Weak Reference
    __decompress                              - Undefined Weak Reference
    _clock_init                               - Undefined Weak Reference
    _microlib_exit                            - Undefined Weak Reference
    __Vectors_Size                           0x00000188   Number         0  startup_stm32l476xx.o ABSOLUTE
    __Vectors                                0x08000000   Data           4  startup_stm32l476xx.o(RESET)
    __Vectors_End                            0x08000188   Data           0  startup_stm32l476xx.o(RESET)
    __main                                   0x08000189   Thumb Code     0  entry.o(.ARM.Collect$$$$00000000)
    _main_stk                                0x08000189   Thumb Code     0  entry2.o(.ARM.Collect$$$$00000001)
    _main_scatterload                        0x0800018d   Thumb Code     0  entry5.o(.ARM.Collect$$$$00000004)
    __main_after_scatterload                 0x08000191   Thumb Code     0  entry5.o(.ARM.Collect$$$$00000004)
    _main_clock                              0x08000191   Thumb Code     0  entry7b.o(.ARM.Collect$$$$00000008)
    _main_cpp_init                           0x08000191   Thumb Code     0  entry8b.o(.ARM.Collect$$$$0000000A)
    _main_init                               0x08000191   Thumb Code     0  entry9a.o(.ARM.Collect$$$$0000000B)
    __rt_final_cpp                           0x08000199   Thumb Code     0  entry10a.o(.ARM.Collect$$$$0000000D)
    __rt_final_exit                          0x08000199   Thumb Code     0  entry11a.o(.ARM.Collect$$$$0000000F)
    Reset_Handler                            0x0800019d   Thumb Code     8  startup_stm32l476xx.o(.text)
    ADC1_2_IRQHandler                        0x080001b7   Thumb Code     0  startup_stm32l476xx.o(.text)
    ADC3_IRQHandler                          0x080001b7   Thumb Code     0  startup_stm32l476xx.o(.text)
    CAN1_RX0_IRQHandler                      0x080001b7   Thumb Code     0  startup_stm32l476xx.o(.text)
    CAN1_RX1_IRQHandler                      0x080001b7   Thumb Code     0  startup_stm32l476xx.o(.text)
    CAN1_SCE_IRQHandler                      0x080001b7   Thumb Code     0  startup_stm32l476xx.o(.text)
    CAN1_TX_IRQHandler                       0x080001b7   Thumb Code     0  startup_stm32l476xx.o(.text)
    COMP_IRQHandler                          0x080001b7   Thumb Code     0  startup_stm32l476xx.o(.text)
    DFSDM1_FLT0_IRQHandler                   0x080001b7   Thumb Code     0  startup_stm32l476xx.o(.text)
    DFSDM1_FLT1_IRQHandler                   0x080001b7   Thumb Code     0  startup_stm32l476xx.o(.text)
    DFSDM1_FLT2_IRQHandler                   0x080001b7   Thumb Code     0  startup_stm32l476xx.o(.text)
    DFSDM1_FLT3_IRQHandler                   0x080001b7   Thumb Code     0  startup_stm32l476xx.o(.text)
    DMA1_Channel1_IRQHandler                 0x080001b7   Thumb Code     0  startup_stm32l476xx.o(.text)
    DMA1_Channel2_IRQHandler                 0x080001b7   Thumb Code     0  startup_stm32l476xx.o(.text)
    DMA1_Channel3_IRQHandler                 0x080001b7   Thumb Code     0  startup_stm32l476xx.o(.text)
    DMA1_Channel4_IRQHandler                 0x080001b7   Thumb Code     0  startup_stm32l476xx.o(.text)
    DMA1_Channel5_IRQHandler                 0x080001b7   Thumb Code     0  startup_stm32l476xx.o(.text)
    DMA1_Channel6_IRQHandler                 0x080001b7   Thumb Code     0  startup_stm32l476xx.o(.text)
    DMA1_Channel7_IRQHandler                 0x080001b7   Thumb Code     0  startup_stm32l476xx.o(.text)
    DMA2_Channel1_IRQHandler                 0x080001b7   Thumb Code     0  startup_stm32l476xx.o(.text)
    DMA2_Channel2_IRQHandler                 0x080001b7   Thumb Code     0  startup_stm32l476xx.o(.text)
    DMA2_Channel3_IRQHandler                 0x080001b7   Thumb Code     0  startup_stm32l476xx.o(.text)
    DMA2_Channel4_IRQHandler                 0x080001b7   Thumb Code     0  startup_stm32l476xx.o(.text)
    DMA2_Channel5_IRQHandler                 0x080001b7   Thumb Code     0  startup_stm32l476xx.o(.text)
    DMA2_Channel6_IRQHandler                 0x080001b7   Thumb Code     0  startup_stm32l476xx.o(.text)
    DMA2_Channel7_IRQHandler                 0x080001b7   Thumb Code     0  startup_stm32l476xx.o(.text)
    EXTI0_IRQHandler                         0x080001b7   Thumb Code     0  startup_stm32l476xx.o(.text)
    EXTI15_10_IRQHandler                     0x080001b7   Thumb Code     0  startup_stm32l476xx.o(.text)
    EXTI1_IRQHandler                         0x080001b7   Thumb Code     0  startup_stm32l476xx.o(.text)
    EXTI2_IRQHandler                         0x080001b7   Thumb Code     0  startup_stm32l476xx.o(.text)
    EXTI3_IRQHandler                         0x080001b7   Thumb Code     0  startup_stm32l476xx.o(.text)
    EXTI4_IRQHandler                         0x080001b7   Thumb Code     0  startup_stm32l476xx.o(.text)
    EXTI9_5_IRQHandler                       0x080001b7   Thumb Code     0  startup_stm32l476xx.o(.text)
    FLASH_IRQHandler                         0x080001b7   Thumb Code     0  startup_stm32l476xx.o(.text)
    FMC_IRQHandler                           0x080001b7   Thumb Code     0  startup_stm32l476xx.o(.text)
    FPU_IRQHandler                           0x080001b7   Thumb Code     0  startup_stm32l476xx.o(.text)
    I2C1_ER_IRQHandler                       0x080001b7   Thumb Code     0  startup_stm32l476xx.o(.text)
    I2C1_EV_IRQHandler                       0x080001b7   Thumb Code     0  startup_stm32l476xx.o(.text)
    I2C2_ER_IRQHandler                       0x080001b7   Thumb Code     0  startup_stm32l476xx.o(.text)
    I2C2_EV_IRQHandler                       0x080001b7   Thumb Code     0  startup_stm32l476xx.o(.text)
    I2C3_ER_IRQHandler                       0x080001b7   Thumb Code     0  startup_stm32l476xx.o(.text)
    I2C3_EV_IRQHandler                       0x080001b7   Thumb Code     0  startup_stm32l476xx.o(.text)
    LCD_IRQHandler                           0x080001b7   Thumb Code     0  startup_stm32l476xx.o(.text)
    LPTIM1_IRQHandler                        0x080001b7   Thumb Code     0  startup_stm32l476xx.o(.text)
    LPTIM2_IRQHandler                        0x080001b7   Thumb Code     0  startup_stm32l476xx.o(.text)
    LPUART1_IRQHandler                       0x080001b7   Thumb Code     0  startup_stm32l476xx.o(.text)
    OTG_FS_IRQHandler                        0x080001b7   Thumb Code     0  startup_stm32l476xx.o(.text)
    PVD_PVM_IRQHandler                       0x080001b7   Thumb Code     0  startup_stm32l476xx.o(.text)
    QUADSPI_IRQHandler                       0x080001b7   Thumb Code     0  startup_stm32l476xx.o(.text)
    RCC_IRQHandler                           0x080001b7   Thumb Code     0  startup_stm32l476xx.o(.text)
    RNG_IRQHandler                           0x080001b7   Thumb Code     0  startup_stm32l476xx.o(.text)
    RTC_Alarm_IRQHandler                     0x080001b7   Thumb Code     0  startup_stm32l476xx.o(.text)
    RTC_WKUP_IRQHandler                      0x080001b7   Thumb Code     0  startup_stm32l476xx.o(.text)
    SAI1_IRQHandler                          0x080001b7   Thumb Code     0  startup_stm32l476xx.o(.text)
    SAI2_IRQHandler                          0x080001b7   Thumb Code     0  startup_stm32l476xx.o(.text)
    SDMMC1_IRQHandler                        0x080001b7   Thumb Code     0  startup_stm32l476xx.o(.text)
    SPI1_IRQHandler                          0x080001b7   Thumb Code     0  startup_stm32l476xx.o(.text)
    SPI2_IRQHandler                          0x080001b7   Thumb Code     0  startup_stm32l476xx.o(.text)
    SPI3_IRQHandler                          0x080001b7   Thumb Code     0  startup_stm32l476xx.o(.text)
    SWPMI1_IRQHandler                        0x080001b7   Thumb Code     0  startup_stm32l476xx.o(.text)
    TAMP_STAMP_IRQHandler                    0x080001b7   Thumb Code     0  startup_stm32l476xx.o(.text)
    TIM1_BRK_TIM15_IRQHandler                0x080001b7   Thumb Code     0  startup_stm32l476xx.o(.text)
    TIM1_CC_IRQHandler                       0x080001b7   Thumb Code     0  startup_stm32l476xx.o(.text)
    TIM1_TRG_COM_TIM17_IRQHandler            0x080001b7   Thumb Code     0  startup_stm32l476xx.o(.text)
    TIM1_UP_TIM16_IRQHandler                 0x080001b7   Thumb Code     0  startup_stm32l476xx.o(.text)
    TIM2_IRQHandler                          0x080001b7   Thumb Code     0  startup_stm32l476xx.o(.text)
    TIM3_IRQHandler                          0x080001b7   Thumb Code     0  startup_stm32l476xx.o(.text)
    TIM4_IRQHandler                          0x080001b7   Thumb Code     0  startup_stm32l476xx.o(.text)
    TIM5_IRQHandler                          0x080001b7   Thumb Code     0  startup_stm32l476xx.o(.text)
    TIM6_DAC_IRQHandler                      0x080001b7   Thumb Code     0  startup_stm32l476xx.o(.text)
    TIM7_IRQHandler                          0x080001b7   Thumb Code     0  startup_stm32l476xx.o(.text)
    TIM8_BRK_IRQHandler                      0x080001b7   Thumb Code     0  startup_stm32l476xx.o(.text)
    TIM8_CC_IRQHandler                       0x080001b7   Thumb Code     0  startup_stm32l476xx.o(.text)
    TIM8_TRG_COM_IRQHandler                  0x080001b7   Thumb Code     0  startup_stm32l476xx.o(.text)
    TIM8_UP_IRQHandler                       0x080001b7   Thumb Code     0  startup_stm32l476xx.o(.text)
    TSC_IRQHandler                           0x080001b7   Thumb Code     0  startup_stm32l476xx.o(.text)
    UART4_IRQHandler                         0x080001b7   Thumb Code     0  startup_stm32l476xx.o(.text)
    UART5_IRQHandler                         0x080001b7   Thumb Code     0  startup_stm32l476xx.o(.text)
    USART1_IRQHandler                        0x080001b7   Thumb Code     0  startup_stm32l476xx.o(.text)
    USART2_IRQHandler                        0x080001b7   Thumb Code     0  startup_stm32l476xx.o(.text)
    USART3_IRQHandler                        0x080001b7   Thumb Code     0  startup_stm32l476xx.o(.text)
    WWDG_IRQHandler                          0x080001b7   Thumb Code     0  startup_stm32l476xx.o(.text)
    __scatterload                            0x080001c1   Thumb Code    28  init.o(.text)
    __scatterload_rt2                        0x080001c1   Thumb Code     0  init.o(.text)
    BusFault_Handler                         0x080001e5   Thumb Code     4  stm32l4xx_it.o(i.BusFault_Handler)
    DebugMon_Handler                         0x080001e9   Thumb Code     2  stm32l4xx_it.o(i.DebugMon_Handler)
    FLASH_FlushCaches                        0x080001ed   Thumb Code   100  stm32l4xx_hal_flash_ex.o(i.FLASH_FlushCaches)
    FLASH_PageErase                          0x08000291   Thumb Code    66  stm32l4xx_hal_flash_ex.o(i.FLASH_PageErase)
    FLASH_WaitForLastOperation               0x08000341   Thumb Code   134  stm32l4xx_hal_flash.o(i.FLASH_WaitForLastOperation)
    HAL_FLASHEx_Erase                        0x080003d1   Thumb Code   262  stm32l4xx_hal_flash_ex.o(i.HAL_FLASHEx_Erase)
    HAL_FLASH_Lock                           0x080004e1   Thumb Code    16  stm32l4xx_hal_flash.o(i.HAL_FLASH_Lock)
    HAL_FLASH_Program                        0x080004f5   Thumb Code   182  stm32l4xx_hal_flash.o(i.HAL_FLASH_Program)
    HAL_FLASH_Unlock                         0x080005b5   Thumb Code    36  stm32l4xx_hal_flash.o(i.HAL_FLASH_Unlock)
    HAL_GPIO_WritePin                        0x080005e5   Thumb Code    10  stm32l4xx_hal_gpio.o(i.HAL_GPIO_WritePin)
    HAL_GetTick                              0x080005f1   Thumb Code     6  stm32l4xx_hal.o(i.HAL_GetTick)
    HAL_IncTick                              0x080005fd   Thumb Code    16  stm32l4xx_hal.o(i.HAL_IncTick)
    HAL_Init                                 0x08000615   Thumb Code    30  stm32l4xx_hal.o(i.HAL_Init)
    HAL_InitTick                             0x08000635   Thumb Code    74  stm32l4xx_hal.o(i.HAL_InitTick)
    HAL_MspInit                              0x0800068d   Thumb Code     2  stm32l4xx_hal.o(i.HAL_MspInit)
    HAL_NVIC_SetPriority                     0x0800068f   Thumb Code   124  stm32l4xx_hal_cortex.o(i.HAL_NVIC_SetPriority)
    HAL_NVIC_SetPriorityGrouping             0x08000711   Thumb Code    32  stm32l4xx_hal_cortex.o(i.HAL_NVIC_SetPriorityGrouping)
    HAL_PWREx_GetVoltageRange                0x08000739   Thumb Code    10  stm32l4xx_hal_pwr_ex.o(i.HAL_PWREx_GetVoltageRange)
    HAL_RCC_ClockConfig                      0x08000749   Thumb Code   360  stm32l4xx_hal_rcc.o(i.HAL_RCC_ClockConfig)
    HAL_RCC_GetSysClockFreq                  0x080008c5   Thumb Code   220  stm32l4xx_hal_rcc.o(i.HAL_RCC_GetSysClockFreq)
    HAL_RCC_OscConfig                        0x080009b1   Thumb Code  1772  stm32l4xx_hal_rcc.o(i.HAL_RCC_OscConfig)
    HAL_SYSTICK_Config                       0x080010ad   Thumb Code    52  stm32l4xx_hal_cortex.o(i.HAL_SYSTICK_Config)
    HardFault_Handler                        0x080010e1   Thumb Code     4  stm32l4xx_it.o(i.HardFault_Handler)
    MemManage_Handler                        0x080010e5   Thumb Code     4  stm32l4xx_it.o(i.MemManage_Handler)
    NMI_Handler                              0x080010e9   Thumb Code     2  stm32l4xx_it.o(i.NMI_Handler)
    PendSV_Handler                           0x080010eb   Thumb Code     2  stm32l4xx_it.o(i.PendSV_Handler)
    SVC_Handler                              0x08001189   Thumb Code     2  stm32l4xx_it.o(i.SVC_Handler)
    SysTick_Handler                          0x0800118b   Thumb Code     8  stm32l4xx_it.o(i.SysTick_Handler)
    SystemInit                               0x080011f1   Thumb Code    68  system_stm32l4xx.o(i.SystemInit)
    UsageFault_Handler                       0x08001241   Thumb Code     4  stm32l4xx_it.o(i.UsageFault_Handler)
    WritePage                                0x08001245   Thumb Code   174  rwflash.o(i.WritePage)
    __scatterload_copy                       0x0800133d   Thumb Code    14  handlers.o(i.__scatterload_copy)
    __scatterload_null                       0x0800134b   Thumb Code     2  handlers.o(i.__scatterload_null)
    __scatterload_zeroinit                   0x0800134d   Thumb Code    14  handlers.o(i.__scatterload_zeroinit)
    main                                     0x0800135b   Thumb Code    16  main.o(i.main)
    AHBPrescTable                            0x0800136c   Data          16  system_stm32l4xx.o(.constdata)
    APBPrescTable                            0x0800137c   Data           8  system_stm32l4xx.o(.constdata)
    MSIRangeTable                            0x08001384   Data          48  system_stm32l4xx.o(.constdata)
    Region$$Table$$Base                      0x080013b4   Number         0  anon$$obj.o(Region$$Table)
    Region$$Table$$Limit                     0x080013d4   Number         0  anon$$obj.o(Region$$Table)
    SystemCoreClock                          0x20000000   Data           4  system_stm32l4xx.o(.data)
    pFlash                                   0x20000004   Data          32  stm32l4xx_hal_flash.o(.data)
    uwTick                                   0x20000024   Data           4  stm32l4xx_hal.o(.data)
    uwTickPrio                               0x20000028   Data           4  stm32l4xx_hal.o(.data)
    uwTickFreq                               0x2000002c   Data           4  stm32l4xx_hal.o(.data)
    __initial_sp                             0x20000430   Data           0  startup_stm32l476xx.o(STACK)



==============================================================================

Memory Map of the image

  Image Entry point : 0x08000189

  Load Region LR_IROM1 (Base: 0x08000000, Size: 0x00001404, Max: 0x00100000, ABSOLUTE)

    Execution Region ER_IROM1 (Exec base: 0x08000000, Load base: 0x08000000, Size: 0x000013d4, Max: 0x00100000, ABSOLUTE)

    Exec Addr    Load Addr    Size         Type   Attr      Idx    E Section Name        Object

    0x08000000   0x08000000   0x00000188   Data   RO        10828    RESET               startup_stm32l476xx.o
    0x08000188   0x08000188   0x00000000   Code   RO        10833  * .ARM.Collect$$$$00000000  mc_w.l(entry.o)
    0x08000188   0x08000188   0x00000004   Code   RO        10844    .ARM.Collect$$$$00000001  mc_w.l(entry2.o)
    0x0800018c   0x0800018c   0x00000004   Code   RO        10847    .ARM.Collect$$$$00000004  mc_w.l(entry5.o)
    0x08000190   0x08000190   0x00000000   Code   RO        10849    .ARM.Collect$$$$00000008  mc_w.l(entry7b.o)
    0x08000190   0x08000190   0x00000000   Code   RO        10851    .ARM.Collect$$$$0000000A  mc_w.l(entry8b.o)
    0x08000190   0x08000190   0x00000008   Code   RO        10852    .ARM.Collect$$$$0000000B  mc_w.l(entry9a.o)
    0x08000198   0x08000198   0x00000000   Code   RO        10854    .ARM.Collect$$$$0000000D  mc_w.l(entry10a.o)
    0x08000198   0x08000198   0x00000000   Code   RO        10856    .ARM.Collect$$$$0000000F  mc_w.l(entry11a.o)
    0x08000198   0x08000198   0x00000004   Code   RO        10845    .ARM.Collect$$$$00002712  mc_w.l(entry2.o)
    0x0800019c   0x0800019c   0x00000024   Code   RO        10829    .text               startup_stm32l476xx.o
    0x080001c0   0x080001c0   0x00000024   Code   RO        10862    .text               mc_w.l(init.o)
    0x080001e4   0x080001e4   0x00000004   Code   RO          467    i.BusFault_Handler  stm32l4xx_it.o
    0x080001e8   0x080001e8   0x00000002   Code   RO          468    i.DebugMon_Handler  stm32l4xx_it.o
    0x080001ea   0x080001ea   0x00000002   PAD
    0x080001ec   0x080001ec   0x0000006c   Code   RO         7713    i.FLASH_FlushCaches  stm32l4xx_hal_flash_ex.o
    0x08000258   0x08000258   0x00000038   Code   RO         7714    i.FLASH_MassErase   stm32l4xx_hal_flash_ex.o
    0x08000290   0x08000290   0x00000048   Code   RO         7723    i.FLASH_PageErase   stm32l4xx_hal_flash_ex.o
    0x080002d8   0x080002d8   0x00000028   Code   RO         3176    i.FLASH_Program_DoubleWord  stm32l4xx_hal_flash.o
    0x08000300   0x08000300   0x00000040   Code   RO         3177    i.FLASH_Program_Fast  stm32l4xx_hal_flash.o
    0x08000340   0x08000340   0x00000090   Code   RO         3178    i.FLASH_WaitForLastOperation  stm32l4xx_hal_flash.o
    0x080003d0   0x080003d0   0x00000110   Code   RO         7724    i.HAL_FLASHEx_Erase  stm32l4xx_hal_flash_ex.o
    0x080004e0   0x080004e0   0x00000014   Code   RO         3182    i.HAL_FLASH_Lock    stm32l4xx_hal_flash.o
    0x080004f4   0x080004f4   0x000000c0   Code   RO         3187    i.HAL_FLASH_Program  stm32l4xx_hal_flash.o
    0x080005b4   0x080005b4   0x00000030   Code   RO         3189    i.HAL_FLASH_Unlock  stm32l4xx_hal_flash.o
    0x080005e4   0x080005e4   0x0000000a   Code   RO         7212    i.HAL_GPIO_WritePin  stm32l4xx_hal_gpio.o
    0x080005ee   0x080005ee   0x00000002   PAD
    0x080005f0   0x080005f0   0x0000000c   Code   RO         7847    i.HAL_GetTick       stm32l4xx_hal.o
    0x080005fc   0x080005fc   0x00000018   Code   RO         7853    i.HAL_IncTick       stm32l4xx_hal.o
    0x08000614   0x08000614   0x0000001e   Code   RO         7854    i.HAL_Init          stm32l4xx_hal.o
    0x08000632   0x08000632   0x00000002   PAD
    0x08000634   0x08000634   0x00000058   Code   RO         7855    i.HAL_InitTick      stm32l4xx_hal.o
    0x0800068c   0x0800068c   0x00000002   Code   RO         7857    i.HAL_MspInit       stm32l4xx_hal.o
    0x0800068e   0x0800068e   0x00000082   Code   RO         9108    i.HAL_NVIC_SetPriority  stm32l4xx_hal_cortex.o
    0x08000710   0x08000710   0x00000028   Code   RO         9109    i.HAL_NVIC_SetPriorityGrouping  stm32l4xx_hal_cortex.o
    0x08000738   0x08000738   0x00000010   Code   RO         5866    i.HAL_PWREx_GetVoltageRange  stm32l4xx_hal_pwr_ex.o
    0x08000748   0x08000748   0x0000017c   Code   RO         6450    i.HAL_RCC_ClockConfig  stm32l4xx_hal_rcc.o
    0x080008c4   0x080008c4   0x000000ec   Code   RO         6458    i.HAL_RCC_GetSysClockFreq  stm32l4xx_hal_rcc.o
    0x080009b0   0x080009b0   0x000006fc   Code   RO         6461    i.HAL_RCC_OscConfig  stm32l4xx_hal_rcc.o
    0x080010ac   0x080010ac   0x00000034   Code   RO         9113    i.HAL_SYSTICK_Config  stm32l4xx_hal_cortex.o
    0x080010e0   0x080010e0   0x00000004   Code   RO          469    i.HardFault_Handler  stm32l4xx_it.o
    0x080010e4   0x080010e4   0x00000004   Code   RO          470    i.MemManage_Handler  stm32l4xx_it.o
    0x080010e8   0x080010e8   0x00000002   Code   RO          471    i.NMI_Handler       stm32l4xx_it.o
    0x080010ea   0x080010ea   0x00000002   Code   RO          472    i.PendSV_Handler    stm32l4xx_it.o
    0x080010ec   0x080010ec   0x0000009c   Code   RO         6462    i.RCC_SetFlashLatencyFromMSIRange  stm32l4xx_hal_rcc.o
    0x08001188   0x08001188   0x00000002   Code   RO          473    i.SVC_Handler       stm32l4xx_it.o
    0x0800118a   0x0800118a   0x00000008   Code   RO          474    i.SysTick_Handler   stm32l4xx_it.o
    0x08001192   0x08001192   0x0000005c   Code   RO          545    i.SystemClock_Config  main.o
    0x080011ee   0x080011ee   0x00000002   PAD
    0x080011f0   0x080011f0   0x00000050   Code   RO          431    i.SystemInit        system_stm32l4xx.o
    0x08001240   0x08001240   0x00000004   Code   RO          475    i.UsageFault_Handler  stm32l4xx_it.o
    0x08001244   0x08001244   0x000000c0   Code   RO          632    i.WritePage         rwflash.o
    0x08001304   0x08001304   0x00000010   Code   RO         9115    i.__NVIC_GetPriorityGrouping  stm32l4xx_hal_cortex.o
    0x08001314   0x08001314   0x00000028   Code   RO         9116    i.__NVIC_SetPriority  stm32l4xx_hal_cortex.o
    0x0800133c   0x0800133c   0x0000000e   Code   RO        10866    i.__scatterload_copy  mc_w.l(handlers.o)
    0x0800134a   0x0800134a   0x00000002   Code   RO        10867    i.__scatterload_null  mc_w.l(handlers.o)
    0x0800134c   0x0800134c   0x0000000e   Code   RO        10868    i.__scatterload_zeroinit  mc_w.l(handlers.o)
    0x0800135a   0x0800135a   0x00000010   Code   RO          546    i.main              main.o
    0x0800136a   0x0800136a   0x00000002   PAD
    0x0800136c   0x0800136c   0x00000048   Data   RO          432    .constdata          system_stm32l4xx.o
    0x080013b4   0x080013b4   0x00000020   Data   RO        10864    Region$$Table       anon$$obj.o


    Execution Region RW_IRAM1 (Exec base: 0x20000000, Load base: 0x080013d4, Size: 0x00000430, Max: 0x00018000, ABSOLUTE)

    Exec Addr    Load Addr    Size         Type   Attr      Idx    E Section Name        Object

    0x20000000   0x080013d4   0x00000004   Data   RW          433    .data               system_stm32l4xx.o
    0x20000004   0x080013d8   0x00000020   Data   RW         3190    .data               stm32l4xx_hal_flash.o
    0x20000024   0x080013f8   0x0000000c   Data   RW         7871    .data               stm32l4xx_hal.o
    0x20000030        -       0x00000400   Zero   RW        10826    STACK               startup_stm32l476xx.o


==============================================================================

Image component sizes


      Code (inc. data)   RO Data    RW Data    ZI Data      Debug   Object Name

       108          0          0          0          0       1103   main.o
       192         18          0          0          0        740   rwflash.o
        36          8        392          0       1024        828   startup_stm32l476xx.o
       156         28          0         12          0       3823   stm32l4xx_hal.o
       278         22          0          0          0      33510   stm32l4xx_hal_cortex.o
       508         44          0         32          0      21918   stm32l4xx_hal_flash.o
       508         30          0          0          0       2938   stm32l4xx_hal_flash_ex.o
        10          0          0          0          0       1196   stm32l4xx_hal_gpio.o
        16          6          0          0          0        528   stm32l4xx_hal_pwr_ex.o
      2560         80          0          0          0       5372   stm32l4xx_hal_rcc.o
        32          0          0          0          0       4326   stm32l4xx_it.o
         0          0          0          0          0     755485   stm32l4xx_nucleo.o
        80         12         72          4          0       1289   system_stm32l4xx.o

    ----------------------------------------------------------------------
      4494        248        496         48       1024     833056   Object Totals
         0          0         32          0          0          0   (incl. Generated)
        10          0          0          0          0          0   (incl. Padding)

    ----------------------------------------------------------------------

      Code (inc. data)   RO Data    RW Data    ZI Data      Debug   Library Member Name

         0          0          0          0          0          0   entry.o
         0          0          0          0          0          0   entry10a.o
         0          0          0          0          0          0   entry11a.o
         8          4          0          0          0          0   entry2.o
         4          0          0          0          0          0   entry5.o
         0          0          0          0          0          0   entry7b.o
         0          0          0          0          0          0   entry8b.o
         8          4          0          0          0          0   entry9a.o
        30          0          0          0          0          0   handlers.o
        36          8          0          0          0         68   init.o

    ----------------------------------------------------------------------
        86         16          0          0          0         68   Library Totals
         0          0          0          0          0          0   (incl. Padding)

    ----------------------------------------------------------------------

      Code (inc. data)   RO Data    RW Data    ZI Data      Debug   Library Name

        86         16          0          0          0         68   mc_w.l

    ----------------------------------------------------------------------
        86         16          0          0          0         68   Library Totals

    ----------------------------------------------------------------------

==============================================================================


      Code (inc. data)   RO Data    RW Data    ZI Data      Debug   

      4580        264        496         48       1024     830028   Grand Totals
      4580        264        496         48       1024     830028   ELF Image Totals
      4580        264        496         48          0          0   ROM Totals

==============================================================================

    Total RO  Size (Code + RO Data)                 5076 (   4.96kB)
    Total RW  Size (RW Data + ZI Data)              1072 (   1.05kB)
    Total ROM Size (Code + RO Data + RW Data)       5124 (   5.00kB)

==============================================================================

