Component: ARM Compiler 5.06 update 6 (build 750) Tool: armlink [4d35ed]

==============================================================================

Section Cross References

    stm32l4xx_nucleo.o(i.ADCx_DeInit) refers to stm32l4xx_hal_adc.o(i.HAL_ADC_DeInit) for HAL_ADC_DeInit
    stm32l4xx_nucleo.o(i.ADCx_DeInit) refers to stm32l4xx_nucleo.o(i.ADCx_MspDeInit) for ADCx_MspDeInit
    stm32l4xx_nucleo.o(i.ADCx_DeInit) refers to stm32l4xx_nucleo.o(.bss) for hnucleo_Adc
    stm32l4xx_nucleo.o(i.ADCx_Init) refers to stm32l4xx_hal_adc.o(i.HAL_ADC_GetState) for HAL_ADC_GetState
    stm32l4xx_nucleo.o(i.ADCx_Init) refers to stm32l4xx_nucleo.o(i.ADCx_MspInit) for ADCx_MspInit
    stm32l4xx_nucleo.o(i.ADCx_Init) refers to stm32l4xx_hal_adc.o(i.HAL_ADC_Init) for HAL_ADC_Init
    stm32l4xx_nucleo.o(i.ADCx_Init) refers to stm32l4xx_hal_adc_ex.o(i.HAL_ADCEx_Calibration_Start) for HAL_ADCEx_Calibration_Start
    stm32l4xx_nucleo.o(i.ADCx_Init) refers to stm32l4xx_nucleo.o(.bss) for hnucleo_Adc
    stm32l4xx_nucleo.o(i.ADCx_MspDeInit) refers to stm32l4xx_hal_gpio.o(i.HAL_GPIO_DeInit) for HAL_GPIO_DeInit
    stm32l4xx_nucleo.o(i.ADCx_MspInit) refers to memseta.o(.text) for __aeabi_memclr4
    stm32l4xx_nucleo.o(i.ADCx_MspInit) refers to stm32l4xx_hal_gpio.o(i.HAL_GPIO_Init) for HAL_GPIO_Init
    stm32l4xx_nucleo.o(i.ADCx_MspInit) refers to stm32l4xx_hal_rcc_ex.o(i.HAL_RCCEx_PeriphCLKConfig) for HAL_RCCEx_PeriphCLKConfig
    stm32l4xx_nucleo.o(i.BSP_JOY_DeInit) refers to stm32l4xx_nucleo.o(i.ADCx_DeInit) for ADCx_DeInit
    stm32l4xx_nucleo.o(i.BSP_JOY_GetState) refers to stm32l4xx_hal_adc.o(i.HAL_ADC_Start) for HAL_ADC_Start
    stm32l4xx_nucleo.o(i.BSP_JOY_GetState) refers to stm32l4xx_hal_adc.o(i.HAL_ADC_PollForConversion) for HAL_ADC_PollForConversion
    stm32l4xx_nucleo.o(i.BSP_JOY_GetState) refers to stm32l4xx_hal_adc.o(i.HAL_ADC_GetState) for HAL_ADC_GetState
    stm32l4xx_nucleo.o(i.BSP_JOY_GetState) refers to stm32l4xx_hal_adc.o(i.HAL_ADC_GetValue) for HAL_ADC_GetValue
    stm32l4xx_nucleo.o(i.BSP_JOY_GetState) refers to stm32l4xx_nucleo.o(.bss) for hnucleo_Adc
    stm32l4xx_nucleo.o(i.BSP_JOY_Init) refers to stm32l4xx_nucleo.o(i.ADCx_Init) for ADCx_Init
    stm32l4xx_nucleo.o(i.BSP_JOY_Init) refers to stm32l4xx_hal_adc.o(i.HAL_ADC_ConfigChannel) for HAL_ADC_ConfigChannel
    stm32l4xx_nucleo.o(i.BSP_JOY_Init) refers to stm32l4xx_nucleo.o(.bss) for hnucleo_AdcChannelConfig
    stm32l4xx_nucleo.o(i.BSP_LED_DeInit) refers to stm32l4xx_hal_gpio.o(i.HAL_GPIO_WritePin) for HAL_GPIO_WritePin
    stm32l4xx_nucleo.o(i.BSP_LED_DeInit) refers to stm32l4xx_hal_gpio.o(i.HAL_GPIO_DeInit) for HAL_GPIO_DeInit
    stm32l4xx_nucleo.o(i.BSP_LED_DeInit) refers to stm32l4xx_nucleo.o(.constdata) for GPIO_PIN
    stm32l4xx_nucleo.o(i.BSP_LED_DeInit) refers to stm32l4xx_nucleo.o(.data) for GPIO_PORT
    stm32l4xx_nucleo.o(i.BSP_LED_Init) refers to memseta.o(.text) for __aeabi_memclr4
    stm32l4xx_nucleo.o(i.BSP_LED_Init) refers to stm32l4xx_hal_gpio.o(i.HAL_GPIO_Init) for HAL_GPIO_Init
    stm32l4xx_nucleo.o(i.BSP_LED_Init) refers to stm32l4xx_nucleo.o(.constdata) for GPIO_PIN
    stm32l4xx_nucleo.o(i.BSP_LED_Init) refers to stm32l4xx_nucleo.o(.data) for GPIO_PORT
    stm32l4xx_nucleo.o(i.BSP_LED_Off) refers to stm32l4xx_hal_gpio.o(i.HAL_GPIO_WritePin) for HAL_GPIO_WritePin
    stm32l4xx_nucleo.o(i.BSP_LED_Off) refers to stm32l4xx_nucleo.o(.constdata) for GPIO_PIN
    stm32l4xx_nucleo.o(i.BSP_LED_Off) refers to stm32l4xx_nucleo.o(.data) for GPIO_PORT
    stm32l4xx_nucleo.o(i.BSP_LED_On) refers to stm32l4xx_hal_gpio.o(i.HAL_GPIO_WritePin) for HAL_GPIO_WritePin
    stm32l4xx_nucleo.o(i.BSP_LED_On) refers to stm32l4xx_nucleo.o(.constdata) for GPIO_PIN
    stm32l4xx_nucleo.o(i.BSP_LED_On) refers to stm32l4xx_nucleo.o(.data) for GPIO_PORT
    stm32l4xx_nucleo.o(i.BSP_LED_Toggle) refers to stm32l4xx_hal_gpio.o(i.HAL_GPIO_TogglePin) for HAL_GPIO_TogglePin
    stm32l4xx_nucleo.o(i.BSP_LED_Toggle) refers to stm32l4xx_nucleo.o(.constdata) for GPIO_PIN
    stm32l4xx_nucleo.o(i.BSP_LED_Toggle) refers to stm32l4xx_nucleo.o(.data) for GPIO_PORT
    stm32l4xx_nucleo.o(i.BSP_PB_DeInit) refers to stm32l4xx_hal_cortex.o(i.HAL_NVIC_DisableIRQ) for HAL_NVIC_DisableIRQ
    stm32l4xx_nucleo.o(i.BSP_PB_DeInit) refers to stm32l4xx_hal_gpio.o(i.HAL_GPIO_DeInit) for HAL_GPIO_DeInit
    stm32l4xx_nucleo.o(i.BSP_PB_DeInit) refers to stm32l4xx_nucleo.o(.constdata) for BUTTON_PIN
    stm32l4xx_nucleo.o(i.BSP_PB_DeInit) refers to stm32l4xx_nucleo.o(.data) for BUTTON_PORT
    stm32l4xx_nucleo.o(i.BSP_PB_GetState) refers to stm32l4xx_hal_gpio.o(i.HAL_GPIO_ReadPin) for HAL_GPIO_ReadPin
    stm32l4xx_nucleo.o(i.BSP_PB_GetState) refers to stm32l4xx_nucleo.o(.constdata) for BUTTON_PIN
    stm32l4xx_nucleo.o(i.BSP_PB_GetState) refers to stm32l4xx_nucleo.o(.data) for BUTTON_PORT
    stm32l4xx_nucleo.o(i.BSP_PB_Init) refers to memseta.o(.text) for __aeabi_memclr4
    stm32l4xx_nucleo.o(i.BSP_PB_Init) refers to stm32l4xx_hal_gpio.o(i.HAL_GPIO_Init) for HAL_GPIO_Init
[...]
    P:\\Drivers\\STM32L4xx_HAL_Driver\\Src\\stm32l4xx_hal_irda.c 0x00000000   Number         0  stm32l4xx_hal_irda.o ABSOLUTE
    P:\\Drivers\\STM32L4xx_HAL_Driver\\Src\\stm32l4xx_hal_iwdg.c 0x00000000   Number         0  stm32l4xx_hal_iwdg.o ABSOLUTE
    P:\\Drivers\\STM32L4xx_HAL_Driver\\Src\\stm32l4xx_hal_lcd.c 0x00000000   Number         0  stm32l4xx_hal_lcd.o ABSOLUTE
    P:\\Drivers\\STM32L4xx_HAL_Driver\\Src\\stm32l4xx_hal_lptim.c 0x00000000   Number         0  stm32l4xx_hal_lptim.o ABSOLUTE
    P:\\Drivers\\STM32L4xx_HAL_Driver\\Src\\stm32l4xx_hal_nand.c 0x00000000   Number         0  stm32l4xx_hal_nand.o ABSOLUTE
    P:\\Drivers\\STM32L4xx_HAL_Driver\\Src\\stm32l4xx_hal_nor.c 0x00000000   Number         0  stm32l4xx_hal_nor.o ABSOLUTE
    P:\\Drivers\\STM32L4xx_HAL_Driver\\Src\\stm32l4xx_hal_opamp.c 0x00000000   Number         0  stm32l4xx_hal_opamp.o ABSOLUTE
    P:\\Drivers\\STM32L4xx_HAL_Driver\\Src\\stm32l4xx_hal_opamp_ex.c 0x00000000   Number         0  stm32l4xx_hal_opamp_ex.o ABSOLUTE
    P:\\Drivers\\STM32L4xx_HAL_Driver\\Src\\stm32l4xx_hal_pcd.c 0x00000000   Number         0  stm32l4xx_hal_pcd.o ABSOLUTE
    P:\\Drivers\\STM32L4xx_HAL_Driver\\Src\\stm32l4xx_hal_pcd_ex.c 0x00000000   Number         0  stm32l4xx_hal_pcd_ex.o ABSOLUTE
    P:\\Drivers\\STM32L4xx_HAL_Driver\\Src\\stm32l4xx_hal_pwr.c 0x00000000   Number         0  stm32l4xx_hal_pwr.o ABSOLUTE
    P:\\Drivers\\STM32L4xx_HAL_Driver\\Src\\stm32l4xx_hal_pwr_ex.c 0x00000000   Number         0  stm32l4xx_hal_pwr_ex.o ABSOLUTE
    P:\\Drivers\\STM32L4xx_HAL_Driver\\Src\\stm32l4xx_hal_qspi.c 0x00000000   Number         0  stm32l4xx_hal_qspi.o ABSOLUTE
    P:\\Drivers\\STM32L4xx_HAL_Driver\\Src\\stm32l4xx_hal_rcc.c 0x00000000   Number         0  stm32l4xx_hal_rcc.o ABSOLUTE
    P:\\Drivers\\STM32L4xx_HAL_Driver\\Src\\stm32l4xx_hal_rcc_ex.c 0x00000000   Number         0  stm32l4xx_hal_rcc_ex.o ABSOLUTE
    P:\\Drivers\\STM32L4xx_HAL_Driver\\Src\\stm32l4xx_hal_rng.c 0x00000000   Number         0  stm32l4xx_hal_rng.o ABSOLUTE
    P:\\Drivers\\STM32L4xx_HAL_Driver\\Src\\stm32l4xx_hal_rtc.c 0x00000000   Number         0  stm32l4xx_hal_rtc.o ABSOLUTE
    P:\\Drivers\\STM32L4xx_HAL_Driver\\Src\\stm32l4xx_hal_rtc_ex.c 0x00000000   Number         0  stm32l4xx_hal_rtc_ex.o ABSOLUTE
    P:\\Drivers\\STM32L4xx_HAL_Driver\\Src\\stm32l4xx_hal_sai.c 0x00000000   Number         0  stm32l4xx_hal_sai.o ABSOLUTE
    P:\\Drivers\\STM32L4xx_HAL_Driver\\Src\\stm32l4xx_hal_sd.c 0x00000000   Number         0  stm32l4xx_hal_sd.o ABSOLUTE
    P:\\Drivers\\STM32L4xx_HAL_Driver\\Src\\stm32l4xx_hal_smartcard.c 0x00000000   Number         0  stm32l4xx_hal_smartcard.o ABSOLUTE
    P:\\Drivers\\STM32L4xx_HAL_Driver\\Src\\stm32l4xx_hal_smartcard_ex.c 0x00000000   Number         0  stm32l4xx_hal_smartcard_ex.o ABSOLUTE
    P:\\Drivers\\STM32L4xx_HAL_Driver\\Src\\stm32l4xx_hal_smbus.c 0x00000000   Number         0  stm32l4xx_hal_smbus.o ABSOLUTE
    P:\\Drivers\\STM32L4xx_HAL_Driver\\Src\\stm32l4xx_hal_spi.c 0x00000000   Number         0  stm32l4xx_hal_spi.o ABSOLUTE
    P:\\Drivers\\STM32L4xx_HAL_Driver\\Src\\stm32l4xx_hal_spi_ex.c 0x00000000   Number         0  stm32l4xx_hal_spi_ex.o ABSOLUTE
    P:\\Drivers\\STM32L4xx_HAL_Driver\\Src\\stm32l4xx_hal_sram.c 0x00000000   Number         0  stm32l4xx_hal_sram.o ABSOLUTE
    P:\\Drivers\\STM32L4xx_HAL_Driver\\Src\\stm32l4xx_hal_swpmi.c 0x00000000   Number         0  stm32l4xx_hal_swpmi.o ABSOLUTE
    P:\\Drivers\\STM32L4xx_HAL_Driver\\Src\\stm32l4xx_hal_tim.c 0x00000000   Number         0  stm32l4xx_hal_tim.o ABSOLUTE
    P:\\Drivers\\STM32L4xx_HAL_Driver\\Src\\stm32l4xx_hal_tim_ex.c 0x00000000   Number         0  stm32l4xx_hal_tim_ex.o ABSOLUTE
    P:\\Drivers\\STM32L4xx_HAL_Driver\\Src\\stm32l4xx_hal_tsc.c 0x00000000   Number         0  stm32l4xx_hal_tsc.o ABSOLUTE
    P:\\Drivers\\STM32L4xx_HAL_Driver\\Src\\stm32l4xx_hal_uart.c 0x00000000   Number         0  stm32l4xx_hal_uart.o ABSOLUTE
    P:\\Drivers\\STM32L4xx_HAL_Driver\\Src\\stm32l4xx_hal_uart_ex.c 0x00000000   Number         0  stm32l4xx_hal_uart_ex.o ABSOLUTE
    P:\\Drivers\\STM32L4xx_HAL_Driver\\Src\\stm32l4xx_hal_usart.c 0x00000000   Number         0  stm32l4xx_hal_usart.o ABSOLUTE
    P:\\Drivers\\STM32L4xx_HAL_Driver\\Src\\stm32l4xx_hal_wwdg.c 0x00000000   Number         0  stm32l4xx_hal_wwdg.o ABSOLUTE
    P:\\Drivers\\STM32L4xx_HAL_Driver\\Src\\stm32l4xx_ll_fmc.c 0x00000000   Number         0  stm32l4xx_ll_fmc.o ABSOLUTE
    P:\\Drivers\\STM32L4xx_HAL_Driver\\Src\\stm32l4xx_ll_sdmmc.c 0x00000000   Number         0  stm32l4xx_ll_sdmmc.o ABSOLUTE
    P:\\Drivers\\STM32L4xx_HAL_Driver\\Src\\stm32l4xx_ll_usb.c 0x00000000   Number         0  stm32l4xx_ll_usb.o ABSOLUTE
    cdrcmple.s                               0x00000000   Number         0  cdrcmple.o ABSOLUTE
    dc.s                                     0x00000000   Number         0  dc.o ABSOLUTE
    handlers.s                               0x00000000   Number         0  handlers.o ABSOLUTE
    init.s                                   0x00000000   Number         0  init.o ABSOLUTE
    startup_stm32l476xx.s                    0x00000000   Number         0  startup_stm32l476xx.o ABSOLUTE
    RESET                                    0x08000000   Section      392  startup_stm32l476xx.o(RESET)
    .ARM.Collect$$$$00000000                 0x08000188   Section        0  entry.o(.ARM.Collect$$$$00000000)
    .ARM.Collect$$$$00000001                 0x08000188   Section        4  entry2.o(.ARM.Collect$$$$00000001)
    .ARM.Collect$$$$00000004                 0x0800018c   Section        4  entry5.o(.ARM.Collect$$$$00000004)
    .ARM.Collect$$$$00000008                 0x08000190   Section        0  entry7b.o(.ARM.Collect$$$$00000008)
    .ARM.Collect$$$$0000000A                 0x08000190   Section        0  entry8b.o(.ARM.Collect$$$$0000000A)
    .ARM.Collect$$$$0000000B                 0x08000190   Section        8  entry9a.o(.ARM.Collect$$$$0000000B)
    .ARM.Collect$$$$0000000D                 0x08000198   Section        0  entry10a.o(.ARM.Collect$$$$0000000D)
    .ARM.Collect$$$$0000000F                 0x08000198   Section        0  entry11a.o(.ARM.Collect$$$$0000000F)
    .ARM.Collect$$$$00002712                 0x08000198   Section        4  entry2.o(.ARM.Collect$$$$00002712)
    __lit__00000000                          0x08000198   Data           4  entry2.o(.ARM.Collect$$$$00002712)
    .text                                    0x0800019c   Section       36  startup_stm32l476xx.o(.text)
    $v0                                      0x0800019c   Number         0  startup_stm32l476xx.o(.text)
    .text                                    0x080001c0   Section        0  uldiv.o(.text)
    .text                                    0x08000228   Section        0  memcpya.o(.text)
    .text                                    0x0800024c   Section        0  memseta.o(.text)
    .text                                    0x08000270   Section        0  strlen.o(.text)
    .text                                    0x0800027e   Section        0  strcpy.o(.text)
    .text                                    0x08000290   Section        0  llshl.o(.text)
    .text                                    0x080002ae   Section        0  llushr.o(.text)
    .text                                    0x080002d0   Section       36  init.o(.text)
    .text                                    0x080002f4   Section        0  __dclz77c.o(.text)
    i.BusFault_Handler                       0x08000352   Section        0  stm32l4xx_it.o(i.BusFault_Handler)
    i.DebugMon_Handler                       0x08000356   Section        0  stm32l4xx_it.o(i.DebugMon_Handler)
    i.DetectSensors                          0x08000358   Section        0  vl53l0x_sigma.o(i.DetectSensors)
    i.Error_Handler                          0x080005dc   Section        0  vl53l0x_sigma.o(i.Error_Handler)
    i.GPIO_LED_Config                        0x08000650   Section        0  vl53l0x_sigma.o(i.GPIO_LED_Config)
    i.HAL_Delay                              0x080006fc   Section        0  stm32l4xx_hal.o(i.HAL_Delay)
    i.HAL_GPIO_Init                          0x08000724   Section        0  stm32l4xx_hal_gpio.o(i.HAL_GPIO_Init)
    i.HAL_GPIO_ReadPin                       0x08000928   Section        0  stm32l4xx_hal_gpio.o(i.HAL_GPIO_ReadPin)
    i.HAL_GPIO_TogglePin                     0x08000938   Section        0  stm32l4xx_hal_gpio.o(i.HAL_GPIO_TogglePin)
    i.HAL_GPIO_WritePin                      0x08000946   Section        0  stm32l4xx_hal_gpio.o(i.HAL_GPIO_WritePin)
    i.HAL_GetTick                            0x08000950   Section        0  stm32l4xx_hal.o(i.HAL_GetTick)
    i.HAL_I2C_Init                           0x0800095c   Section        0  stm32l4xx_hal_i2c.o(i.HAL_I2C_Init)
    i.HAL_I2C_Master_Receive                 0x08000a20   Section        0  stm32l4xx_hal_i2c.o(i.HAL_I2C_Master_Receive)
    i.HAL_I2C_Master_Transmit                0x08000b84   Section        0  stm32l4xx_hal_i2c.o(i.HAL_I2C_Master_Transmit)
    i.HAL_I2C_MspInit                        0x08000ce4   Section        0  stm32l4xx_hal_i2c.o(i.HAL_I2C_MspInit)
    i.HAL_IncTick                            0x08000ce8   Section        0  stm32l4xx_hal.o(i.HAL_IncTick)
    i.HAL_Init                               0x08000d00   Section        0  stm32l4xx_hal.o(i.HAL_Init)
    i.HAL_InitTick                           0x08000d20   Section        0  stm32l4xx_hal.o(i.HAL_InitTick)
    i.HAL_MspInit                            0x08000d78   Section        0  stm32l4xx_hal.o(i.HAL_MspInit)
    i.HAL_NVIC_SetPriority                   0x08000d7a   Section        0  stm32l4xx_hal_cortex.o(i.HAL_NVIC_SetPriority)
    i.HAL_NVIC_SetPriorityGrouping           0x08000dfc   Section        0  stm32l4xx_hal_cortex.o(i.HAL_NVIC_SetPriorityGrouping)
    i.HAL_PWREx_GetVoltageRange              0x08000e24   Section        0  stm32l4xx_hal_pwr_ex.o(i.HAL_PWREx_GetVoltageRange)
    i.HAL_RCC_ClockConfig                    0x08000e34   Section        0  stm32l4xx_hal_rcc.o(i.HAL_RCC_ClockConfig)
    i.HAL_RCC_GetHCLKFreq                    0x08000fb0   Section        0  stm32l4xx_hal_rcc.o(i.HAL_RCC_GetHCLKFreq)
    i.HAL_RCC_GetPCLK1Freq                   0x08000fbc   Section        0  stm32l4xx_hal_rcc.o(i.HAL_RCC_GetPCLK1Freq)
    i.HAL_RCC_GetPCLK2Freq                   0x08000fe0   Section        0  stm32l4xx_hal_rcc.o(i.HAL_RCC_GetPCLK2Freq)
    i.HAL_RCC_GetSysClockFreq                0x08001004   Section        0  stm32l4xx_hal_rcc.o(i.HAL_RCC_GetSysClockFreq)
    i.HAL_RCC_OscConfig                      0x080010f0   Section        0  stm32l4xx_hal_rcc.o(i.HAL_RCC_OscConfig)
    i.HAL_SYSTICK_Config                     0x080017ec   Section        0  stm32l4xx_hal_cortex.o(i.HAL_SYSTICK_Config)
    i.HAL_UART_Init                          0x08001820   Section        0  stm32l4xx_hal_uart.o(i.HAL_UART_Init)
    i.HAL_UART_MspInit                       0x08001894   Section        0  stm32l4xx_hal_uart.o(i.HAL_UART_MspInit)
    i.HAL_UART_Transmit                      0x08001896   Section        0  stm32l4xx_hal_uart.o(i.HAL_UART_Transmit)
    i.HardFault_Handler                      0x0800196e   Section        0  stm32l4xx_it.o(i.HardFault_Handler)
    i.I2C_Flush_TXDR                         0x08001972   Section        0  stm32l4xx_hal_i2c.o(i.I2C_Flush_TXDR)
    I2C_Flush_TXDR                           0x08001973   Thumb Code    40  stm32l4xx_hal_i2c.o(i.I2C_Flush_TXDR)
    i.I2C_IsAcknowledgeFailed                0x0800199c   Section        0  stm32l4xx_hal_i2c.o(i.I2C_IsAcknowledgeFailed)
    I2C_IsAcknowledgeFailed                  0x0800199d   Thumb Code   148  stm32l4xx_hal_i2c.o(i.I2C_IsAcknowledgeFailed)
    i.I2C_TransferConfig                     0x08001a34   Section        0  stm32l4xx_hal_i2c.o(i.I2C_TransferConfig)
    I2C_TransferConfig                       0x08001a35   Thumb Code    52  stm32l4xx_hal_i2c.o(i.I2C_TransferConfig)
    i.I2C_WaitOnFlagUntilTimeout             0x08001a68   Section        0  stm32l4xx_hal_i2c.o(i.I2C_WaitOnFlagUntilTimeout)
    I2C_WaitOnFlagUntilTimeout               0x08001a69   Thumb Code    94  stm32l4xx_hal_i2c.o(i.I2C_WaitOnFlagUntilTimeout)
    i.I2C_WaitOnRXNEFlagUntilTimeout         0x08001ac8   Section        0  stm32l4xx_hal_i2c.o(i.I2C_WaitOnRXNEFlagUntilTimeout)
    I2C_WaitOnRXNEFlagUntilTimeout           0x08001ac9   Thumb Code   156  stm32l4xx_hal_i2c.o(i.I2C_WaitOnRXNEFlagUntilTimeout)
    i.I2C_WaitOnSTOPFlagUntilTimeout         0x08001b68   Section        0  stm32l4xx_hal_i2c.o(i.I2C_WaitOnSTOPFlagUntilTimeout)
    I2C_WaitOnSTOPFlagUntilTimeout           0x08001b69   Thumb Code    86  stm32l4xx_hal_i2c.o(i.I2C_WaitOnSTOPFlagUntilTimeout)
    i.I2C_WaitOnTXISFlagUntilTimeout         0x08001bbe   Section        0  stm32l4xx_hal_i2c.o(i.I2C_WaitOnTXISFlagUntilTimeout)
    I2C_WaitOnTXISFlagUntilTimeout           0x08001bbf   Thumb Code    90  stm32l4xx_hal_i2c.o(i.I2C_WaitOnTXISFlagUntilTimeout)
    i.MY_USART2_UART_Init                    0x08001c18   Section        0  vl53l0x_sigma.o(i.MY_USART2_UART_Init)
    i.MemManage_Handler                      0x08001cd0   Section        0  stm32l4xx_it.o(i.MemManage_Handler)
    i.NMI_Handler                            0x08001cd4   Section        0  stm32l4xx_it.o(i.NMI_Handler)
    i.PendSV_Handler                         0x08001cd6   Section        0  stm32l4xx_it.o(i.PendSV_Handler)
    i.RCC_SetFlashLatencyFromMSIRange        0x08001cd8   Section        0  stm32l4xx_hal_rcc.o(i.RCC_SetFlashLatencyFromMSIRange)
    RCC_SetFlashLatencyFromMSIRange          0x08001cd9   Thumb Code   148  stm32l4xx_hal_rcc.o(i.RCC_SetFlashLatencyFromMSIRange)
    i.RangeDemo                              0x08001d74   Section        0  vl53l0x_sigma.o(i.RangeDemo)
    i.SVC_Handler                            0x08001ea0   Section        0  stm32l4xx_it.o(i.SVC_Handler)
    i.Sensor_SetNewRange                     0x08001ea4   Section        0  vl53l0x_sigma.o(i.Sensor_SetNewRange)
    i.SetupSingleShot                        0x08001eec   Section        0  vl53l0x_sigma.o(i.SetupSingleShot)
    i.SysTick_Handler                        0x0800204e   Section        0  stm32l4xx_it.o(i.SysTick_Handler)
    i.SystemClock_Config                     0x08002056   Section        0  main.o(i.SystemClock_Config)
    SystemClock_Config                       0x08002057   Thumb Code    92  main.o(i.SystemClock_Config)
    i.SystemInit                             0x080020b4   Section        0  system_stm32l4xx.o(i.SystemInit)
    i.UART_AdvFeatureConfig                  0x08002104   Section        0  stm32l4xx_hal_uart.o(i.UART_AdvFeatureConfig)
    i.UART_CheckIdleState                    0x080021fc   Section        0  stm32l4xx_hal_uart.o(i.UART_CheckIdleState)
    i.UART_SetConfig                         0x0800226c   Section        0  stm32l4xx_hal_uart.o(i.UART_SetConfig)
    i.UART_WaitOnFlagUntilTimeout            0x080026de   Section        0  stm32l4xx_hal_uart.o(i.UART_WaitOnFlagUntilTimeout)
    i.UsageFault_Handler                     0x08002792   Section        0  stm32l4xx_it.o(i.UsageFault_Handler)
    i.VL53L0X_CheckAndLoadInterruptSettings  0x08002798   Section        0  vl53l0x_api.o(i.VL53L0X_CheckAndLoadInterruptSettings)
    i.VL53L0X_ClearInterruptMask             0x0800281c   Section        0  vl53l0x_api.o(i.VL53L0X_ClearInterruptMask)
    i.VL53L0X_DataInit                       0x08002870   Section        0  vl53l0x_api.o(i.VL53L0X_DataInit)
    i.VL53L0X_GetDeviceMode                  0x08002a10   Section        0  vl53l0x_api.o(i.VL53L0X_GetDeviceMode)
    i.VL53L0X_GetDeviceParameters            0x08002a1a   Section        0  vl53l0x_api.o(i.VL53L0X_GetDeviceParameters)
    i.VL53L0X_GetFractionEnable              0x08002aba   Section        0  vl53l0x_api.o(i.VL53L0X_GetFractionEnable)
    i.VL53L0X_GetInterMeasurementPeriodMilliSeconds 0x08002adc   Section        0  vl53l0x_api.o(i.VL53L0X_GetInterMeasurementPeriodMilliSeconds)
    i.VL53L0X_GetInterruptMaskStatus         0x08002b1a   Section        0  vl53l0x_api.o(i.VL53L0X_GetInterruptMaskStatus)
    i.VL53L0X_GetInterruptThresholds         0x08002b4a   Section        0  vl53l0x_api.o(i.VL53L0X_GetInterruptThresholds)
    i.VL53L0X_GetLimitCheckEnable            0x08002b8c   Section        0  vl53l0x_api.o(i.VL53L0X_GetLimitCheckEnable)
    i.VL53L0X_GetLimitCheckValue             0x08002ba8   Section        0  vl53l0x_api.o(i.VL53L0X_GetLimitCheckValue)
    i.VL53L0X_GetMeasurementDataReady        0x08002c5e   Section        0  vl53l0x_api.o(i.VL53L0X_GetMeasurementDataReady)
    i.VL53L0X_GetMeasurementTimingBudgetMicroSeconds 0x08002cb4   Section        0  vl53l0x_api.o(i.VL53L0X_GetMeasurementTimingBudgetMicroSeconds)
    i.VL53L0X_GetOffsetCalibrationDataMicroMeter 0x08002cca   Section        0  vl53l0x_api.o(i.VL53L0X_GetOffsetCalibrationDataMicroMeter)
    i.VL53L0X_GetRangingMeasurementData      0x08002ce0   Section        0  vl53l0x_api.o(i.VL53L0X_GetRangingMeasurementData)
    i.VL53L0X_GetSequenceStepEnables         0x08002e54   Section        0  vl53l0x_api.o(i.VL53L0X_GetSequenceStepEnables)
    i.VL53L0X_GetVcselPulsePeriod            0x08002eca   Section        0  vl53l0x_api.o(i.VL53L0X_GetVcselPulsePeriod)
    i.VL53L0X_GetWrapAroundCheckEnable       0x08002ee8   Section        0  vl53l0x_api.o(i.VL53L0X_GetWrapAroundCheckEnable)
    i.VL53L0X_GetXTalkCompensationEnable     0x08002f26   Section        0  vl53l0x_api.o(i.VL53L0X_GetXTalkCompensationEnable)
    i.VL53L0X_GetXTalkCompensationRateMegaCps 0x08002f32   Section        0  vl53l0x_api.o(i.VL53L0X_GetXTalkCompensationRateMegaCps)
    i.VL53L0X_PerformRefCalibration          0x08002f6a   Section        0  vl53l0x_api.o(i.VL53L0X_PerformRefCalibration)
    i.VL53L0X_PerformRefSpadManagement       0x08002f8a   Section        0  vl53l0x_api.o(i.VL53L0X_PerformRefSpadManagement)
    i.VL53L0X_PerformSingleMeasurement       0x08002fa8   Section        0  vl53l0x_api.o(i.VL53L0X_PerformSingleMeasurement)
    i.VL53L0X_PerformSingleRangingMeasurement 0x08002fe4   Section        0  vl53l0x_api.o(i.VL53L0X_PerformSingleRangingMeasurement)
    i.VL53L0X_PollingDelay                   0x0800301c   Section        0  vl53l0x_platform.o(i.VL53L0X_PollingDelay)
    i.VL53L0X_RdByte                         0x0800302c   Section        0  vl53l0x_platform.o(i.VL53L0X_RdByte)
    i.VL53L0X_RdDWord                        0x08003060   Section        0  vl53l0x_platform.o(i.VL53L0X_RdDWord)
    i.VL53L0X_RdWord                         0x080030b8   Section        0  vl53l0x_platform.o(i.VL53L0X_RdWord)
    i.VL53L0X_ReadMulti                      0x08003100   Section        0  vl53l0x_platform.o(i.VL53L0X_ReadMulti)
    i.VL53L0X_SetDeviceAddress               0x0800313e   Section        0  vl53l0x_api.o(i.VL53L0X_SetDeviceAddress)
    i.VL53L0X_SetDeviceMode                  0x08003162   Section        0  vl53l0x_api.o(i.VL53L0X_SetDeviceMode)
    i.VL53L0X_SetGpioConfig                  0x08003194   Section        0  vl53l0x_api.o(i.VL53L0X_SetGpioConfig)
    i.VL53L0X_SetLimitCheckEnable            0x080032fa   Section        0  vl53l0x_api.o(i.VL53L0X_SetLimitCheckEnable)
    i.VL53L0X_SetLimitCheckValue             0x080033c2   Section        0  vl53l0x_api.o(i.VL53L0X_SetLimitCheckValue)
    i.VL53L0X_SetMeasurementTimingBudgetMicroSeconds 0x08003438   Section        0  vl53l0x_api.o(i.VL53L0X_SetMeasurementTimingBudgetMicroSeconds)
    i.VL53L0X_SetSequenceStepEnable          0x0800344e   Section        0  vl53l0x_api.o(i.VL53L0X_SetSequenceStepEnable)
    i.VL53L0X_SetVcselPulsePeriod            0x08003512   Section        0  vl53l0x_api.o(i.VL53L0X_SetVcselPulsePeriod)
    i.VL53L0X_StartMeasurement               0x08003530   Section        0  vl53l0x_api.o(i.VL53L0X_StartMeasurement)
    i.VL53L0X_StaticInit                     0x0800363c   Section        0  vl53l0x_api.o(i.VL53L0X_StaticInit)
    i.VL53L0X_UpdateByte                     0x080037dc   Section        0  vl53l0x_platform.o(i.VL53L0X_UpdateByte)
    i.VL53L0X_WrByte                         0x0800381c   Section        0  vl53l0x_platform.o(i.VL53L0X_WrByte)
    i.VL53L0X_WrWord                         0x08003850   Section        0  vl53l0x_platform.o(i.VL53L0X_WrWord)
    i.VL53L0X_WriteMulti                     0x08003888   Section        0  vl53l0x_platform.o(i.VL53L0X_WriteMulti)
    i.VL53L0X_calc_dmax                      0x080038cc   Section        0  vl53l0x_api_core.o(i.VL53L0X_calc_dmax)
    i.VL53L0X_calc_macro_period_ps           0x08003a5e   Section        0  vl53l0x_api_core.o(i.VL53L0X_calc_macro_period_ps)
    i.VL53L0X_calc_sigma_estimate            0x08003a74   Section        0  vl53l0x_api_core.o(i.VL53L0X_calc_sigma_estimate)
    i.VL53L0X_calc_timeout_mclks             0x08003d8a   Section        0  vl53l0x_api_core.o(i.VL53L0X_calc_timeout_mclks)
    i.VL53L0X_calc_timeout_us                0x08003dbe   Section        0  vl53l0x_api_core.o(i.VL53L0X_calc_timeout_us)
    i.VL53L0X_decode_timeout                 0x08003df2   Section        0  vl53l0x_api_core.o(i.VL53L0X_decode_timeout)
    i.VL53L0X_decode_vcsel_period            0x08003e00   Section        0  vl53l0x_api_core.o(i.VL53L0X_decode_vcsel_period)
    i.VL53L0X_device_read_strobe             0x08003e0c   Section        0  vl53l0x_api_core.o(i.VL53L0X_device_read_strobe)
    i.VL53L0X_encode_timeout                 0x08003e5e   Section        0  vl53l0x_api_core.o(i.VL53L0X_encode_timeout)
    i.VL53L0X_encode_vcsel_period            0x08003e86   Section        0  vl53l0x_api_core.o(i.VL53L0X_encode_vcsel_period)
    i.VL53L0X_get_info_from_device           0x08003e94   Section        0  vl53l0x_api_core.o(i.VL53L0X_get_info_from_device)
    i.VL53L0X_get_measurement_timing_budget_micro_seconds 0x080043e4   Section        0  vl53l0x_api_core.o(i.VL53L0X_get_measurement_timing_budget_micro_seconds)
    i.VL53L0X_get_offset_calibration_data_micro_meter 0x080044d8   Section        0  vl53l0x_api_calibration.o(i.VL53L0X_get_offset_calibration_data_micro_meter)
    i.VL53L0X_get_pal_range_status           0x0800452e   Section        0  vl53l0x_api_core.o(i.VL53L0X_get_pal_range_status)
    i.VL53L0X_get_total_signal_rate          0x08004768   Section        0  vl53l0x_api_core.o(i.VL53L0X_get_total_signal_rate)
    i.VL53L0X_get_total_xtalk_rate           0x08004790   Section        0  vl53l0x_api_core.o(i.VL53L0X_get_total_xtalk_rate)
    i.VL53L0X_get_vcsel_pulse_period         0x080047ca   Section        0  vl53l0x_api_core.o(i.VL53L0X_get_vcsel_pulse_period)
    i.VL53L0X_isqrt                          0x08004810   Section        0  vl53l0x_api_core.o(i.VL53L0X_isqrt)
    i.VL53L0X_load_tuning_settings           0x0800483c   Section        0  vl53l0x_api_core.o(i.VL53L0X_load_tuning_settings)
    i.VL53L0X_measurement_poll_for_completion 0x0800492c   Section        0  vl53l0x_api_core.o(i.VL53L0X_measurement_poll_for_completion)
    i.VL53L0X_perform_phase_calibration      0x0800496e   Section        0  vl53l0x_api_calibration.o(i.VL53L0X_perform_phase_calibration)
    i.VL53L0X_perform_ref_calibration        0x080049f0   Section        0  vl53l0x_api_calibration.o(i.VL53L0X_perform_ref_calibration)
    i.VL53L0X_perform_ref_spad_management    0x08004a3c   Section        0  vl53l0x_api_calibration.o(i.VL53L0X_perform_ref_spad_management)
    i.VL53L0X_perform_single_ref_calibration 0x08004cd4   Section        0  vl53l0x_api_calibration.o(i.VL53L0X_perform_single_ref_calibration)
    i.VL53L0X_perform_vhv_calibration        0x08004d14   Section        0  vl53l0x_api_calibration.o(i.VL53L0X_perform_vhv_calibration)
    i.VL53L0X_ref_calibration_io             0x08004d98   Section        0  vl53l0x_api_calibration.o(i.VL53L0X_ref_calibration_io)
    i.VL53L0X_set_measurement_timing_budget_micro_seconds 0x08004e4e   Section        0  vl53l0x_api_core.o(i.VL53L0X_set_measurement_timing_budget_micro_seconds)
    i.VL53L0X_set_reference_spads            0x08004f7a   Section        0  vl53l0x_api_calibration.o(i.VL53L0X_set_reference_spads)
    i.VL53L0X_set_vcsel_pulse_period         0x08005042   Section        0  vl53l0x_api_core.o(i.VL53L0X_set_vcsel_pulse_period)
    i.XNUCLEO53L0A1_I2C1Configure            0x08005348   Section        0  x-nucleo-53l0a1.o(i.XNUCLEO53L0A1_I2C1Configure)
    i.XNUCLEO53L0A1_Init                     0x080053e0   Section        0  x-nucleo-53l0a1.o(i.XNUCLEO53L0A1_Init)
    i.XNUCLEO53L0A1_ResetId                  0x08005484   Section        0  x-nucleo-53l0a1.o(i.XNUCLEO53L0A1_ResetId)
    i.XNUCLEO53L0A1_SetDisplayString         0x08005540   Section        0  x-nucleo-53l0a1.o(i.XNUCLEO53L0A1_SetDisplayString)
    i._ExpanderRd                            0x080055b8   Section        0  x-nucleo-53l0a1.o(i._ExpanderRd)
    _ExpanderRd                              0x080055b9   Thumb Code    72  x-nucleo-53l0a1.o(i._ExpanderRd)
    i._ExpanderWR                            0x08005604   Section        0  x-nucleo-53l0a1.o(i._ExpanderWR)
    _ExpanderWR                              0x08005605   Thumb Code    60  x-nucleo-53l0a1.o(i._ExpanderWR)
    i._ExpandersSetAllIO                     0x08005644   Section        0  x-nucleo-53l0a1.o(i._ExpandersSetAllIO)
    _ExpandersSetAllIO                       0x08005645   Thumb Code    42  x-nucleo-53l0a1.o(i._ExpandersSetAllIO)
    i._I2CRead                               0x08005674   Section        0  vl53l0x_platform.o(i._I2CRead)
    i._I2CWrite                              0x080056a2   Section        0  vl53l0x_platform.o(i._I2CWrite)
    i._I2cFailRecover                        0x080056cc   Section        0  x-nucleo-53l0a1.o(i._I2cFailRecover)
    _I2cFailRecover                          0x080056cd   Thumb Code   288  x-nucleo-53l0a1.o(i._I2cFailRecover)
    i.__0sprintf$8                           0x080057f4   Section        0  printf8.o(i.__0sprintf$8)
    i.__NVIC_GetPriorityGrouping             0x0800581c   Section        0  stm32l4xx_hal_cortex.o(i.__NVIC_GetPriorityGrouping)
    __NVIC_GetPriorityGrouping               0x0800581d   Thumb Code    10  stm32l4xx_hal_cortex.o(i.__NVIC_GetPriorityGrouping)
    i.__NVIC_SetPriority                     0x0800582c   Section        0  stm32l4xx_hal_cortex.o(i.__NVIC_SetPriority)
    __NVIC_SetPriority                       0x0800582d   Thumb Code    32  stm32l4xx_hal_cortex.o(i.__NVIC_SetPriority)
    i.__scatterload_copy                     0x08005854   Section       14  handlers.o(i.__scatterload_copy)
    i.__scatterload_null                     0x08005862   Section        2  handlers.o(i.__scatterload_null)
    i.__scatterload_zeroinit                 0x08005864   Section       14  handlers.o(i.__scatterload_zeroinit)
    i._printf_core                           0x08005874   Section        0  printf8.o(i._printf_core)
    _printf_core                             0x08005875   Thumb Code   996  printf8.o(i._printf_core)
    i._printf_post_padding                   0x08005c8a   Section        0  printf8.o(i._printf_post_padding)
    _printf_post_padding                     0x08005c8b   Thumb Code    36  printf8.o(i._printf_post_padding)
    i._printf_pre_padding                    0x08005cae   Section        0  printf8.o(i._printf_pre_padding)
    _printf_pre_padding                      0x08005caf   Thumb Code    46  printf8.o(i._printf_pre_padding)
    i._sputc                                 0x08005cdc   Section        0  printf8.o(i._sputc)
    _sputc                                   0x08005cdd   Thumb Code    10  printf8.o(i._sputc)
    i.enable_ref_spads                       0x08005ce6   Section        0  vl53l0x_api_calibration.o(i.enable_ref_spads)
    i.enable_spad_bit                        0x08005d98   Section        0  vl53l0x_api_calibration.o(i.enable_spad_bit)
    i.get_next_good_spad                     0x08005dca   Section        0  vl53l0x_api_calibration.o(i.get_next_good_spad)
    i.get_ref_spad_map                       0x08005e32   Section        0  vl53l0x_api_calibration.o(i.get_ref_spad_map)
    i.get_sequence_step_timeout              0x08005e4a   Section        0  vl53l0x_api_core.o(i.get_sequence_step_timeout)
    i.is_aperture                            0x08005f74   Section        0  vl53l0x_api_calibration.o(i.is_aperture)
    i.main                                   0x08005f8c   Section        0  main.o(i.main)
    i.perform_ref_signal_measurement         0x08005fb6   Section        0  vl53l0x_api_calibration.o(i.perform_ref_signal_measurement)
    i.sequence_step_enabled                  0x08006024   Section        0  vl53l0x_api.o(i.sequence_step_enabled)
    i.set_ref_spad_map                       0x0800606c   Section        0  vl53l0x_api_calibration.o(i.set_ref_spad_map)
    i.set_sequence_step_timeout              0x08006084   Section        0  vl53l0x_api_core.o(i.set_sequence_step_timeout)
    .constdata                               0x080061bc   Section       72  system_stm32l4xx.o(.constdata)
    .constdata                               0x08006204   Section      256  x-nucleo-53l0a1.o(.constdata)
    ascii_to_display_lut                     0x08006204   Data         256  x-nucleo-53l0a1.o(.constdata)
    .data                                    0x20000000   Section        4  system_stm32l4xx.o(.data)
    .data                                    0x20000004   Section      404  vl53l0x_sigma.o(.data)
    .data                                    0x20000198   Section       12  stm32l4xx_hal.o(.data)
    .data                                    0x200001a4   Section      681  vl53l0x_api.o(.data)
    .data                                    0x20000450   Section       16  vl53l0x_api_calibration.o(.data)
    .data                                    0x20000460   Section       20  x-nucleo-53l0a1.o(.data)
    CurIOVal                                 0x20000460   Data           4  x-nucleo-53l0a1.o(.data)
    DisplayBitPos                            0x20000464   Data          16  x-nucleo-53l0a1.o(.data)
    .bss                                     0x20000474   Section      420  vl53l0x_sigma.o(.bss)
    .bss                                     0x20000618   Section       64  vl53l0x_platform.o(.bss)
    .bss                                     0x20000658   Section       76  x-nucleo-53l0a1.o(.bss)
    STACK                                    0x200006a8   Section     1024  startup_stm32l476xx.o(STACK)

    Global Symbols

    Symbol Name                              Value     Ov Type        Size  Object(Section)

    BuildAttributes$$THM_ISAv4$E$P$D$K$B$S$7EM$VFPi3$EXTD16$VFPS$VFMA$PE$A:L22UL41UL21$X:L11$S22US41US21$IEEE1$IW$USESV6$~STKCKD$USESV7$~SHL$OSPACE$ROPI$EBA8$MICROLIB$REQ8$PRES8$EABIv2 0x00000000   Number         0  anon$$obj.o ABSOLUTE
    __ARM_use_no_argv                        0x00000000   Number         0  main.o ABSOLUTE
    _printf_a                                0x00000000   Number         0  stubs.o ABSOLUTE
    _printf_c                                0x00000000   Number         0  stubs.o ABSOLUTE
    _printf_charcount                        0x00000000   Number         0  stubs.o ABSOLUTE
    _printf_d                                0x00000000   Number         0  stubs.o ABSOLUTE
    _printf_e                                0x00000000   Number         0  stubs.o ABSOLUTE
    _printf_f                                0x00000000   Number         0  stubs.o ABSOLUTE
    _printf_flags                            0x00000000   Number         0  stubs.o ABSOLUTE
    _printf_fp_dec                           0x00000000   Number         0  stubs.o ABSOLUTE
    _printf_fp_hex                           0x00000000   Number         0  stubs.o ABSOLUTE
    _printf_g                                0x00000000   Number         0  stubs.o ABSOLUTE
    _printf_i                                0x00000000   Number         0  stubs.o ABSOLUTE
    _printf_int_dec                          0x00000000   Number         0  stubs.o ABSOLUTE
    _printf_l                                0x00000000   Number         0  stubs.o ABSOLUTE
    _printf_lc                               0x00000000   Number         0  stubs.o ABSOLUTE
    _printf_ll                               0x00000000   Number         0  stubs.o ABSOLUTE
    _printf_lld                              0x00000000   Number         0  stubs.o ABSOLUTE
    _printf_lli                              0x00000000   Number         0  stubs.o ABSOLUTE
    _printf_llo                              0x00000000   Number         0  stubs.o ABSOLUTE
    _printf_llu                              0x00000000   Number         0  stubs.o ABSOLUTE
    _printf_llx                              0x00000000   Number         0  stubs.o ABSOLUTE
    _printf_longlong_dec                     0x00000000   Number         0  stubs.o ABSOLUTE
    _printf_longlong_hex                     0x00000000   Number         0  stubs.o ABSOLUTE
    _printf_longlong_oct                     0x00000000   Number         0  stubs.o ABSOLUTE
    _printf_ls                               0x00000000   Number         0  stubs.o ABSOLUTE
    _printf_mbtowc                           0x00000000   Number         0  stubs.o ABSOLUTE
    _printf_n                                0x00000000   Number         0  stubs.o ABSOLUTE
    _printf_o                                0x00000000   Number         0  stubs.o ABSOLUTE
    _printf_p                                0x00000000   Number         0  stubs.o ABSOLUTE
    _printf_percent                          0x00000000   Number         0  stubs.o ABSOLUTE
    _printf_pre_padding                      0x00000000   Number         0  stubs.o ABSOLUTE
    _printf_return_value                     0x00000000   Number         0  stubs.o ABSOLUTE
    _printf_s                                0x00000000   Number         0  stubs.o ABSOLUTE
    _printf_sizespec                         0x00000000   Number         0  stubs.o ABSOLUTE
    _printf_str                              0x00000000   Number         0  stubs.o ABSOLUTE
    _printf_truncate_signed                  0x00000000   Number         0  stubs.o ABSOLUTE
    _printf_truncate_unsigned                0x00000000   Number         0  stubs.o ABSOLUTE
    _printf_u                                0x00000000   Number         0  stubs.o ABSOLUTE
    _printf_wc                               0x00000000   Number         0  stubs.o ABSOLUTE
    _printf_wctomb                           0x00000000   Number         0  stubs.o ABSOLUTE
    _printf_widthprec                        0x00000000   Number         0  stubs.o ABSOLUTE
    _printf_x                                0x00000000   Number         0  stubs.o ABSOLUTE
    __cpp_initialize__aeabi_                  - Undefined Weak Reference
    __cxa_finalize                            - Undefined Weak Reference
    _clock_init                               - Undefined Weak Reference
    _microlib_exit                            - Undefined Weak Reference
    __Vectors_Size                           0x00000188   Number         0  startup_stm32l476xx.o ABSOLUTE
    __Vectors                                0x08000000   Data           4  startup_stm32l476xx.o(RESET)
    __Vectors_End                            0x08000188   Data           0  startup_stm32l476xx.o(RESET)
    __main                                   0x08000189   Thumb Code     0  entry.o(.ARM.Collect$$$$00000000)
    _main_stk                                0x08000189   Thumb Code     0  entry2.o(.ARM.Collect$$$$00000001)
    _main_scatterload                        0x0800018d   Thumb Code     0  entry5.o(.ARM.Collect$$$$00000004)
    __main_after_scatterload                 0x08000191   Thumb Code     0  entry5.o(.ARM.Collect$$$$00000004)
    _main_clock                              0x08000191   Thumb Code     0  entry7b.o(.ARM.Collect$$$$00000008)
    _main_cpp_init                           0x08000191   Thumb Code     0  entry8b.o(.ARM.Collect$$$$0000000A)
    _main_init                               0x08000191   Thumb Code     0  entry9a.o(.ARM.Collect$$$$0000000B)
    __rt_final_cpp                           0x08000199   Thumb Code     0  entry10a.o(.ARM.Collect$$$$0000000D)
    __rt_final_exit                          0x08000199   Thumb Code     0  entry11a.o(.ARM.Collect$$$$0000000F)
    Reset_Handler                            0x0800019d   Thumb Code     8  startup_stm32l476xx.o(.text)
    ADC1_2_IRQHandler                        0x080001b7   Thumb Code     0  startup_stm32l476xx.o(.text)
    ADC3_IRQHandler                          0x080001b7   Thumb Code     0  startup_stm32l476xx.o(.text)
    CAN1_RX0_IRQHandler                      0x080001b7   Thumb Code     0  startup_stm32l476xx.o(.text)
    CAN1_RX1_IRQHandler                      0x080001b7   Thumb Code     0  startup_stm32l476xx.o(.text)
    CAN1_SCE_IRQHandler                      0x080001b7   Thumb Code     0  startup_stm32l476xx.o(.text)
    CAN1_TX_IRQHandler                       0x080001b7   Thumb Code     0  startup_stm32l476xx.o(.text)
    COMP_IRQHandler                          0x080001b7   Thumb Code     0  startup_stm32l476xx.o(.text)
    DFSDM1_FLT0_IRQHandler                   0x080001b7   Thumb Code     0  startup_stm32l476xx.o(.text)
    DFSDM1_FLT1_IRQHandler                   0x080001b7   Thumb Code     0  startup_stm32l476xx.o(.text)
    DFSDM1_FLT2_IRQHandler                   0x080001b7   Thumb Code     0  startup_stm32l476xx.o(.text)
    DFSDM1_FLT3_IRQHandler                   0x080001b7   Thumb Code     0  startup_stm32l476xx.o(.text)
    DMA1_Channel1_IRQHandler                 0x080001b7   Thumb Code     0  startup_stm32l476xx.o(.text)
    DMA1_Channel2_IRQHandler                 0x080001b7   Thumb Code     0  startup_stm32l476xx.o(.text)
    DMA1_Channel3_IRQHandler                 0x080001b7   Thumb Code     0  startup_stm32l476xx.o(.text)
    DMA1_Channel4_IRQHandler                 0x080001b7   Thumb Code     0  startup_stm32l476xx.o(.text)
    DMA1_Channel5_IRQHandler                 0x080001b7   Thumb Code     0  startup_stm32l476xx.o(.text)
    DMA1_Channel6_IRQHandler                 0x080001b7   Thumb Code     0  startup_stm32l476xx.o(.text)
    DMA1_Channel7_IRQHandler                 0x080001b7   Thumb Code     0  startup_stm32l476xx.o(.text)
    DMA2_Channel1_IRQHandler                 0x080001b7   Thumb Code     0  startup_stm32l476xx.o(.text)
    DMA2_Channel2_IRQHandler                 0x080001b7   Thumb Code     0  startup_stm32l476xx.o(.text)
    DMA2_Channel3_IRQHandler                 0x080001b7   Thumb Code     0  startup_stm32l476xx.o(.text)
    DMA2_Channel4_IRQHandler                 0x080001b7   Thumb Code     0  startup_stm32l476xx.o(.text)
    DMA2_Channel5_IRQHandler                 0x080001b7   Thumb Code     0  startup_stm32l476xx.o(.text)
    DMA2_Channel6_IRQHandler                 0x080001b7   Thumb Code     0  startup_stm32l476xx.o(.text)
    DMA2_Channel7_IRQHandler                 0x080001b7   Thumb Code     0  startup_stm32l476xx.o(.text)
    EXTI0_IRQHandler                         0x080001b7   Thumb Code     0  startup_stm32l476xx.o(.text)
    EXTI15_10_IRQHandler                     0x080001b7   Thumb Code     0  startup_stm32l476xx.o(.text)
    EXTI1_IRQHandler                         0x080001b7   Thumb Code     0  startup_stm32l476xx.o(.text)
    EXTI2_IRQHandler                         0x080001b7   Thumb Code     0  startup_stm32l476xx.o(.text)
    EXTI3_IRQHandler                         0x080001b7   Thumb Code     0  startup_stm32l476xx.o(.text)
    EXTI4_IRQHandler                         0x080001b7   Thumb Code     0  startup_stm32l476xx.o(.text)
    EXTI9_5_IRQHandler                       0x080001b7   Thumb Code     0  startup_stm32l476xx.o(.text)
    FLASH_IRQHandler                         0x080001b7   Thumb Code     0  startup_stm32l476xx.o(.text)
    FMC_IRQHandler                           0x080001b7   Thumb Code     0  startup_stm32l476xx.o(.text)
    FPU_IRQHandler                           0x080001b7   Thumb Code     0  startup_stm32l476xx.o(.text)
    I2C1_ER_IRQHandler                       0x080001b7   Thumb Code     0  startup_stm32l476xx.o(.text)
    I2C1_EV_IRQHandler                       0x080001b7   Thumb Code     0  startup_stm32l476xx.o(.text)
    I2C2_ER_IRQHandler                       0x080001b7   Thumb Code     0  startup_stm32l476xx.o(.text)
    I2C2_EV_IRQHandler                       0x080001b7   Thumb Code     0  startup_stm32l476xx.o(.text)
    I2C3_ER_IRQHandler                       0x080001b7   Thumb Code     0  startup_stm32l476xx.o(.text)
    I2C3_EV_IRQHandler                       0x080001b7   Thumb Code     0  startup_stm32l476xx.o(.text)
    LCD_IRQHandler                           0x080001b7   Thumb Code     0  startup_stm32l476xx.o(.text)
    LPTIM1_IRQHandler                        0x080001b7   Thumb Code     0  startup_stm32l476xx.o(.text)
    LPTIM2_IRQHandler                        0x080001b7   Thumb Code     0  startup_stm32l476xx.o(.text)
    LPUART1_IRQHandler                       0x080001b7   Thumb Code     0  startup_stm32l476xx.o(.text)
    OTG_FS_IRQHandler                        0x080001b7   Thumb Code     0  startup_stm32l476xx.o(.text)
    PVD_PVM_IRQHandler                       0x080001b7   Thumb Code     0  startup_stm32l476xx.o(.text)
    QUADSPI_IRQHandler                       0x080001b7   Thumb Code     0  startup_stm32l476xx.o(.text)
    RCC_IRQHandler                           0x080001b7   Thumb Code     0  startup_stm32l476xx.o(.text)
    RNG_IRQHandler                           0x080001b7   Thumb Code     0  startup_stm32l476xx.o(.text)
    RTC_Alarm_IRQHandler                     0x080001b7   Thumb Code     0  startup_stm32l476xx.o(.text)
    RTC_WKUP_IRQHandler                      0x080001b7   Thumb Code     0  startup_stm32l476xx.o(.text)
    SAI1_IRQHandler                          0x080001b7   Thumb Code     0  startup_stm32l476xx.o(.text)
    SAI2_IRQHandler                          0x080001b7   Thumb Code     0  startup_stm32l476xx.o(.text)
    SDMMC1_IRQHandler                        0x080001b7   Thumb Code     0  startup_stm32l476xx.o(.text)
    SPI1_IRQHandler                          0x080001b7   Thumb Code     0  startup_stm32l476xx.o(.text)
    SPI2_IRQHandler                          0x080001b7   Thumb Code     0  startup_stm32l476xx.o(.text)
    SPI3_IRQHandler                          0x080001b7   Thumb Code     0  startup_stm32l476xx.o(.text)
    SWPMI1_IRQHandler                        0x080001b7   Thumb Code     0  startup_stm32l476xx.o(.text)
    TAMP_STAMP_IRQHandler                    0x080001b7   Thumb Code     0  startup_stm32l476xx.o(.text)
    TIM1_BRK_TIM15_IRQHandler                0x080001b7   Thumb Code     0  startup_stm32l476xx.o(.text)
    TIM1_CC_IRQHandler                       0x080001b7   Thumb Code     0  startup_stm32l476xx.o(.text)
    TIM1_TRG_COM_TIM17_IRQHandler            0x080001b7   Thumb Code     0  startup_stm32l476xx.o(.text)
    TIM1_UP_TIM16_IRQHandler                 0x080001b7   Thumb Code     0  startup_stm32l476xx.o(.text)
    TIM2_IRQHandler                          0x080001b7   Thumb Code     0  startup_stm32l476xx.o(.text)
    TIM3_IRQHandler                          0x080001b7   Thumb Code     0  startup_stm32l476xx.o(.text)
    TIM4_IRQHandler                          0x080001b7   Thumb Code     0  startup_stm32l476xx.o(.text)
    TIM5_IRQHandler                          0x080001b7   Thumb Code     0  startup_stm32l476xx.o(.text)
    TIM6_DAC_IRQHandler                      0x080001b7   Thumb Code     0  startup_stm32l476xx.o(.text)
    TIM7_IRQHandler                          0x080001b7   Thumb Code     0  startup_stm32l476xx.o(.text)
    TIM8_BRK_IRQHandler                      0x080001b7   Thumb Code     0  startup_stm32l476xx.o(.text)
    TIM8_CC_IRQHandler                       0x080001b7   Thumb Code     0  startup_stm32l476xx.o(.text)
    TIM8_TRG_COM_IRQHandler                  0x080001b7   Thumb Code     0  startup_stm32l476xx.o(.text)
    TIM8_UP_IRQHandler                       0x080001b7   Thumb Code     0  startup_stm32l476xx.o(.text)
    TSC_IRQHandler                           0x080001b7   Thumb Code     0  startup_stm32l476xx.o(.text)
    UART4_IRQHandler                         0x080001b7   Thumb Code     0  startup_stm32l476xx.o(.text)
    UART5_IRQHandler                         0x080001b7   Thumb Code     0  startup_stm32l476xx.o(.text)
    USART1_IRQHandler                        0x080001b7   Thumb Code     0  startup_stm32l476xx.o(.text)
    USART2_IRQHandler                        0x080001b7   Thumb Code     0  startup_stm32l476xx.o(.text)
    USART3_IRQHandler                        0x080001b7   Thumb Code     0  startup_stm32l476xx.o(.text)
    WWDG_IRQHandler                          0x080001b7   Thumb Code     0  startup_stm32l476xx.o(.text)
    __aeabi_uldivmod                         0x080001c1   Thumb Code    98  uldiv.o(.text)
    __aeabi_memcpy                           0x08000229   Thumb Code    36  memcpya.o(.text)
    __aeabi_memcpy4                          0x08000229   Thumb Code     0  memcpya.o(.text)
    __aeabi_memcpy8                          0x08000229   Thumb Code     0  memcpya.o(.text)
    __aeabi_memset                           0x0800024d   Thumb Code    14  memseta.o(.text)
    __aeabi_memset4                          0x0800024d   Thumb Code     0  memseta.o(.text)
    __aeabi_memset8                          0x0800024d   Thumb Code     0  memseta.o(.text)
    __aeabi_memclr                           0x0800025b   Thumb Code     4  memseta.o(.text)
    __aeabi_memclr4                          0x0800025b   Thumb Code     0  memseta.o(.text)
    __aeabi_memclr8                          0x0800025b   Thumb Code     0  memseta.o(.text)
    _memset$wrapper                          0x0800025f   Thumb Code    18  memseta.o(.text)
    strlen                                   0x08000271   Thumb Code    14  strlen.o(.text)
    strcpy                                   0x0800027f   Thumb Code    18  strcpy.o(.text)
    __aeabi_llsl                             0x08000291   Thumb Code    30  llshl.o(.text)
    _ll_shift_l                              0x08000291   Thumb Code     0  llshl.o(.text)
    __aeabi_llsr                             0x080002af   Thumb Code    32  llushr.o(.text)
    _ll_ushift_r                             0x080002af   Thumb Code     0  llushr.o(.text)
    __scatterload                            0x080002d1   Thumb Code    28  init.o(.text)
    __scatterload_rt2                        0x080002d1   Thumb Code     0  init.o(.text)
    __decompress                             0x080002f5   Thumb Code     0  __dclz77c.o(.text)
    __decompress2                            0x080002f5   Thumb Code    94  __dclz77c.o(.text)
    BusFault_Handler                         0x08000353   Thumb Code     4  stm32l4xx_it.o(i.BusFault_Handler)
    DebugMon_Handler                         0x08000357   Thumb Code     2  stm32l4xx_it.o(i.DebugMon_Handler)
    DetectSensors                            0x08000359   Thumb Code   410  vl53l0x_sigma.o(i.DetectSensors)
    Error_Handler                            0x080005dd   Thumb Code    86  vl53l0x_sigma.o(i.Error_Handler)
    GPIO_LED_Config                          0x08000651   Thumb Code   160  vl53l0x_sigma.o(i.GPIO_LED_Config)
    HAL_Delay                                0x080006fd   Thumb Code    36  stm32l4xx_hal.o(i.HAL_Delay)
    HAL_GPIO_Init                            0x08000725   Thumb Code   480  stm32l4xx_hal_gpio.o(i.HAL_GPIO_Init)
    HAL_GPIO_ReadPin                         0x08000929   Thumb Code    16  stm32l4xx_hal_gpio.o(i.HAL_GPIO_ReadPin)
    HAL_GPIO_TogglePin                       0x08000939   Thumb Code    14  stm32l4xx_hal_gpio.o(i.HAL_GPIO_TogglePin)
    HAL_GPIO_WritePin                        0x08000947   Thumb Code    10  stm32l4xx_hal_gpio.o(i.HAL_GPIO_WritePin)
    HAL_GetTick                              0x08000951   Thumb Code     6  stm32l4xx_hal.o(i.HAL_GetTick)
    HAL_I2C_Init                             0x0800095d   Thumb Code   192  stm32l4xx_hal_i2c.o(i.HAL_I2C_Init)
    HAL_I2C_Master_Receive                   0x08000a21   Thumb Code   348  stm32l4xx_hal_i2c.o(i.HAL_I2C_Master_Receive)
    HAL_I2C_Master_Transmit                  0x08000b85   Thumb Code   344  stm32l4xx_hal_i2c.o(i.HAL_I2C_Master_Transmit)
    HAL_I2C_MspInit                          0x08000ce5   Thumb Code     2  stm32l4xx_hal_i2c.o(i.HAL_I2C_MspInit)
    HAL_IncTick                              0x08000ce9   Thumb Code    16  stm32l4xx_hal.o(i.HAL_IncTick)
    HAL_Init                                 0x08000d01   Thumb Code    30  stm32l4xx_hal.o(i.HAL_Init)
    HAL_InitTick                             0x08000d21   Thumb Code    74  stm32l4xx_hal.o(i.HAL_InitTick)
    HAL_MspInit                              0x08000d79   Thumb Code     2  stm32l4xx_hal.o(i.HAL_MspInit)
    HAL_NVIC_SetPriority                     0x08000d7b   Thumb Code   124  stm32l4xx_hal_cortex.o(i.HAL_NVIC_SetPriority)
    HAL_NVIC_SetPriorityGrouping             0x08000dfd   Thumb Code    32  stm32l4xx_hal_cortex.o(i.HAL_NVIC_SetPriorityGrouping)
    HAL_PWREx_GetVoltageRange                0x08000e25   Thumb Code    10  stm32l4xx_hal_pwr_ex.o(i.HAL_PWREx_GetVoltageRange)
    HAL_RCC_ClockConfig                      0x08000e35   Thumb Code   360  stm32l4xx_hal_rcc.o(i.HAL_RCC_ClockConfig)
    HAL_RCC_GetHCLKFreq                      0x08000fb1   Thumb Code     6  stm32l4xx_hal_rcc.o(i.HAL_RCC_GetHCLKFreq)
    HAL_RCC_GetPCLK1Freq                     0x08000fbd   Thumb Code    26  stm32l4xx_hal_rcc.o(i.HAL_RCC_GetPCLK1Freq)
    HAL_RCC_GetPCLK2Freq                     0x08000fe1   Thumb Code    26  stm32l4xx_hal_rcc.o(i.HAL_RCC_GetPCLK2Freq)
    HAL_RCC_GetSysClockFreq                  0x08001005   Thumb Code   220  stm32l4xx_hal_rcc.o(i.HAL_RCC_GetSysClockFreq)
    HAL_RCC_OscConfig                        0x080010f1   Thumb Code  1772  stm32l4xx_hal_rcc.o(i.HAL_RCC_OscConfig)
    HAL_SYSTICK_Config                       0x080017ed   Thumb Code    52  stm32l4xx_hal_cortex.o(i.HAL_SYSTICK_Config)
    HAL_UART_Init                            0x08001821   Thumb Code   116  stm32l4xx_hal_uart.o(i.HAL_UART_Init)
    HAL_UART_MspInit                         0x08001895   Thumb Code     2  stm32l4xx_hal_uart.o(i.HAL_UART_MspInit)
    HAL_UART_Transmit                        0x08001897   Thumb Code   210  stm32l4xx_hal_uart.o(i.HAL_UART_Transmit)
    HardFault_Handler                        0x0800196f   Thumb Code     4  stm32l4xx_it.o(i.HardFault_Handler)
    MY_USART2_UART_Init                      0x08001c19   Thumb Code   156  vl53l0x_sigma.o(i.MY_USART2_UART_Init)
    MemManage_Handler                        0x08001cd1   Thumb Code     4  stm32l4xx_it.o(i.MemManage_Handler)
    NMI_Handler                              0x08001cd5   Thumb Code     2  stm32l4xx_it.o(i.NMI_Handler)
    PendSV_Handler                           0x08001cd7   Thumb Code     2  stm32l4xx_it.o(i.PendSV_Handler)
    RangeDemo                                0x08001d75   Thumb Code   192  vl53l0x_sigma.o(i.RangeDemo)
    SVC_Handler                              0x08001ea1   Thumb Code     2  stm32l4xx_it.o(i.SVC_Handler)
    Sensor_SetNewRange                       0x08001ea5   Thumb Code    66  vl53l0x_sigma.o(i.Sensor_SetNewRange)
    SetupSingleShot                          0x08001eed   Thumb Code   328  vl53l0x_sigma.o(i.SetupSingleShot)
    SysTick_Handler                          0x0800204f   Thumb Code     8  stm32l4xx_it.o(i.SysTick_Handler)
    SystemInit                               0x080020b5   Thumb Code    68  system_stm32l4xx.o(i.SystemInit)
    UART_AdvFeatureConfig                    0x08002105   Thumb Code   248  stm32l4xx_hal_uart.o(i.UART_AdvFeatureConfig)
    UART_CheckIdleState                      0x080021fd   Thumb Code   110  stm32l4xx_hal_uart.o(i.UART_CheckIdleState)
    UART_SetConfig                           0x0800226d   Thumb Code  1132  stm32l4xx_hal_uart.o(i.UART_SetConfig)
    UART_WaitOnFlagUntilTimeout              0x080026df   Thumb Code   180  stm32l4xx_hal_uart.o(i.UART_WaitOnFlagUntilTimeout)
    UsageFault_Handler                       0x08002793   Thumb Code     4  stm32l4xx_it.o(i.UsageFault_Handler)
    VL53L0X_CheckAndLoadInterruptSettings    0x08002799   Thumb Code   126  vl53l0x_api.o(i.VL53L0X_CheckAndLoadInterruptSettings)
    VL53L0X_ClearInterruptMask               0x0800281d   Thumb Code    82  vl53l0x_api.o(i.VL53L0X_ClearInterruptMask)
    VL53L0X_DataInit                         0x08002871   Thumb Code   406  vl53l0x_api.o(i.VL53L0X_DataInit)
    VL53L0X_GetDeviceMode                    0x08002a11   Thumb Code    10  vl53l0x_api.o(i.VL53L0X_GetDeviceMode)
    VL53L0X_GetDeviceParameters              0x08002a1b   Thumb Code   160  vl53l0x_api.o(i.VL53L0X_GetDeviceParameters)
    VL53L0X_GetFractionEnable                0x08002abb   Thumb Code    34  vl53l0x_api.o(i.VL53L0X_GetFractionEnable)
    VL53L0X_GetInterMeasurementPeriodMilliSeconds 0x08002add   Thumb Code    62  vl53l0x_api.o(i.VL53L0X_GetInterMeasurementPeriodMilliSeconds)
    VL53L0X_GetInterruptMaskStatus           0x08002b1b   Thumb Code    48  vl53l0x_api.o(i.VL53L0X_GetInterruptMaskStatus)
    VL53L0X_GetInterruptThresholds           0x08002b4b   Thumb Code    66  vl53l0x_api.o(i.VL53L0X_GetInterruptThresholds)
    VL53L0X_GetLimitCheckEnable              0x08002b8d   Thumb Code    28  vl53l0x_api.o(i.VL53L0X_GetLimitCheckEnable)
    VL53L0X_GetLimitCheckValue               0x08002ba9   Thumb Code   182  vl53l0x_api.o(i.VL53L0X_GetLimitCheckValue)
    VL53L0X_GetMeasurementDataReady          0x08002c5f   Thumb Code    86  vl53l0x_api.o(i.VL53L0X_GetMeasurementDataReady)
    VL53L0X_GetMeasurementTimingBudgetMicroSeconds 0x08002cb5   Thumb Code    22  vl53l0x_api.o(i.VL53L0X_GetMeasurementTimingBudgetMicroSeconds)
    VL53L0X_GetOffsetCalibrationDataMicroMeter 0x08002ccb   Thumb Code    22  vl53l0x_api.o(i.VL53L0X_GetOffsetCalibrationDataMicroMeter)
    VL53L0X_GetRangingMeasurementData        0x08002ce1   Thumb Code   366  vl53l0x_api.o(i.VL53L0X_GetRangingMeasurementData)
    VL53L0X_GetSequenceStepEnables           0x08002e55   Thumb Code   118  vl53l0x_api.o(i.VL53L0X_GetSequenceStepEnables)
    VL53L0X_GetVcselPulsePeriod              0x08002ecb   Thumb Code    30  vl53l0x_api.o(i.VL53L0X_GetVcselPulsePeriod)
    VL53L0X_GetWrapAroundCheckEnable         0x08002ee9   Thumb Code    62  vl53l0x_api.o(i.VL53L0X_GetWrapAroundCheckEnable)
    VL53L0X_GetXTalkCompensationEnable       0x08002f27   Thumb Code    12  vl53l0x_api.o(i.VL53L0X_GetXTalkCompensationEnable)
    VL53L0X_GetXTalkCompensationRateMegaCps  0x08002f33   Thumb Code    56  vl53l0x_api.o(i.VL53L0X_GetXTalkCompensationRateMegaCps)
    VL53L0X_PerformRefCalibration            0x08002f6b   Thumb Code    32  vl53l0x_api.o(i.VL53L0X_PerformRefCalibration)
    VL53L0X_PerformRefSpadManagement         0x08002f8b   Thumb Code    30  vl53l0x_api.o(i.VL53L0X_PerformRefSpadManagement)
    VL53L0X_PerformSingleMeasurement         0x08002fa9   Thumb Code    60  vl53l0x_api.o(i.VL53L0X_PerformSingleMeasurement)
    VL53L0X_PerformSingleRangingMeasurement  0x08002fe5   Thumb Code    56  vl53l0x_api.o(i.VL53L0X_PerformSingleRangingMeasurement)
    VL53L0X_PollingDelay                     0x0800301d   Thumb Code    16  vl53l0x_platform.o(i.VL53L0X_PollingDelay)
    VL53L0X_RdByte                           0x0800302d   Thumb Code    52  vl53l0x_platform.o(i.VL53L0X_RdByte)
    VL53L0X_RdDWord                          0x08003061   Thumb Code    84  vl53l0x_platform.o(i.VL53L0X_RdDWord)
    VL53L0X_RdWord                           0x080030b9   Thumb Code    68  vl53l0x_platform.o(i.VL53L0X_RdWord)
    VL53L0X_ReadMulti                        0x08003101   Thumb Code    62  vl53l0x_platform.o(i.VL53L0X_ReadMulti)
    VL53L0X_SetDeviceAddress                 0x0800313f   Thumb Code    36  vl53l0x_api.o(i.VL53L0X_SetDeviceAddress)
    VL53L0X_SetDeviceMode                    0x08003163   Thumb Code    50  vl53l0x_api.o(i.VL53L0X_SetDeviceMode)
    VL53L0X_SetGpioConfig                    0x08003195   Thumb Code   358  vl53l0x_api.o(i.VL53L0X_SetGpioConfig)
    VL53L0X_SetLimitCheckEnable              0x080032fb   Thumb Code   194  vl53l0x_api.o(i.VL53L0X_SetLimitCheckEnable)
    VL53L0X_SetLimitCheckValue               0x080033c3   Thumb Code   118  vl53l0x_api.o(i.VL53L0X_SetLimitCheckValue)
    VL53L0X_SetMeasurementTimingBudgetMicroSeconds 0x08003439   Thumb Code    22  vl53l0x_api.o(i.VL53L0X_SetMeasurementTimingBudgetMicroSeconds)
    VL53L0X_SetSequenceStepEnable            0x0800344f   Thumb Code   196  vl53l0x_api.o(i.VL53L0X_SetSequenceStepEnable)
    VL53L0X_SetVcselPulsePeriod              0x08003513   Thumb Code    30  vl53l0x_api.o(i.VL53L0X_SetVcselPulsePeriod)
    VL53L0X_StartMeasurement                 0x08003531   Thumb Code   268  vl53l0x_api.o(i.VL53L0X_StartMeasurement)
    VL53L0X_StaticInit                       0x0800363d   Thumb Code   410  vl53l0x_api.o(i.VL53L0X_StaticInit)
    VL53L0X_UpdateByte                       0x080037dd   Thumb Code    62  vl53l0x_platform.o(i.VL53L0X_UpdateByte)
    VL53L0X_WrByte                           0x0800381d   Thumb Code    46  vl53l0x_platform.o(i.VL53L0X_WrByte)
    VL53L0X_WrWord                           0x08003851   Thumb Code    50  vl53l0x_platform.o(i.VL53L0X_WrWord)
    VL53L0X_WriteMulti                       0x08003889   Thumb Code    64  vl53l0x_platform.o(i.VL53L0X_WriteMulti)
    VL53L0X_calc_dmax                        0x080038cd   Thumb Code   392  vl53l0x_api_core.o(i.VL53L0X_calc_dmax)
    VL53L0X_calc_macro_period_ps             0x08003a5f   Thumb Code    22  vl53l0x_api_core.o(i.VL53L0X_calc_macro_period_ps)
    VL53L0X_calc_sigma_estimate              0x08003a75   Thumb Code   772  vl53l0x_api_core.o(i.VL53L0X_calc_sigma_estimate)
    VL53L0X_calc_timeout_mclks               0x08003d8b   Thumb Code    52  vl53l0x_api_core.o(i.VL53L0X_calc_timeout_mclks)
    VL53L0X_calc_timeout_us                  0x08003dbf   Thumb Code    52  vl53l0x_api_core.o(i.VL53L0X_calc_timeout_us)
    VL53L0X_decode_timeout                   0x08003df3   Thumb Code    14  vl53l0x_api_core.o(i.VL53L0X_decode_timeout)
    VL53L0X_decode_vcsel_period              0x08003e01   Thumb Code    12  vl53l0x_api_core.o(i.VL53L0X_decode_vcsel_period)
    VL53L0X_device_read_strobe               0x08003e0d   Thumb Code    82  vl53l0x_api_core.o(i.VL53L0X_device_read_strobe)
    VL53L0X_encode_timeout                   0x08003e5f   Thumb Code    40  vl53l0x_api_core.o(i.VL53L0X_encode_timeout)
    VL53L0X_encode_vcsel_period              0x08003e87   Thumb Code    14  vl53l0x_api_core.o(i.VL53L0X_encode_vcsel_period)
    VL53L0X_get_info_from_device             0x08003e95   Thumb Code  1354  vl53l0x_api_core.o(i.VL53L0X_get_info_from_device)
    VL53L0X_get_measurement_timing_budget_micro_seconds 0x080043e5   Thumb Code   238  vl53l0x_api_core.o(i.VL53L0X_get_measurement_timing_budget_micro_seconds)
    VL53L0X_get_offset_calibration_data_micro_meter 0x080044d9   Thumb Code    86  vl53l0x_api_calibration.o(i.VL53L0X_get_offset_calibration_data_micro_meter)
    VL53L0X_get_pal_range_status             0x0800452f   Thumb Code   564  vl53l0x_api_core.o(i.VL53L0X_get_pal_range_status)
    VL53L0X_get_total_signal_rate            0x08004769   Thumb Code    40  vl53l0x_api_core.o(i.VL53L0X_get_total_signal_rate)
    VL53L0X_get_total_xtalk_rate             0x08004791   Thumb Code    58  vl53l0x_api_core.o(i.VL53L0X_get_total_xtalk_rate)
    VL53L0X_get_vcsel_pulse_period           0x080047cb   Thumb Code    70  vl53l0x_api_core.o(i.VL53L0X_get_vcsel_pulse_period)
    VL53L0X_isqrt                            0x08004811   Thumb Code    44  vl53l0x_api_core.o(i.VL53L0X_isqrt)
    VL53L0X_load_tuning_settings             0x0800483d   Thumb Code   234  vl53l0x_api_core.o(i.VL53L0X_load_tuning_settings)
    VL53L0X_measurement_poll_for_completion  0x0800492d   Thumb Code    66  vl53l0x_api_core.o(i.VL53L0X_measurement_poll_for_completion)
    VL53L0X_perform_phase_calibration        0x0800496f   Thumb Code   124  vl53l0x_api_calibration.o(i.VL53L0X_perform_phase_calibration)
    VL53L0X_perform_ref_calibration          0x080049f1   Thumb Code    76  vl53l0x_api_calibration.o(i.VL53L0X_perform_ref_calibration)
    VL53L0X_perform_ref_spad_management      0x08004a3d   Thumb Code   658  vl53l0x_api_calibration.o(i.VL53L0X_perform_ref_spad_management)
    VL53L0X_perform_single_ref_calibration   0x08004cd5   Thumb Code    64  vl53l0x_api_calibration.o(i.VL53L0X_perform_single_ref_calibration)
    VL53L0X_perform_vhv_calibration          0x08004d15   Thumb Code   126  vl53l0x_api_calibration.o(i.VL53L0X_perform_vhv_calibration)
    VL53L0X_ref_calibration_io               0x08004d99   Thumb Code   176  vl53l0x_api_calibration.o(i.VL53L0X_ref_calibration_io)
    VL53L0X_set_measurement_timing_budget_micro_seconds 0x08004e4f   Thumb Code   294  vl53l0x_api_core.o(i.VL53L0X_set_measurement_timing_budget_micro_seconds)
    VL53L0X_set_reference_spads              0x08004f7b   Thumb Code   194  vl53l0x_api_calibration.o(i.VL53L0X_set_reference_spads)
    VL53L0X_set_vcsel_pulse_period           0x08005043   Thumb Code   766  vl53l0x_api_core.o(i.VL53L0X_set_vcsel_pulse_period)
    XNUCLEO53L0A1_I2C1Configure              0x08005349   Thumb Code   132  x-nucleo-53l0a1.o(i.XNUCLEO53L0A1_I2C1Configure)
    XNUCLEO53L0A1_Init                       0x080053e1   Thumb Code   158  x-nucleo-53l0a1.o(i.XNUCLEO53L0A1_Init)
    XNUCLEO53L0A1_ResetId                    0x08005485   Thumb Code   184  x-nucleo-53l0a1.o(i.XNUCLEO53L0A1_ResetId)
    XNUCLEO53L0A1_SetDisplayString           0x08005541   Thumb Code   108  x-nucleo-53l0a1.o(i.XNUCLEO53L0A1_SetDisplayString)
    _I2CRead                                 0x08005675   Thumb Code    46  vl53l0x_platform.o(i._I2CRead)
    _I2CWrite                                0x080056a3   Thumb Code    42  vl53l0x_platform.o(i._I2CWrite)
    __0sprintf$8                             0x080057f5   Thumb Code    34  printf8.o(i.__0sprintf$8)
    __1sprintf$8                             0x080057f5   Thumb Code     0  printf8.o(i.__0sprintf$8)
    __2sprintf                               0x080057f5   Thumb Code     0  printf8.o(i.__0sprintf$8)
    __scatterload_copy                       0x08005855   Thumb Code    14  handlers.o(i.__scatterload_copy)
    __scatterload_null                       0x08005863   Thumb Code     2  handlers.o(i.__scatterload_null)
    __scatterload_zeroinit                   0x08005865   Thumb Code    14  handlers.o(i.__scatterload_zeroinit)
    enable_ref_spads                         0x08005ce7   Thumb Code   172  vl53l0x_api_calibration.o(i.enable_ref_spads)
    enable_spad_bit                          0x08005d99   Thumb Code    50  vl53l0x_api_calibration.o(i.enable_spad_bit)
    get_next_good_spad                       0x08005dcb   Thumb Code   104  vl53l0x_api_calibration.o(i.get_next_good_spad)
    get_ref_spad_map                         0x08005e33   Thumb Code    24  vl53l0x_api_calibration.o(i.get_ref_spad_map)
    get_sequence_step_timeout                0x08005e4b   Thumb Code   290  vl53l0x_api_core.o(i.get_sequence_step_timeout)
    is_aperture                              0x08005f75   Thumb Code    18  vl53l0x_api_calibration.o(i.is_aperture)
    main                                     0x08005f8d   Thumb Code    42  main.o(i.main)
    perform_ref_signal_measurement           0x08005fb7   Thumb Code   110  vl53l0x_api_calibration.o(i.perform_ref_signal_measurement)
    sequence_step_enabled                    0x08006025   Thumb Code    72  vl53l0x_api.o(i.sequence_step_enabled)
    set_ref_spad_map                         0x0800606d   Thumb Code    24  vl53l0x_api_calibration.o(i.set_ref_spad_map)
    set_sequence_step_timeout                0x08006085   Thumb Code   306  vl53l0x_api_core.o(i.set_sequence_step_timeout)
    AHBPrescTable                            0x080061bc   Data          16  system_stm32l4xx.o(.constdata)
    APBPrescTable                            0x080061cc   Data           8  system_stm32l4xx.o(.constdata)
    MSIRangeTable                            0x080061d4   Data          48  system_stm32l4xx.o(.constdata)
    Region$$Table$$Base                      0x08006304   Number         0  anon$$obj.o(Region$$Table)
    Region$$Table$$Limit                     0x08006324   Number         0  anon$$obj.o(Region$$Table)
    SystemCoreClock                          0x20000000   Data           4  system_stm32l4xx.o(.data)
    VL53L0XDevs                              0x20000004   Data         400  vl53l0x_sigma.o(.data)
    LeakyFactorFix8                          0x20000194   Data           4  vl53l0x_sigma.o(.data)
    uwTick                                   0x20000198   Data           4  stm32l4xx_hal.o(.data)
    uwTickPrio                               0x2000019c   Data           4  stm32l4xx_hal.o(.data)
    uwTickFreq                               0x200001a0   Data           4  stm32l4xx_hal.o(.data)
    DefaultTuningSettings                    0x200001a4   Data         243  vl53l0x_api.o(.data)
    InterruptThresholdSettings               0x20000297   Data         438  vl53l0x_api.o(.data)
    refArrayQuadrants                        0x20000450   Data          16  vl53l0x_api_calibration.o(.data)
    htim5                                    0x20000474   Data          64  vl53l0x_sigma.o(.bss)
    huart2                                   0x200004b4   Data         128  vl53l0x_sigma.o(.bss)
    RangingMeasurementData                   0x20000534   Data          28  vl53l0x_sigma.o(.bss)
    uartBUFF                                 0x20000550   Data         200  vl53l0x_sigma.o(.bss)
    _I2CBuffer                               0x20000618   Data          64  vl53l0x_platform.o(.bss)
    XNUCLEO53L0A1_hi2c                       0x20000658   Data          76  x-nucleo-53l0a1.o(.bss)
    __initial_sp                             0x20000aa8   Data           0  startup_stm32l476xx.o(STACK)



==============================================================================

Memory Map of the image

  Image Entry point : 0x08000189

  Load Region LR_IROM1 (Base: 0x08000000, Size: 0x00006798, Max: 0x00100000, ABSOLUTE, COMPRESSED[0x000065d0])

    Execution Region ER_IROM1 (Exec base: 0x08000000, Load base: 0x08000000, Size: 0x00006324, Max: 0x00100000, ABSOLUTE)

    Exec Addr    Load Addr    Size         Type   Attr      Idx    E Section Name        Object

    0x08000000   0x08000000   0x00000188   Data   RO        10887    RESET               startup_stm32l476xx.o
    0x08000188   0x08000188   0x00000000   Code   RO        12154  * .ARM.Collect$$$$00000000  mc_w.l(entry.o)
    0x08000188   0x08000188   0x00000004   Code   RO        12430    .ARM.Collect$$$$00000001  mc_w.l(entry2.o)
    0x0800018c   0x0800018c   0x00000004   Code   RO        12433    .ARM.Collect$$$$00000004  mc_w.l(entry5.o)
    0x08000190   0x08000190   0x00000000   Code   RO        12435    .ARM.Collect$$$$00000008  mc_w.l(entry7b.o)
    0x08000190   0x08000190   0x00000000   Code   RO        12437    .ARM.Collect$$$$0000000A  mc_w.l(entry8b.o)
    0x08000190   0x08000190   0x00000008   Code   RO        12438    .ARM.Collect$$$$0000000B  mc_w.l(entry9a.o)
    0x08000198   0x08000198   0x00000000   Code   RO        12440    .ARM.Collect$$$$0000000D  mc_w.l(entry10a.o)
    0x08000198   0x08000198   0x00000000   Code   RO        12442    .ARM.Collect$$$$0000000F  mc_w.l(entry11a.o)
    0x08000198   0x08000198   0x00000004   Code   RO        12431    .ARM.Collect$$$$00002712  mc_w.l(entry2.o)
    0x0800019c   0x0800019c   0x00000024   Code   RO        10888    .text               startup_stm32l476xx.o
    0x080001c0   0x080001c0   0x00000068   Code   RO        12157    .text               mc_w.l(uldiv.o)
    0x08000228   0x08000228   0x00000024   Code   RO        12159    .text               mc_w.l(memcpya.o)
    0x0800024c   0x0800024c   0x00000024   Code   RO        12161    .text               mc_w.l(memseta.o)
    0x08000270   0x08000270   0x0000000e   Code   RO        12163    .text               mc_w.l(strlen.o)
    0x0800027e   0x0800027e   0x00000012   Code   RO        12165    .text               mc_w.l(strcpy.o)
    0x08000290   0x08000290   0x0000001e   Code   RO        12446    .text               mc_w.l(llshl.o)
    0x080002ae   0x080002ae   0x00000020   Code   RO        12448    .text               mc_w.l(llushr.o)
    0x080002ce   0x080002ce   0x00000002   PAD
    0x080002d0   0x080002d0   0x00000024   Code   RO        12461    .text               mc_w.l(init.o)
    0x080002f4   0x080002f4   0x0000005e   Code   RO        12475    .text               mc_w.l(__dclz77c.o)
    0x08000352   0x08000352   0x00000004   Code   RO          467    i.BusFault_Handler  stm32l4xx_it.o
    0x08000356   0x08000356   0x00000002   Code   RO          468    i.DebugMon_Handler  stm32l4xx_it.o
    0x08000358   0x08000358   0x00000284   Code   RO          659    i.DetectSensors     vl53l0x_sigma.o
    0x080005dc   0x080005dc   0x00000074   Code   RO          660    i.Error_Handler     vl53l0x_sigma.o
    0x08000650   0x08000650   0x000000ac   Code   RO          661    i.GPIO_LED_Config   vl53l0x_sigma.o
    0x080006fc   0x080006fc   0x00000028   Code   RO         7902    i.HAL_Delay         stm32l4xx_hal.o
    0x08000724   0x08000724   0x00000204   Code   RO         7267    i.HAL_GPIO_Init     stm32l4xx_hal_gpio.o
    0x08000928   0x08000928   0x00000010   Code   RO         7269    i.HAL_GPIO_ReadPin  stm32l4xx_hal_gpio.o
    0x08000938   0x08000938   0x0000000e   Code   RO         7270    i.HAL_GPIO_TogglePin  stm32l4xx_hal_gpio.o
    0x08000946   0x08000946   0x0000000a   Code   RO         7271    i.HAL_GPIO_WritePin  stm32l4xx_hal_gpio.o
    0x08000950   0x08000950   0x0000000c   Code   RO         7906    i.HAL_GetTick       stm32l4xx_hal.o
    0x0800095c   0x0800095c   0x000000c4   Code   RO         8140    i.HAL_I2C_Init      stm32l4xx_hal_i2c.o
    0x08000a20   0x08000a20   0x00000164   Code   RO         8146    i.HAL_I2C_Master_Receive  stm32l4xx_hal_i2c.o
    0x08000b84   0x08000b84   0x00000160   Code   RO         8153    i.HAL_I2C_Master_Transmit  stm32l4xx_hal_i2c.o
    0x08000ce4   0x08000ce4   0x00000002   Code   RO         8165    i.HAL_I2C_MspInit   stm32l4xx_hal_i2c.o
    0x08000ce6   0x08000ce6   0x00000002   PAD
    0x08000ce8   0x08000ce8   0x00000018   Code   RO         7912    i.HAL_IncTick       stm32l4xx_hal.o
    0x08000d00   0x08000d00   0x0000001e   Code   RO         7913    i.HAL_Init          stm32l4xx_hal.o
    0x08000d1e   0x08000d1e   0x00000002   PAD
    0x08000d20   0x08000d20   0x00000058   Code   RO         7914    i.HAL_InitTick      stm32l4xx_hal.o
    0x08000d78   0x08000d78   0x00000002   Code   RO         7916    i.HAL_MspInit       stm32l4xx_hal.o
    0x08000d7a   0x08000d7a   0x00000082   Code   RO         9167    i.HAL_NVIC_SetPriority  stm32l4xx_hal_cortex.o
    0x08000dfc   0x08000dfc   0x00000028   Code   RO         9168    i.HAL_NVIC_SetPriorityGrouping  stm32l4xx_hal_cortex.o
    0x08000e24   0x08000e24   0x00000010   Code   RO         5925    i.HAL_PWREx_GetVoltageRange  stm32l4xx_hal_pwr_ex.o
    0x08000e34   0x08000e34   0x0000017c   Code   RO         6509    i.HAL_RCC_ClockConfig  stm32l4xx_hal_rcc.o
    0x08000fb0   0x08000fb0   0x0000000c   Code   RO         6513    i.HAL_RCC_GetHCLKFreq  stm32l4xx_hal_rcc.o
    0x08000fbc   0x08000fbc   0x00000024   Code   RO         6515    i.HAL_RCC_GetPCLK1Freq  stm32l4xx_hal_rcc.o
    0x08000fe0   0x08000fe0   0x00000024   Code   RO         6516    i.HAL_RCC_GetPCLK2Freq  stm32l4xx_hal_rcc.o
    0x08001004   0x08001004   0x000000ec   Code   RO         6517    i.HAL_RCC_GetSysClockFreq  stm32l4xx_hal_rcc.o
    0x080010f0   0x080010f0   0x000006fc   Code   RO         6520    i.HAL_RCC_OscConfig  stm32l4xx_hal_rcc.o
    0x080017ec   0x080017ec   0x00000034   Code   RO         9172    i.HAL_SYSTICK_Config  stm32l4xx_hal_cortex.o
    0x08001820   0x08001820   0x00000074   Code   RO         6871    i.HAL_UART_Init     stm32l4xx_hal_uart.o
    0x08001894   0x08001894   0x00000002   Code   RO         6873    i.HAL_UART_MspInit  stm32l4xx_hal_uart.o
    0x08001896   0x08001896   0x000000d8   Code   RO         6880    i.HAL_UART_Transmit  stm32l4xx_hal_uart.o
    0x0800196e   0x0800196e   0x00000004   Code   RO          469    i.HardFault_Handler  stm32l4xx_it.o
    0x08001972   0x08001972   0x00000028   Code   RO         8187    i.I2C_Flush_TXDR    stm32l4xx_hal_i2c.o
    0x0800199a   0x0800199a   0x00000002   PAD
    0x0800199c   0x0800199c   0x00000098   Code   RO         8195    i.I2C_IsAcknowledgeFailed  stm32l4xx_hal_i2c.o
    0x08001a34   0x08001a34   0x00000034   Code   RO         8202    i.I2C_TransferConfig  stm32l4xx_hal_i2c.o
    0x08001a68   0x08001a68   0x0000005e   Code   RO         8204    i.I2C_WaitOnFlagUntilTimeout  stm32l4xx_hal_i2c.o
    0x08001ac6   0x08001ac6   0x00000002   PAD
    0x08001ac8   0x08001ac8   0x000000a0   Code   RO         8205    i.I2C_WaitOnRXNEFlagUntilTimeout  stm32l4xx_hal_i2c.o
    0x08001b68   0x08001b68   0x00000056   Code   RO         8206    i.I2C_WaitOnSTOPFlagUntilTimeout  stm32l4xx_hal_i2c.o
    0x08001bbe   0x08001bbe   0x0000005a   Code   RO         8207    i.I2C_WaitOnTXISFlagUntilTimeout  stm32l4xx_hal_i2c.o
    0x08001c18   0x08001c18   0x000000b8   Code   RO          662    i.MY_USART2_UART_Init  vl53l0x_sigma.o
    0x08001cd0   0x08001cd0   0x00000004   Code   RO          470    i.MemManage_Handler  stm32l4xx_it.o
    0x08001cd4   0x08001cd4   0x00000002   Code   RO          471    i.NMI_Handler       stm32l4xx_it.o
    0x08001cd6   0x08001cd6   0x00000002   Code   RO          472    i.PendSV_Handler    stm32l4xx_it.o
    0x08001cd8   0x08001cd8   0x0000009c   Code   RO         6521    i.RCC_SetFlashLatencyFromMSIRange  stm32l4xx_hal_rcc.o
    0x08001d74   0x08001d74   0x0000012c   Code   RO          663    i.RangeDemo         vl53l0x_sigma.o
    0x08001ea0   0x08001ea0   0x00000002   Code   RO          473    i.SVC_Handler       stm32l4xx_it.o
    0x08001ea2   0x08001ea2   0x00000002   PAD
    0x08001ea4   0x08001ea4   0x00000048   Code   RO          664    i.Sensor_SetNewRange  vl53l0x_sigma.o
    0x08001eec   0x08001eec   0x00000162   Code   RO          665    i.SetupSingleShot   vl53l0x_sigma.o
    0x0800204e   0x0800204e   0x00000008   Code   RO          474    i.SysTick_Handler   stm32l4xx_it.o
    0x08002056   0x08002056   0x0000005c   Code   RO          545    i.SystemClock_Config  main.o
    0x080020b2   0x080020b2   0x00000002   PAD
    0x080020b4   0x080020b4   0x00000050   Code   RO          431    i.SystemInit        system_stm32l4xx.o
    0x08002104   0x08002104   0x000000f8   Code   RO         6885    i.UART_AdvFeatureConfig  stm32l4xx_hal_uart.o
    0x080021fc   0x080021fc   0x0000006e   Code   RO         6886    i.UART_CheckIdleState  stm32l4xx_hal_uart.o
    0x0800226a   0x0800226a   0x00000002   PAD
    0x0800226c   0x0800226c   0x00000472   Code   RO         6902    i.UART_SetConfig    stm32l4xx_hal_uart.o
    0x080026de   0x080026de   0x000000b4   Code   RO         6905    i.UART_WaitOnFlagUntilTimeout  stm32l4xx_hal_uart.o
    0x08002792   0x08002792   0x00000004   Code   RO          475    i.UsageFault_Handler  stm32l4xx_it.o
    0x08002796   0x08002796   0x00000002   PAD
    0x08002798   0x08002798   0x00000084   Code   RO        10895    i.VL53L0X_CheckAndLoadInterruptSettings  vl53l0x_api.o
    0x0800281c   0x0800281c   0x00000052   Code   RO        10896    i.VL53L0X_ClearInterruptMask  vl53l0x_api.o
    0x0800286e   0x0800286e   0x00000002   PAD
    0x08002870   0x08002870   0x000001a0   Code   RO        10897    i.VL53L0X_DataInit  vl53l0x_api.o
    0x08002a10   0x08002a10   0x0000000a   Code   RO        10902    i.VL53L0X_GetDeviceMode  vl53l0x_api.o
    0x08002a1a   0x08002a1a   0x000000a0   Code   RO        10903    i.VL53L0X_GetDeviceParameters  vl53l0x_api.o
    0x08002aba   0x08002aba   0x00000022   Code   RO        10905    i.VL53L0X_GetFractionEnable  vl53l0x_api.o
    0x08002adc   0x08002adc   0x0000003e   Code   RO        10909    i.VL53L0X_GetInterMeasurementPeriodMilliSeconds  vl53l0x_api.o
    0x08002b1a   0x08002b1a   0x00000030   Code   RO        10910    i.VL53L0X_GetInterruptMaskStatus  vl53l0x_api.o
    0x08002b4a   0x08002b4a   0x00000042   Code   RO        10911    i.VL53L0X_GetInterruptThresholds  vl53l0x_api.o
    0x08002b8c   0x08002b8c   0x0000001c   Code   RO        10913    i.VL53L0X_GetLimitCheckEnable  vl53l0x_api.o
    0x08002ba8   0x08002ba8   0x000000b6   Code   RO        10916    i.VL53L0X_GetLimitCheckValue  vl53l0x_api.o
    0x08002c5e   0x08002c5e   0x00000056   Code   RO        10919    i.VL53L0X_GetMeasurementDataReady  vl53l0x_api.o
    0x08002cb4   0x08002cb4   0x00000016   Code   RO        10921    i.VL53L0X_GetMeasurementTimingBudgetMicroSeconds  vl53l0x_api.o
    0x08002cca   0x08002cca   0x00000016   Code   RO        10925    i.VL53L0X_GetOffsetCalibrationDataMicroMeter  vl53l0x_api.o
    0x08002ce0   0x08002ce0   0x00000174   Code   RO        10933    i.VL53L0X_GetRangingMeasurementData  vl53l0x_api.o
    0x08002e54   0x08002e54   0x00000076   Code   RO        10937    i.VL53L0X_GetSequenceStepEnables  vl53l0x_api.o
    0x08002eca   0x08002eca   0x0000001e   Code   RO        10946    i.VL53L0X_GetVcselPulsePeriod  vl53l0x_api.o
    0x08002ee8   0x08002ee8   0x0000003e   Code   RO        10948    i.VL53L0X_GetWrapAroundCheckEnable  vl53l0x_api.o
    0x08002f26   0x08002f26   0x0000000c   Code   RO        10949    i.VL53L0X_GetXTalkCompensationEnable  vl53l0x_api.o
    0x08002f32   0x08002f32   0x00000038   Code   RO        10950    i.VL53L0X_GetXTalkCompensationRateMegaCps  vl53l0x_api.o
    0x08002f6a   0x08002f6a   0x00000020   Code   RO        10952    i.VL53L0X_PerformRefCalibration  vl53l0x_api.o
    0x08002f8a   0x08002f8a   0x0000001e   Code   RO        10953    i.VL53L0X_PerformRefSpadManagement  vl53l0x_api.o
    0x08002fa8   0x08002fa8   0x0000003c   Code   RO        10955    i.VL53L0X_PerformSingleMeasurement  vl53l0x_api.o
    0x08002fe4   0x08002fe4   0x00000038   Code   RO        10956    i.VL53L0X_PerformSingleRangingMeasurement  vl53l0x_api.o
    0x0800301c   0x0800301c   0x00000010   Code   RO        11955    i.VL53L0X_PollingDelay  vl53l0x_platform.o
    0x0800302c   0x0800302c   0x00000034   Code   RO        11956    i.VL53L0X_RdByte    vl53l0x_platform.o
    0x08003060   0x08003060   0x00000058   Code   RO        11957    i.VL53L0X_RdDWord   vl53l0x_platform.o
    0x080030b8   0x080030b8   0x00000048   Code   RO        11958    i.VL53L0X_RdWord    vl53l0x_platform.o
    0x08003100   0x08003100   0x0000003e   Code   RO        11959    i.VL53L0X_ReadMulti  vl53l0x_platform.o
    0x0800313e   0x0800313e   0x00000024   Code   RO        10960    i.VL53L0X_SetDeviceAddress  vl53l0x_api.o
    0x08003162   0x08003162   0x00000032   Code   RO        10961    i.VL53L0X_SetDeviceMode  vl53l0x_api.o
    0x08003194   0x08003194   0x00000166   Code   RO        10964    i.VL53L0X_SetGpioConfig  vl53l0x_api.o
    0x080032fa   0x080032fa   0x000000c8   Code   RO        10969    i.VL53L0X_SetLimitCheckEnable  vl53l0x_api.o
    0x080033c2   0x080033c2   0x00000076   Code   RO        10970    i.VL53L0X_SetLimitCheckValue  vl53l0x_api.o
    0x08003438   0x08003438   0x00000016   Code   RO        10972    i.VL53L0X_SetMeasurementTimingBudgetMicroSeconds  vl53l0x_api.o
    0x0800344e   0x0800344e   0x000000c4   Code   RO        10979    i.VL53L0X_SetSequenceStepEnable  vl53l0x_api.o
    0x08003512   0x08003512   0x0000001e   Code   RO        10984    i.VL53L0X_SetVcselPulsePeriod  vl53l0x_api.o
    0x08003530   0x08003530   0x0000010c   Code   RO        10988    i.VL53L0X_StartMeasurement  vl53l0x_api.o
    0x0800363c   0x0800363c   0x000001a0   Code   RO        10989    i.VL53L0X_StaticInit  vl53l0x_api.o
    0x080037dc   0x080037dc   0x0000003e   Code   RO        11960    i.VL53L0X_UpdateByte  vl53l0x_platform.o
    0x0800381a   0x0800381a   0x00000002   PAD
    0x0800381c   0x0800381c   0x00000034   Code   RO        11961    i.VL53L0X_WrByte    vl53l0x_platform.o
    0x08003850   0x08003850   0x00000038   Code   RO        11963    i.VL53L0X_WrWord    vl53l0x_platform.o
    0x08003888   0x08003888   0x00000044   Code   RO        11964    i.VL53L0X_WriteMulti  vl53l0x_platform.o
    0x080038cc   0x080038cc   0x00000192   Code   RO        11684    i.VL53L0X_calc_dmax  vl53l0x_api_core.o
    0x08003a5e   0x08003a5e   0x00000016   Code   RO        11685    i.VL53L0X_calc_macro_period_ps  vl53l0x_api_core.o
    0x08003a74   0x08003a74   0x00000316   Code   RO        11686    i.VL53L0X_calc_sigma_estimate  vl53l0x_api_core.o
    0x08003d8a   0x08003d8a   0x00000034   Code   RO        11687    i.VL53L0X_calc_timeout_mclks  vl53l0x_api_core.o
    0x08003dbe   0x08003dbe   0x00000034   Code   RO        11688    i.VL53L0X_calc_timeout_us  vl53l0x_api_core.o
    0x08003df2   0x08003df2   0x0000000e   Code   RO        11689    i.VL53L0X_decode_timeout  vl53l0x_api_core.o
    0x08003e00   0x08003e00   0x0000000c   Code   RO        11690    i.VL53L0X_decode_vcsel_period  vl53l0x_api_core.o
    0x08003e0c   0x08003e0c   0x00000052   Code   RO        11691    i.VL53L0X_device_read_strobe  vl53l0x_api_core.o
    0x08003e5e   0x08003e5e   0x00000028   Code   RO        11692    i.VL53L0X_encode_timeout  vl53l0x_api_core.o
    0x08003e86   0x08003e86   0x0000000e   Code   RO        11693    i.VL53L0X_encode_vcsel_period  vl53l0x_api_core.o
    0x08003e94   0x08003e94   0x00000550   Code   RO        11694    i.VL53L0X_get_info_from_device  vl53l0x_api_core.o
    0x080043e4   0x080043e4   0x000000f4   Code   RO        11695    i.VL53L0X_get_measurement_timing_budget_micro_seconds  vl53l0x_api_core.o
    0x080044d8   0x080044d8   0x00000056   Code   RO        11526    i.VL53L0X_get_offset_calibration_data_micro_meter  vl53l0x_api_calibration.o
    0x0800452e   0x0800452e   0x0000023a   Code   RO        11696    i.VL53L0X_get_pal_range_status  vl53l0x_api_core.o
    0x08004768   0x08004768   0x00000028   Code   RO        11697    i.VL53L0X_get_total_signal_rate  vl53l0x_api_core.o
    0x08004790   0x08004790   0x0000003a   Code   RO        11698    i.VL53L0X_get_total_xtalk_rate  vl53l0x_api_core.o
    0x080047ca   0x080047ca   0x00000046   Code   RO        11699    i.VL53L0X_get_vcsel_pulse_period  vl53l0x_api_core.o
    0x08004810   0x08004810   0x0000002c   Code   RO        11700    i.VL53L0X_isqrt     vl53l0x_api_core.o
    0x0800483c   0x0800483c   0x000000f0   Code   RO        11701    i.VL53L0X_load_tuning_settings  vl53l0x_api_core.o
    0x0800492c   0x0800492c   0x00000042   Code   RO        11702    i.VL53L0X_measurement_poll_for_completion  vl53l0x_api_core.o
    0x0800496e   0x0800496e   0x00000082   Code   RO        11530    i.VL53L0X_perform_phase_calibration  vl53l0x_api_calibration.o
    0x080049f0   0x080049f0   0x0000004c   Code   RO        11531    i.VL53L0X_perform_ref_calibration  vl53l0x_api_calibration.o
    0x08004a3c   0x08004a3c   0x00000298   Code   RO        11532    i.VL53L0X_perform_ref_spad_management  vl53l0x_api_calibration.o
    0x08004cd4   0x08004cd4   0x00000040   Code   RO        11533    i.VL53L0X_perform_single_ref_calibration  vl53l0x_api_calibration.o
    0x08004d14   0x08004d14   0x00000084   Code   RO        11534    i.VL53L0X_perform_vhv_calibration  vl53l0x_api_calibration.o
    0x08004d98   0x08004d98   0x000000b6   Code   RO        11536    i.VL53L0X_ref_calibration_io  vl53l0x_api_calibration.o
    0x08004e4e   0x08004e4e   0x0000012c   Code   RO        11705    i.VL53L0X_set_measurement_timing_budget_micro_seconds  vl53l0x_api_core.o
    0x08004f7a   0x08004f7a   0x000000c8   Code   RO        11539    i.VL53L0X_set_reference_spads  vl53l0x_api_calibration.o
    0x08005042   0x08005042   0x00000304   Code   RO        11706    i.VL53L0X_set_vcsel_pulse_period  vl53l0x_api_core.o
    0x08005346   0x08005346   0x00000002   PAD
    0x08005348   0x08005348   0x00000098   Code   RO        12051    i.XNUCLEO53L0A1_I2C1Configure  x-nucleo-53l0a1.o
    0x080053e0   0x080053e0   0x000000a4   Code   RO        12052    i.XNUCLEO53L0A1_Init  x-nucleo-53l0a1.o
    0x08005484   0x08005484   0x000000bc   Code   RO        12053    i.XNUCLEO53L0A1_ResetId  x-nucleo-53l0a1.o
    0x08005540   0x08005540   0x00000078   Code   RO        12054    i.XNUCLEO53L0A1_SetDisplayString  x-nucleo-53l0a1.o
    0x080055b8   0x080055b8   0x0000004c   Code   RO        12056    i._ExpanderRd       x-nucleo-53l0a1.o
    0x08005604   0x08005604   0x00000040   Code   RO        12057    i._ExpanderWR       x-nucleo-53l0a1.o
    0x08005644   0x08005644   0x00000030   Code   RO        12058    i._ExpandersSetAllIO  x-nucleo-53l0a1.o
    0x08005674   0x08005674   0x0000002e   Code   RO        11965    i._I2CRead          vl53l0x_platform.o
    0x080056a2   0x080056a2   0x0000002a   Code   RO        11966    i._I2CWrite         vl53l0x_platform.o
    0x080056cc   0x080056cc   0x00000128   Code   RO        12059    i._I2cFailRecover   x-nucleo-53l0a1.o
    0x080057f4   0x080057f4   0x00000028   Code   RO        12378    i.__0sprintf$8      mc_w.l(printf8.o)
    0x0800581c   0x0800581c   0x00000010   Code   RO         9174    i.__NVIC_GetPriorityGrouping  stm32l4xx_hal_cortex.o
    0x0800582c   0x0800582c   0x00000028   Code   RO         9175    i.__NVIC_SetPriority  stm32l4xx_hal_cortex.o
    0x08005854   0x08005854   0x0000000e   Code   RO        12469    i.__scatterload_copy  mc_w.l(handlers.o)
    0x08005862   0x08005862   0x00000002   Code   RO        12470    i.__scatterload_null  mc_w.l(handlers.o)
    0x08005864   0x08005864   0x0000000e   Code   RO        12471    i.__scatterload_zeroinit  mc_w.l(handlers.o)
    0x08005872   0x08005872   0x00000002   PAD
    0x08005874   0x08005874   0x00000416   Code   RO        12383    i._printf_core      mc_w.l(printf8.o)
    0x08005c8a   0x08005c8a   0x00000024   Code   RO        12384    i._printf_post_padding  mc_w.l(printf8.o)
    0x08005cae   0x08005cae   0x0000002e   Code   RO        12385    i._printf_pre_padding  mc_w.l(printf8.o)
    0x08005cdc   0x08005cdc   0x0000000a   Code   RO        12387    i._sputc            mc_w.l(printf8.o)
    0x08005ce6   0x08005ce6   0x000000b2   Code   RO        11541    i.enable_ref_spads  vl53l0x_api_calibration.o
    0x08005d98   0x08005d98   0x00000032   Code   RO        11542    i.enable_spad_bit   vl53l0x_api_calibration.o
    0x08005dca   0x08005dca   0x00000068   Code   RO        11543    i.get_next_good_spad  vl53l0x_api_calibration.o
    0x08005e32   0x08005e32   0x00000018   Code   RO        11544    i.get_ref_spad_map  vl53l0x_api_calibration.o
    0x08005e4a   0x08005e4a   0x00000128   Code   RO        11707    i.get_sequence_step_timeout  vl53l0x_api_core.o
    0x08005f72   0x08005f72   0x00000002   PAD
    0x08005f74   0x08005f74   0x00000018   Code   RO        11545    i.is_aperture       vl53l0x_api_calibration.o
    0x08005f8c   0x08005f8c   0x0000002a   Code   RO          546    i.main              main.o
    0x08005fb6   0x08005fb6   0x0000006e   Code   RO        11546    i.perform_ref_signal_measurement  vl53l0x_api_calibration.o
    0x08006024   0x08006024   0x00000048   Code   RO        10993    i.sequence_step_enabled  vl53l0x_api.o
    0x0800606c   0x0800606c   0x00000018   Code   RO        11547    i.set_ref_spad_map  vl53l0x_api_calibration.o
    0x08006084   0x08006084   0x00000138   Code   RO        11708    i.set_sequence_step_timeout  vl53l0x_api_core.o
    0x080061bc   0x080061bc   0x00000048   Data   RO          432    .constdata          system_stm32l4xx.o
    0x08006204   0x08006204   0x00000100   Data   RO        12062    .constdata          x-nucleo-53l0a1.o
    0x08006304   0x08006304   0x00000020   Data   RO        12467    Region$$Table       anon$$obj.o


    Execution Region RW_IRAM1 (Exec base: 0x20000000, Load base: 0x08006324, Size: 0x00000aa8, Max: 0x00018000, ABSOLUTE, COMPRESSED[0x000002ac])

    Exec Addr    Load Addr    Size         Type   Attr      Idx    E Section Name        Object

    0x20000000   COMPRESSED   0x00000004   Data   RW          433    .data               system_stm32l4xx.o
    0x20000004   COMPRESSED   0x00000194   Data   RW          667    .data               vl53l0x_sigma.o
    0x20000198   COMPRESSED   0x0000000c   Data   RW         7930    .data               stm32l4xx_hal.o
    0x200001a4   COMPRESSED   0x000002a9   Data   RW        10994    .data               vl53l0x_api.o
    0x2000044d   COMPRESSED   0x00000003   PAD
    0x20000450   COMPRESSED   0x00000010   Data   RW        11548    .data               vl53l0x_api_calibration.o
    0x20000460   COMPRESSED   0x00000014   Data   RW        12063    .data               x-nucleo-53l0a1.o
    0x20000474        -       0x000001a4   Zero   RW          666    .bss                vl53l0x_sigma.o
    0x20000618        -       0x00000040   Zero   RW        11967    .bss                vl53l0x_platform.o
    0x20000658        -       0x0000004c   Zero   RW        12061    .bss                x-nucleo-53l0a1.o
    0x200006a4   COMPRESSED   0x00000004   PAD
    0x200006a8        -       0x00000400   Zero   RW        10885    STACK               startup_stm32l476xx.o


==============================================================================

Image component sizes


      Code (inc. data)   RO Data    RW Data    ZI Data      Debug   Object Name

       134          0          0          0          0      17579   main.o
        36          8        392          0       1024        836   startup_stm32l476xx.o
       196         32          0         12          0       4419   stm32l4xx_hal.o
       278         22          0          0          0      33510   stm32l4xx_hal_cortex.o
       556         36          0          0          0       3384   stm32l4xx_hal_gpio.o
      1580         28          0          0          0      10200   stm32l4xx_hal_i2c.o
        16          6          0          0          0        528   stm32l4xx_hal_pwr_ex.o
      2644        106          0          0          0       6964   stm32l4xx_hal_rcc.o
      2010         64          0          0          0       6372   stm32l4xx_hal_uart.o
        32          0          0          0          0       4422   stm32l4xx_it.o
         0          0          0          0          0     811196   stm32l4xx_nucleo.o
        80         12         72          4          0       1317   system_stm32l4xx.o
      3944         64          0        681          0      31256   vl53l0x_api.o
      2048          6          0         16          0      15863   vl53l0x_api_calibration.o
      5852         16          0          0          0      29107   vl53l0x_api_core.o
       616         24          0          0         64       9331   vl53l0x_platform.o
      1842        438          0        404        420       6526   vl53l0x_sigma.o
      1108         64        256         20         76       7393   x-nucleo-53l0a1.o

    ----------------------------------------------------------------------
     22996        926        752       1140       1588    1000203   Object Totals
         0          0         32          0          0          0   (incl. Generated)
        24          0          0          3          4          0   (incl. Padding)

    ----------------------------------------------------------------------

      Code (inc. data)   RO Data    RW Data    ZI Data      Debug   Library Member Name

        94          0          0          0          0          0   __dclz77c.o
         0          0          0          0          0          0   entry.o
         0          0          0          0          0          0   entry10a.o
         0          0          0          0          0          0   entry11a.o
         8          4          0          0          0          0   entry2.o
         4          0          0          0          0          0   entry5.o
         0          0          0          0          0          0   entry7b.o
         0          0          0          0          0          0   entry8b.o
         8          4          0          0          0          0   entry9a.o
        30          0          0          0          0          0   handlers.o
        36          8          0          0          0         68   init.o
        30          0          0          0          0         68   llshl.o
        32          0          0          0          0         68   llushr.o
        36          0          0          0          0         68   memcpya.o
        36          0          0          0          0        108   memseta.o
      1178         50          0          0          0        420   printf8.o
        18          0          0          0          0         68   strcpy.o
        14          0          0          0          0         68   strlen.o
       104          0          0          0          0         92   uldiv.o

    ----------------------------------------------------------------------
      1632         66          0          0          0       1028   Library Totals
         4          0          0          0          0          0   (incl. Padding)

    ----------------------------------------------------------------------

      Code (inc. data)   RO Data    RW Data    ZI Data      Debug   Library Name

      1628         66          0          0          0       1028   mc_w.l

    ----------------------------------------------------------------------
      1632         66          0          0          0       1028   Library Totals

    ----------------------------------------------------------------------

==============================================================================


      Code (inc. data)   RO Data    RW Data    ZI Data      Debug   

     24628        992        752       1140       1588     986447   Grand Totals
     24628        992        752        684       1588     986447   ELF Image Totals (compressed)
     24628        992        752        684          0          0   ROM Totals

==============================================================================

    Total RO  Size (Code + RO Data)                25380 (  24.79kB)
    Total RW  Size (RW Data + ZI Data)              2728 (   2.66kB)
    Total ROM Size (Code + RO Data + RW Data)      26064 (  25.45kB)

==============================================================================

