Component: ARM Compiler 5.06 update 6 (build 750) Tool: armlink [4d35ed]

==============================================================================

Section Cross References

    stm32l4xx_nucleo.o(i.ADCx_DeInit) refers to stm32l4xx_hal_adc.o(i.HAL_ADC_DeInit) for HAL_ADC_DeInit
    stm32l4xx_nucleo.o(i.ADCx_DeInit) refers to stm32l4xx_nucleo.o(i.ADCx_MspDeInit) for ADCx_MspDeInit
    stm32l4xx_nucleo.o(i.ADCx_DeInit) refers to stm32l4xx_nucleo.o(.bss) for hnucleo_Adc
    stm32l4xx_nucleo.o(i.ADCx_Init) refers to stm32l4xx_hal_adc.o(i.HAL_ADC_GetState) for HAL_ADC_GetState
    stm32l4xx_nucleo.o(i.ADCx_Init) refers to stm32l4xx_nucleo.o(i.ADCx_MspInit) for ADCx_MspInit
    stm32l4xx_nucleo.o(i.ADCx_Init) refers to stm32l4xx_hal_adc.o(i.HAL_ADC_Init) for HAL_ADC_Init
    stm32l4xx_nucleo.o(i.ADCx_Init) refers to stm32l4xx_hal_adc_ex.o(i.HAL_ADCEx_Calibration_Start) for HAL_ADCEx_Calibration_Start
    stm32l4xx_nucleo.o(i.ADCx_Init) refers to stm32l4xx_nucleo.o(.bss) for hnucleo_Adc
    stm32l4xx_nucleo.o(i.ADCx_MspDeInit) refers to stm32l4xx_hal_gpio.o(i.HAL_GPIO_DeInit) for HAL_GPIO_DeInit
    stm32l4xx_nucleo.o(i.ADCx_MspInit) refers to memseta.o(.text) for __aeabi_memclr4
    stm32l4xx_nucleo.o(i.ADCx_MspInit) refers to stm32l4xx_hal_gpio.o(i.HAL_GPIO_Init) for HAL_GPIO_Init
    stm32l4xx_nucleo.o(i.ADCx_MspInit) refers to stm32l4xx_hal_rcc_ex.o(i.HAL_RCCEx_PeriphCLKConfig) for HAL_RCCEx_PeriphCLKConfig
    stm32l4xx_nucleo.o(i.BSP_JOY_DeInit) refers to stm32l4xx_nucleo.o(i.ADCx_DeInit) for ADCx_DeInit
    stm32l4xx_nucleo.o(i.BSP_JOY_GetState) refers to stm32l4xx_hal_adc.o(i.HAL_ADC_Start) for HAL_ADC_Start
    stm32l4xx_nucleo.o(i.BSP_JOY_GetState) refers to stm32l4xx_hal_adc.o(i.HAL_ADC_PollForConversion) for HAL_ADC_PollForConversion
    stm32l4xx_nucleo.o(i.BSP_JOY_GetState) refers to stm32l4xx_hal_adc.o(i.HAL_ADC_GetState) for HAL_ADC_GetState
    stm32l4xx_nucleo.o(i.BSP_JOY_GetState) refers to stm32l4xx_hal_adc.o(i.HAL_ADC_GetValue) for HAL_ADC_GetValue
    stm32l4xx_nucleo.o(i.BSP_JOY_GetState) refers to stm32l4xx_nucleo.o(.bss) for hnucleo_Adc
    stm32l4xx_nucleo.o(i.BSP_JOY_Init) refers to stm32l4xx_nucleo.o(i.ADCx_Init) for ADCx_Init
    stm32l4xx_nucleo.o(i.BSP_JOY_Init) refers to stm32l4xx_hal_adc.o(i.HAL_ADC_ConfigChannel) for HAL_ADC_ConfigChannel
    stm32l4xx_nucleo.o(i.BSP_JOY_Init) refers to stm32l4xx_nucleo.o(.bss) for hnucleo_AdcChannelConfig
    stm32l4xx_nucleo.o(i.BSP_LED_DeInit) refers to stm32l4xx_hal_gpio.o(i.HAL_GPIO_WritePin) for HAL_GPIO_WritePin
    stm32l4xx_nucleo.o(i.BSP_LED_DeInit) refers to stm32l4xx_hal_gpio.o(i.HAL_GPIO_DeInit) for HAL_GPIO_DeInit
    stm32l4xx_nucleo.o(i.BSP_LED_DeInit) refers to stm32l4xx_nucleo.o(.constdata) for GPIO_PIN
    stm32l4xx_nucleo.o(i.BSP_LED_DeInit) refers to stm32l4xx_nucleo.o(.data) for GPIO_PORT
    stm32l4xx_nucleo.o(i.BSP_LED_Init) refers to memseta.o(.text) for __aeabi_memclr4
    stm32l4xx_nucleo.o(i.BSP_LED_Init) refers to stm32l4xx_hal_gpio.o(i.HAL_GPIO_Init) for HAL_GPIO_Init
    stm32l4xx_nucleo.o(i.BSP_LED_Init) refers to stm32l4xx_nucleo.o(.constdata) for GPIO_PIN
    stm32l4xx_nucleo.o(i.BSP_LED_Init) refers to stm32l4xx_nucleo.o(.data) for GPIO_PORT
    stm32l4xx_nucleo.o(i.BSP_LED_Off) refers to stm32l4xx_hal_gpio.o(i.HAL_GPIO_WritePin) for HAL_GPIO_WritePin
    stm32l4xx_nucleo.o(i.BSP_LED_Off) refers to stm32l4xx_nucleo.o(.constdata) for GPIO_PIN
    stm32l4xx_nucleo.o(i.BSP_LED_Off) refers to stm32l4xx_nucleo.o(.data) for GPIO_PORT
    stm32l4xx_nucleo.o(i.BSP_LED_On) refers to stm32l4xx_hal_gpio.o(i.HAL_GPIO_WritePin) for HAL_GPIO_WritePin
    stm32l4xx_nucleo.o(i.BSP_LED_On) refers to stm32l4xx_nucleo.o(.constdata) for GPIO_PIN
    stm32l4xx_nucleo.o(i.BSP_LED_On) refers to stm32l4xx_nucleo.o(.data) for GPIO_PORT
    stm32l4xx_nucleo.o(i.BSP_LED_Toggle) refers to stm32l4xx_hal_gpio.o(i.HAL_GPIO_TogglePin) for HAL_GPIO_TogglePin
    stm32l4xx_nucleo.o(i.BSP_LED_Toggle) refers to stm32l4xx_nucleo.o(.constdata) for GPIO_PIN
    stm32l4xx_nucleo.o(i.BSP_LED_Toggle) refers to stm32l4xx_nucleo.o(.data) for GPIO_PORT
    stm32l4xx_nucleo.o(i.BSP_PB_DeInit) refers to stm32l4xx_hal_cortex.o(i.HAL_NVIC_DisableIRQ) for HAL_NVIC_DisableIRQ
    stm32l4xx_nucleo.o(i.BSP_PB_DeInit) refers to stm32l4xx_hal_gpio.o(i.HAL_GPIO_DeInit) for HAL_GPIO_DeInit
    stm32l4xx_nucleo.o(i.BSP_PB_DeInit) refers to stm32l4xx_nucleo.o(.constdata) for BUTTON_PIN
    stm32l4xx_nucleo.o(i.BSP_PB_DeInit) refers to stm32l4xx_nucleo.o(.data) for BUTTON_PORT
    stm32l4xx_nucleo.o(i.BSP_PB_GetState) refers to stm32l4xx_hal_gpio.o(i.HAL_GPIO_ReadPin) for HAL_GPIO_ReadPin
    stm32l4xx_nucleo.o(i.BSP_PB_GetState) refers to stm32l4xx_nucleo.o(.constdata) for BUTTON_PIN
    stm32l4xx_nucleo.o(i.BSP_PB_GetState) refers to stm32l4xx_nucleo.o(.data) for BUTTON_PORT
    stm32l4xx_nucleo.o(i.BSP_PB_Init) refers to memseta.o(.text) for __aeabi_memclr4
    stm32l4xx_nucleo.o(i.BSP_PB_Init) refers to stm32l4xx_hal_gpio.o(i.HAL_GPIO_Init) for HAL_GPIO_Init
[...]
    Removing stm32l4xx_ll_fmc.o(.rev16_text), (4 bytes).
    Removing stm32l4xx_ll_fmc.o(.revsh_text), (4 bytes).
    Removing stm32l4xx_ll_fmc.o(.rrx_text), (6 bytes).
    Removing stm32l4xx_ll_fmc.o(i.FMC_NAND_AttributeSpace_Timing_Init), (32 bytes).
    Removing stm32l4xx_ll_fmc.o(i.FMC_NAND_CommonSpace_Timing_Init), (32 bytes).
    Removing stm32l4xx_ll_fmc.o(i.FMC_NAND_DeInit), (30 bytes).
    Removing stm32l4xx_ll_fmc.o(i.FMC_NAND_ECC_Disable), (14 bytes).
    Removing stm32l4xx_ll_fmc.o(i.FMC_NAND_ECC_Enable), (14 bytes).
    Removing stm32l4xx_ll_fmc.o(i.FMC_NAND_GetECC), (60 bytes).
    Removing stm32l4xx_ll_fmc.o(i.FMC_NAND_Init), (52 bytes).
    Removing stm32l4xx_ll_fmc.o(i.FMC_NORSRAM_DeInit), (56 bytes).
    Removing stm32l4xx_ll_fmc.o(i.FMC_NORSRAM_Extended_Timing_Init), (68 bytes).
    Removing stm32l4xx_ll_fmc.o(i.FMC_NORSRAM_Init), (144 bytes).
    Removing stm32l4xx_ll_fmc.o(i.FMC_NORSRAM_Timing_Init), (102 bytes).
    Removing stm32l4xx_ll_fmc.o(i.FMC_NORSRAM_WriteOperation_Disable), (18 bytes).
    Removing stm32l4xx_ll_fmc.o(i.FMC_NORSRAM_WriteOperation_Enable), (18 bytes).
    Removing stm32l4xx_hal_dfsdm.o(.rev16_text), (4 bytes).
    Removing stm32l4xx_hal_dfsdm.o(.revsh_text), (4 bytes).
    Removing stm32l4xx_hal_dfsdm.o(.rrx_text), (6 bytes).
    Removing stm32l4xx_hal_dfsdm.o(i.DFSDM_DMAError), (18 bytes).
    Removing stm32l4xx_hal_dfsdm.o(i.DFSDM_DMAInjectedConvCplt), (14 bytes).
    Removing stm32l4xx_hal_dfsdm.o(i.DFSDM_DMAInjectedHalfConvCplt), (14 bytes).
    Removing stm32l4xx_hal_dfsdm.o(i.DFSDM_DMARegularConvCplt), (14 bytes).
    Removing stm32l4xx_hal_dfsdm.o(i.DFSDM_DMARegularHalfConvCplt), (14 bytes).
    Removing stm32l4xx_hal_dfsdm.o(i.DFSDM_GetChannelFromInstance), (92 bytes).
    Removing stm32l4xx_hal_dfsdm.o(i.DFSDM_GetInjChannelsNbr), (24 bytes).
    Removing stm32l4xx_hal_dfsdm.o(i.DFSDM_InjConvStart), (118 bytes).
    Removing stm32l4xx_hal_dfsdm.o(i.DFSDM_InjConvStop), (122 bytes).
    Removing stm32l4xx_hal_dfsdm.o(i.DFSDM_RegConvStart), (114 bytes).
    Removing stm32l4xx_hal_dfsdm.o(i.DFSDM_RegConvStop), (102 bytes).
    Removing stm32l4xx_hal_dfsdm.o(i.HAL_DFSDM_ChannelCkabCallback), (2 bytes).
    Removing stm32l4xx_hal_dfsdm.o(i.HAL_DFSDM_ChannelCkabStart), (116 bytes).
    Removing stm32l4xx_hal_dfsdm.o(i.HAL_DFSDM_ChannelCkabStart_IT), (132 bytes).
    Removing stm32l4xx_hal_dfsdm.o(i.HAL_DFSDM_ChannelCkabStop), (60 bytes).
    Removing stm32l4xx_hal_dfsdm.o(i.HAL_DFSDM_ChannelCkabStop_IT), (80 bytes).
    Removing stm32l4xx_hal_dfsdm.o(i.HAL_DFSDM_ChannelDeInit), (112 bytes).
    Removing stm32l4xx_hal_dfsdm.o(i.HAL_DFSDM_ChannelGetAwdValue), (10 bytes).
    Removing stm32l4xx_hal_dfsdm.o(i.HAL_DFSDM_ChannelGetState), (8 bytes).
    Removing stm32l4xx_hal_dfsdm.o(i.HAL_DFSDM_ChannelInit), (292 bytes).
    Removing stm32l4xx_hal_dfsdm.o(i.HAL_DFSDM_ChannelModifyOffset), (42 bytes).
    Removing stm32l4xx_hal_dfsdm.o(i.HAL_DFSDM_ChannelMspDeInit), (2 bytes).
    Removing stm32l4xx_hal_dfsdm.o(i.HAL_DFSDM_ChannelMspInit), (2 bytes).
    Removing stm32l4xx_hal_dfsdm.o(i.HAL_DFSDM_ChannelPollForCkab), (100 bytes).
    Removing stm32l4xx_hal_dfsdm.o(i.HAL_DFSDM_ChannelPollForScd), (96 bytes).
    Removing stm32l4xx_hal_dfsdm.o(i.HAL_DFSDM_ChannelScdCallback), (2 bytes).
    Removing stm32l4xx_hal_dfsdm.o(i.HAL_DFSDM_ChannelScdStart), (60 bytes).
    Removing stm32l4xx_hal_dfsdm.o(i.HAL_DFSDM_ChannelScdStart_IT), (76 bytes).
    Removing stm32l4xx_hal_dfsdm.o(i.HAL_DFSDM_ChannelScdStop), (60 bytes).
    Removing stm32l4xx_hal_dfsdm.o(i.HAL_DFSDM_ChannelScdStop_IT), (80 bytes).
    Removing stm32l4xx_hal_dfsdm.o(i.HAL_DFSDM_FilterAwdCallback), (2 bytes).
    Removing stm32l4xx_hal_dfsdm.o(i.HAL_DFSDM_FilterAwdStart_IT), (140 bytes).
    Removing stm32l4xx_hal_dfsdm.o(i.HAL_DFSDM_FilterAwdStop_IT), (84 bytes).
    Removing stm32l4xx_hal_dfsdm.o(i.HAL_DFSDM_FilterConfigInjChannel), (60 bytes).
    Removing stm32l4xx_hal_dfsdm.o(i.HAL_DFSDM_FilterConfigRegChannel), (88 bytes).
    Removing stm32l4xx_hal_dfsdm.o(i.HAL_DFSDM_FilterDeInit), (38 bytes).
    Removing stm32l4xx_hal_dfsdm.o(i.HAL_DFSDM_FilterErrorCallback), (2 bytes).
    Removing stm32l4xx_hal_dfsdm.o(i.HAL_DFSDM_FilterExdStart), (52 bytes).
    Removing stm32l4xx_hal_dfsdm.o(i.HAL_DFSDM_FilterExdStop), (54 bytes).
    Removing stm32l4xx_hal_dfsdm.o(i.HAL_DFSDM_FilterGetConvTimeValue), (10 bytes).
    Removing stm32l4xx_hal_dfsdm.o(i.HAL_DFSDM_FilterGetError), (6 bytes).
    Removing stm32l4xx_hal_dfsdm.o(i.HAL_DFSDM_FilterGetExdMaxValue), (34 bytes).
    Removing stm32l4xx_hal_dfsdm.o(i.HAL_DFSDM_FilterGetExdMinValue), (34 bytes).
    Removing stm32l4xx_hal_dfsdm.o(i.HAL_DFSDM_FilterGetInjectedValue), (34 bytes).
    Removing stm32l4xx_hal_dfsdm.o(i.HAL_DFSDM_FilterGetRegularValue), (34 bytes).
    Removing stm32l4xx_hal_dfsdm.o(i.HAL_DFSDM_FilterGetState), (8 bytes).
    Removing stm32l4xx_hal_dfsdm.o(i.HAL_DFSDM_FilterInit), (312 bytes).
    Removing stm32l4xx_hal_dfsdm.o(i.HAL_DFSDM_FilterInjConvCpltCallback), (2 bytes).
    Removing stm32l4xx_hal_dfsdm.o(i.HAL_DFSDM_FilterInjConvHalfCpltCallback), (2 bytes).
    Removing stm32l4xx_hal_dfsdm.o(i.HAL_DFSDM_FilterInjectedMsbStart_DMA), (176 bytes).
    Removing stm32l4xx_hal_dfsdm.o(i.HAL_DFSDM_FilterInjectedStart), (36 bytes).
    Removing stm32l4xx_hal_dfsdm.o(i.HAL_DFSDM_FilterInjectedStart_DMA), (176 bytes).
    Removing stm32l4xx_hal_dfsdm.o(i.HAL_DFSDM_FilterInjectedStart_IT), (48 bytes).
    Removing stm32l4xx_hal_dfsdm.o(i.HAL_DFSDM_FilterInjectedStop), (36 bytes).
    Removing stm32l4xx_hal_dfsdm.o(i.HAL_DFSDM_FilterInjectedStop_DMA), (42 bytes).
    Removing stm32l4xx_hal_dfsdm.o(i.HAL_DFSDM_FilterInjectedStop_IT), (48 bytes).
    Removing stm32l4xx_hal_dfsdm.o(i.HAL_DFSDM_FilterMspDeInit), (2 bytes).
    Removing stm32l4xx_hal_dfsdm.o(i.HAL_DFSDM_FilterMspInit), (2 bytes).
    Removing stm32l4xx_hal_dfsdm.o(i.HAL_DFSDM_FilterPollForInjConversion), (146 bytes).
    Removing stm32l4xx_hal_dfsdm.o(i.HAL_DFSDM_FilterPollForRegConversion), (124 bytes).
    Removing stm32l4xx_hal_dfsdm.o(i.HAL_DFSDM_FilterRegConvCpltCallback), (2 bytes).
    Removing stm32l4xx_hal_dfsdm.o(i.HAL_DFSDM_FilterRegConvHalfCpltCallback), (2 bytes).
    Removing stm32l4xx_hal_dfsdm.o(i.HAL_DFSDM_FilterRegularMsbStart_DMA), (184 bytes).
    Removing stm32l4xx_hal_dfsdm.o(i.HAL_DFSDM_FilterRegularStart), (36 bytes).
    Removing stm32l4xx_hal_dfsdm.o(i.HAL_DFSDM_FilterRegularStart_DMA), (184 bytes).
    Removing stm32l4xx_hal_dfsdm.o(i.HAL_DFSDM_FilterRegularStart_IT), (48 bytes).
    Removing stm32l4xx_hal_dfsdm.o(i.HAL_DFSDM_FilterRegularStop), (36 bytes).
    Removing stm32l4xx_hal_dfsdm.o(i.HAL_DFSDM_FilterRegularStop_DMA), (42 bytes).
    Removing stm32l4xx_hal_dfsdm.o(i.HAL_DFSDM_FilterRegularStop_IT), (48 bytes).
    Removing stm32l4xx_hal_dfsdm.o(i.HAL_DFSDM_IRQHandler), (500 bytes).
    Removing stm32l4xx_hal_dfsdm.o(.bss), (32 bytes).
    Removing stm32l4xx_hal_dfsdm.o(.data), (4 bytes).
    Removing stm32l4xx_hal_rtc.o(.rev16_text), (4 bytes).
    Removing stm32l4xx_hal_rtc.o(.revsh_text), (4 bytes).
    Removing stm32l4xx_hal_rtc.o(.rrx_text), (6 bytes).
    Removing stm32l4xx_hal_rtc.o(i.HAL_RTC_AlarmAEventCallback), (2 bytes).
    Removing stm32l4xx_hal_rtc.o(i.HAL_RTC_AlarmIRQHandler), (108 bytes).
    Removing stm32l4xx_hal_rtc.o(i.HAL_RTC_DeInit), (164 bytes).
    Removing stm32l4xx_hal_rtc.o(i.HAL_RTC_DeactivateAlarm), (262 bytes).
    Removing stm32l4xx_hal_rtc.o(i.HAL_RTC_GetAlarm), (196 bytes).
    Removing stm32l4xx_hal_rtc.o(i.HAL_RTC_GetDate), (76 bytes).
    Removing stm32l4xx_hal_rtc.o(i.HAL_RTC_GetState), (8 bytes).
    Removing stm32l4xx_hal_rtc.o(i.HAL_RTC_GetTime), (92 bytes).
    Removing stm32l4xx_hal_rtc.o(i.HAL_RTC_Init), (176 bytes).
    Removing stm32l4xx_hal_rtc.o(i.HAL_RTC_MspDeInit), (2 bytes).
    Removing stm32l4xx_hal_rtc.o(i.HAL_RTC_MspInit), (2 bytes).
    Removing stm32l4xx_hal_rtc.o(i.HAL_RTC_PollForAlarmAEvent), (76 bytes).
    Removing stm32l4xx_hal_rtc.o(i.HAL_RTC_SetAlarm), (502 bytes).
    Removing stm32l4xx_hal_rtc.o(i.HAL_RTC_SetAlarm_IT), (536 bytes).
    Removing stm32l4xx_hal_rtc.o(i.HAL_RTC_SetDate), (204 bytes).
    Removing stm32l4xx_hal_rtc.o(i.HAL_RTC_SetTime), (248 bytes).
    Removing stm32l4xx_hal_rtc.o(i.HAL_RTC_WaitForSynchro), (56 bytes).
    Removing stm32l4xx_hal_rtc.o(i.RTC_Bcd2ToByte), (20 bytes).
    Removing stm32l4xx_hal_rtc.o(i.RTC_ByteToBcd2), (28 bytes).
    Removing stm32l4xx_hal_rtc.o(i.RTC_EnterInitMode), (68 bytes).
    Removing stm32l4xx_hal_rtc.o(i.RTC_ExitInitMode), (104 bytes).
    Removing startup_stm32l476xx.o(HEAP), (512 bytes).
    Removing vl53l0x.o(.rev16_text), (4 bytes).
    Removing vl53l0x.o(.revsh_text), (4 bytes).
    Removing vl53l0x.o(.rrx_text), (6 bytes).
    Removing vl53l0x.o(i.encodeVcselPeriod), (12 bytes).
    Removing vl53l0x.o(i.getAddress), (6 bytes).
    Removing vl53l0x.o(i.getSignalRateLimit), (36 bytes).
    Removing vl53l0x.o(i.getTimeout), (8 bytes).
    Removing vl53l0x.o(i.getWhoAmI), (14 bytes).
    Removing vl53l0x.o(i.read32Bits), (88 bytes).
    Removing vl53l0x.o(i.readBit), (64 bytes).
    Removing vl53l0x.o(i.readBits), (100 bytes).
    Removing vl53l0x.o(i.readRangeContinuousMillimeters), (70 bytes).
    Removing vl53l0x.o(i.readRangeSingleMillimeters), (134 bytes).
    Removing vl53l0x.o(i.readReg32Bit), (36 bytes).
    Removing vl53l0x.o(i.setVcselPulsePeriod), (636 bytes).
    Removing vl53l0x.o(i.stopContinuous), (66 bytes).
    Removing vl53l0x.o(i.timeoutOccurred), (10 bytes).
    Removing vl53l0x.o(i.writeBit), (84 bytes).
    Removing vl53l0x.o(i.writeBits), (104 bytes).
    Removing dadd.o(.text), (350 bytes).
    Removing dmul.o(.text), (234 bytes).
    Removing ddiv.o(.text), (222 bytes).
    Removing dfixul.o(.text), (48 bytes).
    Removing depilogue.o(.text), (186 bytes).

1762 unused section(s) (total 168728 bytes) removed from the image.

==============================================================================

Image Symbol Table

    Local Symbols

    Symbol Name                              Value     Ov Type        Size  Object(Section)

    ../clib/microlib/division.c              0x00000000   Number         0  uldiv.o ABSOLUTE
    ../clib/microlib/division.c              0x00000000   Number         0  uidiv.o ABSOLUTE
    ../clib/microlib/init/entry.s            0x00000000   Number         0  entry11b.o ABSOLUTE
    ../clib/microlib/init/entry.s            0x00000000   Number         0  entry11a.o ABSOLUTE
    ../clib/microlib/init/entry.s            0x00000000   Number         0  entry10b.o ABSOLUTE
    ../clib/microlib/init/entry.s            0x00000000   Number         0  entry10a.o ABSOLUTE
    ../clib/microlib/init/entry.s            0x00000000   Number         0  entry.o ABSOLUTE
    ../clib/microlib/init/entry.s            0x00000000   Number         0  entry2.o ABSOLUTE
    ../clib/microlib/init/entry.s            0x00000000   Number         0  entry9b.o ABSOLUTE
    ../clib/microlib/init/entry.s            0x00000000   Number         0  entry9a.o ABSOLUTE
    ../clib/microlib/init/entry.s            0x00000000   Number         0  entry8b.o ABSOLUTE
    ../clib/microlib/init/entry.s            0x00000000   Number         0  entry7b.o ABSOLUTE
    ../clib/microlib/init/entry.s            0x00000000   Number         0  entry7a.o ABSOLUTE
    ../clib/microlib/init/entry.s            0x00000000   Number         0  entry5.o ABSOLUTE
    ../clib/microlib/init/entry.s            0x00000000   Number         0  entry8a.o ABSOLUTE
    ../clib/microlib/longlong.c              0x00000000   Number         0  llsshr.o ABSOLUTE
    ../clib/microlib/longlong.c              0x00000000   Number         0  llushr.o ABSOLUTE
    ../clib/microlib/longlong.c              0x00000000   Number         0  llshl.o ABSOLUTE
    ../clib/microlib/printf/printf.c         0x00000000   Number         0  printfa.o ABSOLUTE
    ../clib/microlib/printf/printf.c         0x00000000   Number         0  printf8.o ABSOLUTE
    ../clib/microlib/printf/printf.c         0x00000000   Number         0  printf5.o ABSOLUTE
    ../clib/microlib/printf/printf.c         0x00000000   Number         0  printf4.o ABSOLUTE
    ../clib/microlib/printf/printf.c         0x00000000   Number         0  printf3.o ABSOLUTE
    ../clib/microlib/printf/printf.c         0x00000000   Number         0  printf2.o ABSOLUTE
    ../clib/microlib/printf/printf.c         0x00000000   Number         0  printf0.o ABSOLUTE
    ../clib/microlib/printf/printf.c         0x00000000   Number         0  printfb.o ABSOLUTE
    ../clib/microlib/printf/printf.c         0x00000000   Number         0  printf6.o ABSOLUTE
    ../clib/microlib/printf/printf.c         0x00000000   Number         0  printf7.o ABSOLUTE
    ../clib/microlib/printf/printf.c         0x00000000   Number         0  printf1.o ABSOLUTE
    ../clib/microlib/string/memcpy.c         0x00000000   Number         0  memcpyb.o ABSOLUTE
    ../clib/microlib/string/memcpy.c         0x00000000   Number         0  memcpya.o ABSOLUTE
    ../clib/microlib/string/memset.c         0x00000000   Number         0  memseta.o ABSOLUTE
    ../clib/microlib/string/strlen.c         0x00000000   Number         0  strlen.o ABSOLUTE
    ../clib/microlib/stubs.s                 0x00000000   Number         0  iusefp.o ABSOLUTE
    ../fplib/microlib/f2d.c                  0x00000000   Number         0  f2d.o ABSOLUTE
    ../fplib/microlib/fpadd.c                0x00000000   Number         0  dadd.o ABSOLUTE
    ../fplib/microlib/fpdiv.c                0x00000000   Number         0  ddiv.o ABSOLUTE
    ../fplib/microlib/fpepilogue.c           0x00000000   Number         0  depilogue.o ABSOLUTE
    ../fplib/microlib/fpfix.c                0x00000000   Number         0  dfixul.o ABSOLUTE
    ../fplib/microlib/fpmul.c                0x00000000   Number         0  dmul.o ABSOLUTE
    ..\PRUEBA\VL53L0X.c                      0x00000000   Number         0  vl53l0x.o ABSOLUTE
    ..\Src\fputc_debug.c                     0x00000000   Number         0  fputc_debug.o ABSOLUTE
    ..\Src\main.c                            0x00000000   Number         0  main.o ABSOLUTE
    ..\Src\stm32l4xx_it.c                    0x00000000   Number         0  stm32l4xx_it.o ABSOLUTE
    ..\Src\system_stm32l4xx.c                0x00000000   Number         0  system_stm32l4xx.o ABSOLUTE
    ..\\PRUEBA\\VL53L0X.c                    0x00000000   Number         0  vl53l0x.o ABSOLUTE
    ..\\Src\\fputc_debug.c                   0x00000000   Number         0  fputc_debug.o ABSOLUTE
    ..\\Src\\main.c                          0x00000000   Number         0  main.o ABSOLUTE
    ..\\Src\\stm32l4xx_it.c                  0x00000000   Number         0  stm32l4xx_it.o ABSOLUTE
    ..\\Src\\system_stm32l4xx.c              0x00000000   Number         0  system_stm32l4xx.o ABSOLUTE
    P:\Drivers\BSP\STM32L4xx_Nucleo\stm32l4xx_nucleo.c 0x00000000   Number         0  stm32l4xx_nucleo.o ABSOLUTE
    P:\Drivers\STM32L4xx_HAL_Driver\Src\stm32l4xx_hal.c 0x00000000   Number         0  stm32l4xx_hal.o ABSOLUTE
    P:\Drivers\STM32L4xx_HAL_Driver\Src\stm32l4xx_hal_adc.c 0x00000000   Number         0  stm32l4xx_hal_adc.o ABSOLUTE
    P:\Drivers\STM32L4xx_HAL_Driver\Src\stm32l4xx_hal_adc_ex.c 0x00000000   Number         0  stm32l4xx_hal_adc_ex.o ABSOLUTE
    P:\Drivers\STM32L4xx_HAL_Driver\Src\stm32l4xx_hal_can.c 0x00000000   Number         0  stm32l4xx_hal_can.o ABSOLUTE
    P:\Drivers\STM32L4xx_HAL_Driver\Src\stm32l4xx_hal_comp.c 0x00000000   Number         0  stm32l4xx_hal_comp.o ABSOLUTE
    P:\Drivers\STM32L4xx_HAL_Driver\Src\stm32l4xx_hal_cortex.c 0x00000000   Number         0  stm32l4xx_hal_cortex.o ABSOLUTE
    P:\Drivers\STM32L4xx_HAL_Driver\Src\stm32l4xx_hal_crc.c 0x00000000   Number         0  stm32l4xx_hal_crc.o ABSOLUTE
    P:\Drivers\STM32L4xx_HAL_Driver\Src\stm32l4xx_hal_crc_ex.c 0x00000000   Number         0  stm32l4xx_hal_crc_ex.o ABSOLUTE
    P:\Drivers\STM32L4xx_HAL_Driver\Src\stm32l4xx_hal_cryp.c 0x00000000   Number         0  stm32l4xx_hal_cryp.o ABSOLUTE
    P:\Drivers\STM32L4xx_HAL_Driver\Src\stm32l4xx_hal_cryp_ex.c 0x00000000   Number         0  stm32l4xx_hal_cryp_ex.o ABSOLUTE
    P:\Drivers\STM32L4xx_HAL_Driver\Src\stm32l4xx_hal_dac.c 0x00000000   Number         0  stm32l4xx_hal_dac.o ABSOLUTE
    P:\Drivers\STM32L4xx_HAL_Driver\Src\stm32l4xx_hal_dac_ex.c 0x00000000   Number         0  stm32l4xx_hal_dac_ex.o ABSOLUTE
    P:\Drivers\STM32L4xx_HAL_Driver\Src\stm32l4xx_hal_dfsdm.c 0x00000000   Number         0  stm32l4xx_hal_dfsdm.o ABSOLUTE
    P:\Drivers\STM32L4xx_HAL_Driver\Src\stm32l4xx_hal_dma.c 0x00000000   Number         0  stm32l4xx_hal_dma.o ABSOLUTE
    P:\Drivers\STM32L4xx_HAL_Driver\Src\stm32l4xx_hal_firewall.c 0x00000000   Number         0  stm32l4xx_hal_firewall.o ABSOLUTE
    P:\Drivers\STM32L4xx_HAL_Driver\Src\stm32l4xx_hal_flash.c 0x00000000   Number         0  stm32l4xx_hal_flash.o ABSOLUTE
    P:\Drivers\STM32L4xx_HAL_Driver\Src\stm32l4xx_hal_flash_ex.c 0x00000000   Number         0  stm32l4xx_hal_flash_ex.o ABSOLUTE
    P:\Drivers\STM32L4xx_HAL_Driver\Src\stm32l4xx_hal_flash_ramfunc.c 0x00000000   Number         0  stm32l4xx_hal_flash_ramfunc.o ABSOLUTE
    P:\Drivers\STM32L4xx_HAL_Driver\Src\stm32l4xx_hal_gpio.c 0x00000000   Number         0  stm32l4xx_hal_gpio.o ABSOLUTE
    P:\Drivers\STM32L4xx_HAL_Driver\Src\stm32l4xx_hal_hcd.c 0x00000000   Number         0  stm32l4xx_hal_hcd.o ABSOLUTE
    P:\Drivers\STM32L4xx_HAL_Driver\Src\stm32l4xx_hal_i2c.c 0x00000000   Number         0  stm32l4xx_hal_i2c.o ABSOLUTE
    P:\Drivers\STM32L4xx_HAL_Driver\Src\stm32l4xx_hal_i2c_ex.c 0x00000000   Number         0  stm32l4xx_hal_i2c_ex.o ABSOLUTE
    P:\Drivers\STM32L4xx_HAL_Driver\Src\stm32l4xx_hal_irda.c 0x00000000   Number         0  stm32l4xx_hal_irda.o ABSOLUTE
    P:\Drivers\STM32L4xx_HAL_Driver\Src\stm32l4xx_hal_iwdg.c 0x00000000   Number         0  stm32l4xx_hal_iwdg.o ABSOLUTE
    P:\Drivers\STM32L4xx_HAL_Driver\Src\stm32l4xx_hal_lcd.c 0x00000000   Number         0  stm32l4xx_hal_lcd.o ABSOLUTE
    P:\Drivers\STM32L4xx_HAL_Driver\Src\stm32l4xx_hal_lptim.c 0x00000000   Number         0  stm32l4xx_hal_lptim.o ABSOLUTE
    P:\Drivers\STM32L4xx_HAL_Driver\Src\stm32l4xx_hal_nand.c 0x00000000   Number         0  stm32l4xx_hal_nand.o ABSOLUTE
    P:\Drivers\STM32L4xx_HAL_Driver\Src\stm32l4xx_hal_nor.c 0x00000000   Number         0  stm32l4xx_hal_nor.o ABSOLUTE
    P:\Drivers\STM32L4xx_HAL_Driver\Src\stm32l4xx_hal_opamp.c 0x00000000   Number         0  stm32l4xx_hal_opamp.o ABSOLUTE
    P:\Drivers\STM32L4xx_HAL_Driver\Src\stm32l4xx_hal_opamp_ex.c 0x00000000   Number         0  stm32l4xx_hal_opamp_ex.o ABSOLUTE
    P:\Drivers\STM32L4xx_HAL_Driver\Src\stm32l4xx_hal_pcd.c 0x00000000   Number         0  stm32l4xx_hal_pcd.o ABSOLUTE
    P:\Drivers\STM32L4xx_HAL_Driver\Src\stm32l4xx_hal_pcd_ex.c 0x00000000   Number         0  stm32l4xx_hal_pcd_ex.o ABSOLUTE
    P:\Drivers\STM32L4xx_HAL_Driver\Src\stm32l4xx_hal_pwr.c 0x00000000   Number         0  stm32l4xx_hal_pwr.o ABSOLUTE
    P:\Drivers\STM32L4xx_HAL_Driver\Src\stm32l4xx_hal_pwr_ex.c 0x00000000   Number         0  stm32l4xx_hal_pwr_ex.o ABSOLUTE
    P:\Drivers\STM32L4xx_HAL_Driver\Src\stm32l4xx_hal_qspi.c 0x00000000   Number         0  stm32l4xx_hal_qspi.o ABSOLUTE
    P:\Drivers\STM32L4xx_HAL_Driver\Src\stm32l4xx_hal_rcc.c 0x00000000   Number         0  stm32l4xx_hal_rcc.o ABSOLUTE
    P:\Drivers\STM32L4xx_HAL_Driver\Src\stm32l4xx_hal_rcc_ex.c 0x00000000   Number         0  stm32l4xx_hal_rcc_ex.o ABSOLUTE
    P:\Drivers\STM32L4xx_HAL_Driver\Src\stm32l4xx_hal_rng.c 0x00000000   Number         0  stm32l4xx_hal_rng.o ABSOLUTE
    P:\Drivers\STM32L4xx_HAL_Driver\Src\stm32l4xx_hal_rtc.c 0x00000000   Number         0  stm32l4xx_hal_rtc.o ABSOLUTE
    P:\Drivers\STM32L4xx_HAL_Driver\Src\stm32l4xx_hal_rtc_ex.c 0x00000000   Number         0  stm32l4xx_hal_rtc_ex.o ABSOLUTE
    P:\Drivers\STM32L4xx_HAL_Driver\Src\stm32l4xx_hal_sai.c 0x00000000   Number         0  stm32l4xx_hal_sai.o ABSOLUTE
    P:\Drivers\STM32L4xx_HAL_Driver\Src\stm32l4xx_hal_sd.c 0x00000000   Number         0  stm32l4xx_hal_sd.o ABSOLUTE
    P:\Drivers\STM32L4xx_HAL_Driver\Src\stm32l4xx_hal_smartcard.c 0x00000000   Number         0  stm32l4xx_hal_smartcard.o ABSOLUTE
    P:\Drivers\STM32L4xx_HAL_Driver\Src\stm32l4xx_hal_smartcard_ex.c 0x00000000   Number         0  stm32l4xx_hal_smartcard_ex.o ABSOLUTE
    P:\Drivers\STM32L4xx_HAL_Driver\Src\stm32l4xx_hal_smbus.c 0x00000000   Number         0  stm32l4xx_hal_smbus.o ABSOLUTE
    P:\Drivers\STM32L4xx_HAL_Driver\Src\stm32l4xx_hal_spi.c 0x00000000   Number         0  stm32l4xx_hal_spi.o ABSOLUTE
    P:\Drivers\STM32L4xx_HAL_Driver\Src\stm32l4xx_hal_spi_ex.c 0x00000000   Number         0  stm32l4xx_hal_spi_ex.o ABSOLUTE
    P:\Drivers\STM32L4xx_HAL_Driver\Src\stm32l4xx_hal_sram.c 0x00000000   Number         0  stm32l4xx_hal_sram.o ABSOLUTE
    P:\Drivers\STM32L4xx_HAL_Driver\Src\stm32l4xx_hal_swpmi.c 0x00000000   Number         0  stm32l4xx_hal_swpmi.o ABSOLUTE
    P:\Drivers\STM32L4xx_HAL_Driver\Src\stm32l4xx_hal_tim.c 0x00000000   Number         0  stm32l4xx_hal_tim.o ABSOLUTE
    P:\Drivers\STM32L4xx_HAL_Driver\Src\stm32l4xx_hal_tim_ex.c 0x00000000   Number         0  stm32l4xx_hal_tim_ex.o ABSOLUTE
    P:\Drivers\STM32L4xx_HAL_Driver\Src\stm32l4xx_hal_tsc.c 0x00000000   Number         0  stm32l4xx_hal_tsc.o ABSOLUTE
    P:\Drivers\STM32L4xx_HAL_Driver\Src\stm32l4xx_hal_uart.c 0x00000000   Number         0  stm32l4xx_hal_uart.o ABSOLUTE
    P:\Drivers\STM32L4xx_HAL_Driver\Src\stm32l4xx_hal_uart_ex.c 0x00000000   Number         0  stm32l4xx_hal_uart_ex.o ABSOLUTE
    P:\Drivers\STM32L4xx_HAL_Driver\Src\stm32l4xx_hal_usart.c 0x00000000   Number         0  stm32l4xx_hal_usart.o ABSOLUTE
    P:\Drivers\STM32L4xx_HAL_Driver\Src\stm32l4xx_hal_wwdg.c 0x00000000   Number         0  stm32l4xx_hal_wwdg.o ABSOLUTE
    P:\Drivers\STM32L4xx_HAL_Driver\Src\stm32l4xx_ll_fmc.c 0x00000000   Number         0  stm32l4xx_ll_fmc.o ABSOLUTE
    P:\Drivers\STM32L4xx_HAL_Driver\Src\stm32l4xx_ll_sdmmc.c 0x00000000   Number         0  stm32l4xx_ll_sdmmc.o ABSOLUTE
    P:\Drivers\STM32L4xx_HAL_Driver\Src\stm32l4xx_ll_usb.c 0x00000000   Number         0  stm32l4xx_ll_usb.o ABSOLUTE
    P:\\Drivers\\BSP\\STM32L4xx_Nucleo\\stm32l4xx_nucleo.c 0x00000000   Number         0  stm32l4xx_nucleo.o ABSOLUTE
    P:\\Drivers\\STM32L4xx_HAL_Driver\\Src\\stm32l4xx_hal.c 0x00000000   Number         0  stm32l4xx_hal.o ABSOLUTE
    P:\\Drivers\\STM32L4xx_HAL_Driver\\Src\\stm32l4xx_hal_adc.c 0x00000000   Number         0  stm32l4xx_hal_adc.o ABSOLUTE
    P:\\Drivers\\STM32L4xx_HAL_Driver\\Src\\stm32l4xx_hal_adc_ex.c 0x00000000   Number         0  stm32l4xx_hal_adc_ex.o ABSOLUTE
    P:\\Drivers\\STM32L4xx_HAL_Driver\\Src\\stm32l4xx_hal_can.c 0x00000000   Number         0  stm32l4xx_hal_can.o ABSOLUTE
    P:\\Drivers\\STM32L4xx_HAL_Driver\\Src\\stm32l4xx_hal_comp.c 0x00000000   Number         0  stm32l4xx_hal_comp.o ABSOLUTE
    P:\\Drivers\\STM32L4xx_HAL_Driver\\Src\\stm32l4xx_hal_cortex.c 0x00000000   Number         0  stm32l4xx_hal_cortex.o ABSOLUTE
    P:\\Drivers\\STM32L4xx_HAL_Driver\\Src\\stm32l4xx_hal_crc.c 0x00000000   Number         0  stm32l4xx_hal_crc.o ABSOLUTE
    P:\\Drivers\\STM32L4xx_HAL_Driver\\Src\\stm32l4xx_hal_crc_ex.c 0x00000000   Number         0  stm32l4xx_hal_crc_ex.o ABSOLUTE
    P:\\Drivers\\STM32L4xx_HAL_Driver\\Src\\stm32l4xx_hal_cryp.c 0x00000000   Number         0  stm32l4xx_hal_cryp.o ABSOLUTE
    P:\\Drivers\\STM32L4xx_HAL_Driver\\Src\\stm32l4xx_hal_cryp_ex.c 0x00000000   Number         0  stm32l4xx_hal_cryp_ex.o ABSOLUTE
    P:\\Drivers\\STM32L4xx_HAL_Driver\\Src\\stm32l4xx_hal_dac.c 0x00000000   Number         0  stm32l4xx_hal_dac.o ABSOLUTE
    P:\\Drivers\\STM32L4xx_HAL_Driver\\Src\\stm32l4xx_hal_dac_ex.c 0x00000000   Number         0  stm32l4xx_hal_dac_ex.o ABSOLUTE
    P:\\Drivers\\STM32L4xx_HAL_Driver\\Src\\stm32l4xx_hal_dfsdm.c 0x00000000   Number         0  stm32l4xx_hal_dfsdm.o ABSOLUTE
    P:\\Drivers\\STM32L4xx_HAL_Driver\\Src\\stm32l4xx_hal_dma.c 0x00000000   Number         0  stm32l4xx_hal_dma.o ABSOLUTE
    P:\\Drivers\\STM32L4xx_HAL_Driver\\Src\\stm32l4xx_hal_firewall.c 0x00000000   Number         0  stm32l4xx_hal_firewall.o ABSOLUTE
    P:\\Drivers\\STM32L4xx_HAL_Driver\\Src\\stm32l4xx_hal_flash.c 0x00000000   Number         0  stm32l4xx_hal_flash.o ABSOLUTE
    P:\\Drivers\\STM32L4xx_HAL_Driver\\Src\\stm32l4xx_hal_flash_ex.c 0x00000000   Number         0  stm32l4xx_hal_flash_ex.o ABSOLUTE
    P:\\Drivers\\STM32L4xx_HAL_Driver\\Src\\stm32l4xx_hal_flash_ramfunc.c 0x00000000   Number         0  stm32l4xx_hal_flash_ramfunc.o ABSOLUTE
    P:\\Drivers\\STM32L4xx_HAL_Driver\\Src\\stm32l4xx_hal_gpio.c 0x00000000   Number         0  stm32l4xx_hal_gpio.o ABSOLUTE
    P:\\Drivers\\STM32L4xx_HAL_Driver\\Src\\stm32l4xx_hal_hcd.c 0x00000000   Number         0  stm32l4xx_hal_hcd.o ABSOLUTE
    P:\\Drivers\\STM32L4xx_HAL_Driver\\Src\\stm32l4xx_hal_i2c.c 0x00000000   Number         0  stm32l4xx_hal_i2c.o ABSOLUTE
    P:\\Drivers\\STM32L4xx_HAL_Driver\\Src\\stm32l4xx_hal_i2c_ex.c 0x00000000   Number         0  stm32l4xx_hal_i2c_ex.o ABSOLUTE
    P:\\Drivers\\STM32L4xx_HAL_Driver\\Src\\stm32l4xx_hal_irda.c 0x00000000   Number         0  stm32l4xx_hal_irda.o ABSOLUTE
    P:\\Drivers\\STM32L4xx_HAL_Driver\\Src\\stm32l4xx_hal_iwdg.c 0x00000000   Number         0  stm32l4xx_hal_iwdg.o ABSOLUTE
    P:\\Drivers\\STM32L4xx_HAL_Driver\\Src\\stm32l4xx_hal_lcd.c 0x00000000   Number         0  stm32l4xx_hal_lcd.o ABSOLUTE
    P:\\Drivers\\STM32L4xx_HAL_Driver\\Src\\stm32l4xx_hal_lptim.c 0x00000000   Number         0  stm32l4xx_hal_lptim.o ABSOLUTE
    P:\\Drivers\\STM32L4xx_HAL_Driver\\Src\\stm32l4xx_hal_nand.c 0x00000000   Number         0  stm32l4xx_hal_nand.o ABSOLUTE
    P:\\Drivers\\STM32L4xx_HAL_Driver\\Src\\stm32l4xx_hal_nor.c 0x00000000   Number         0  stm32l4xx_hal_nor.o ABSOLUTE
    P:\\Drivers\\STM32L4xx_HAL_Driver\\Src\\stm32l4xx_hal_opamp.c 0x00000000   Number         0  stm32l4xx_hal_opamp.o ABSOLUTE
    P:\\Drivers\\STM32L4xx_HAL_Driver\\Src\\stm32l4xx_hal_opamp_ex.c 0x00000000   Number         0  stm32l4xx_hal_opamp_ex.o ABSOLUTE
    P:\\Drivers\\STM32L4xx_HAL_Driver\\Src\\stm32l4xx_hal_pcd.c 0x00000000   Number         0  stm32l4xx_hal_pcd.o ABSOLUTE
    P:\\Drivers\\STM32L4xx_HAL_Driver\\Src\\stm32l4xx_hal_pcd_ex.c 0x00000000   Number         0  stm32l4xx_hal_pcd_ex.o ABSOLUTE
    P:\\Drivers\\STM32L4xx_HAL_Driver\\Src\\stm32l4xx_hal_pwr.c 0x00000000   Number         0  stm32l4xx_hal_pwr.o ABSOLUTE
    P:\\Drivers\\STM32L4xx_HAL_Driver\\Src\\stm32l4xx_hal_pwr_ex.c 0x00000000   Number         0  stm32l4xx_hal_pwr_ex.o ABSOLUTE
    P:\\Drivers\\STM32L4xx_HAL_Driver\\Src\\stm32l4xx_hal_qspi.c 0x00000000   Number         0  stm32l4xx_hal_qspi.o ABSOLUTE
    P:\\Drivers\\STM32L4xx_HAL_Driver\\Src\\stm32l4xx_hal_rcc.c 0x00000000   Number         0  stm32l4xx_hal_rcc.o ABSOLUTE
    P:\\Drivers\\STM32L4xx_HAL_Driver\\Src\\stm32l4xx_hal_rcc_ex.c 0x00000000   Number         0  stm32l4xx_hal_rcc_ex.o ABSOLUTE
    P:\\Drivers\\STM32L4xx_HAL_Driver\\Src\\stm32l4xx_hal_rng.c 0x00000000   Number         0  stm32l4xx_hal_rng.o ABSOLUTE
    P:\\Drivers\\STM32L4xx_HAL_Driver\\Src\\stm32l4xx_hal_rtc.c 0x00000000   Number         0  stm32l4xx_hal_rtc.o ABSOLUTE
    P:\\Drivers\\STM32L4xx_HAL_Driver\\Src\\stm32l4xx_hal_rtc_ex.c 0x00000000   Number         0  stm32l4xx_hal_rtc_ex.o ABSOLUTE
    P:\\Drivers\\STM32L4xx_HAL_Driver\\Src\\stm32l4xx_hal_sai.c 0x00000000   Number         0  stm32l4xx_hal_sai.o ABSOLUTE
    P:\\Drivers\\STM32L4xx_HAL_Driver\\Src\\stm32l4xx_hal_sd.c 0x00000000   Number         0  stm32l4xx_hal_sd.o ABSOLUTE
    P:\\Drivers\\STM32L4xx_HAL_Driver\\Src\\stm32l4xx_hal_smartcard.c 0x00000000   Number         0  stm32l4xx_hal_smartcard.o ABSOLUTE
    P:\\Drivers\\STM32L4xx_HAL_Driver\\Src\\stm32l4xx_hal_smartcard_ex.c 0x00000000   Number         0  stm32l4xx_hal_smartcard_ex.o ABSOLUTE
    P:\\Drivers\\STM32L4xx_HAL_Driver\\Src\\stm32l4xx_hal_smbus.c 0x00000000   Number         0  stm32l4xx_hal_smbus.o ABSOLUTE
    P:\\Drivers\\STM32L4xx_HAL_Driver\\Src\\stm32l4xx_hal_spi.c 0x00000000   Number         0  stm32l4xx_hal_spi.o ABSOLUTE
    P:\\Drivers\\STM32L4xx_HAL_Driver\\Src\\stm32l4xx_hal_spi_ex.c 0x00000000   Number         0  stm32l4xx_hal_spi_ex.o ABSOLUTE
    P:\\Drivers\\STM32L4xx_HAL_Driver\\Src\\stm32l4xx_hal_sram.c 0x00000000   Number         0  stm32l4xx_hal_sram.o ABSOLUTE
    P:\\Drivers\\STM32L4xx_HAL_Driver\\Src\\stm32l4xx_hal_swpmi.c 0x00000000   Number         0  stm32l4xx_hal_swpmi.o ABSOLUTE
    P:\\Drivers\\STM32L4xx_HAL_Driver\\Src\\stm32l4xx_hal_tim.c 0x00000000   Number         0  stm32l4xx_hal_tim.o ABSOLUTE
    P:\\Drivers\\STM32L4xx_HAL_Driver\\Src\\stm32l4xx_hal_tim_ex.c 0x00000000   Number         0  stm32l4xx_hal_tim_ex.o ABSOLUTE
    P:\\Drivers\\STM32L4xx_HAL_Driver\\Src\\stm32l4xx_hal_tsc.c 0x00000000   Number         0  stm32l4xx_hal_tsc.o ABSOLUTE
    P:\\Drivers\\STM32L4xx_HAL_Driver\\Src\\stm32l4xx_hal_uart.c 0x00000000   Number         0  stm32l4xx_hal_uart.o ABSOLUTE
    P:\\Drivers\\STM32L4xx_HAL_Driver\\Src\\stm32l4xx_hal_uart_ex.c 0x00000000   Number         0  stm32l4xx_hal_uart_ex.o ABSOLUTE
    P:\\Drivers\\STM32L4xx_HAL_Driver\\Src\\stm32l4xx_hal_usart.c 0x00000000   Number         0  stm32l4xx_hal_usart.o ABSOLUTE
    P:\\Drivers\\STM32L4xx_HAL_Driver\\Src\\stm32l4xx_hal_wwdg.c 0x00000000   Number         0  stm32l4xx_hal_wwdg.o ABSOLUTE
    P:\\Drivers\\STM32L4xx_HAL_Driver\\Src\\stm32l4xx_ll_fmc.c 0x00000000   Number         0  stm32l4xx_ll_fmc.o ABSOLUTE
    P:\\Drivers\\STM32L4xx_HAL_Driver\\Src\\stm32l4xx_ll_sdmmc.c 0x00000000   Number         0  stm32l4xx_ll_sdmmc.o ABSOLUTE
    P:\\Drivers\\STM32L4xx_HAL_Driver\\Src\\stm32l4xx_ll_usb.c 0x00000000   Number         0  stm32l4xx_ll_usb.o ABSOLUTE
    cdrcmple.s                               0x00000000   Number         0  cdrcmple.o ABSOLUTE
    dc.s                                     0x00000000   Number         0  dc.o ABSOLUTE
    handlers.s                               0x00000000   Number         0  handlers.o ABSOLUTE
    init.s                                   0x00000000   Number         0  init.o ABSOLUTE
    startup_stm32l476xx.s                    0x00000000   Number         0  startup_stm32l476xx.o ABSOLUTE
    RESET                                    0x08000000   Section      392  startup_stm32l476xx.o(RESET)
    .ARM.Collect$$$$00000000                 0x08000188   Section        0  entry.o(.ARM.Collect$$$$00000000)
    .ARM.Collect$$$$00000001                 0x08000188   Section        4  entry2.o(.ARM.Collect$$$$00000001)
    .ARM.Collect$$$$00000004                 0x0800018c   Section        4  entry5.o(.ARM.Collect$$$$00000004)
    .ARM.Collect$$$$00000008                 0x08000190   Section        0  entry7b.o(.ARM.Collect$$$$00000008)
    .ARM.Collect$$$$0000000A                 0x08000190   Section        0  entry8b.o(.ARM.Collect$$$$0000000A)
    .ARM.Collect$$$$0000000B                 0x08000190   Section        8  entry9a.o(.ARM.Collect$$$$0000000B)
    .ARM.Collect$$$$0000000D                 0x08000198   Section        0  entry10a.o(.ARM.Collect$$$$0000000D)
    .ARM.Collect$$$$0000000F                 0x08000198   Section        0  entry11a.o(.ARM.Collect$$$$0000000F)
    .ARM.Collect$$$$00002712                 0x08000198   Section        4  entry2.o(.ARM.Collect$$$$00002712)
    __lit__00000000                          0x08000198   Data           4  entry2.o(.ARM.Collect$$$$00002712)
    .text                                    0x0800019c   Section       36  startup_stm32l476xx.o(.text)
    $v0                                      0x0800019c   Number         0  startup_stm32l476xx.o(.text)
    .text                                    0x080001c0   Section        0  uldiv.o(.text)
    .text                                    0x08000228   Section        0  memseta.o(.text)
    .text                                    0x0800024c   Section        0  strlen.o(.text)
    .text                                    0x0800025a   Section        0  f2d.o(.text)
    .text                                    0x08000280   Section       48  cdrcmple.o(.text)
    .text                                    0x080002b0   Section        0  llshl.o(.text)
    .text                                    0x080002ce   Section        0  llushr.o(.text)
    .text                                    0x080002ee   Section        0  iusefp.o(.text)
    .text                                    0x080002f0   Section       36  init.o(.text)
    i.BusFault_Handler                       0x08000314   Section        0  stm32l4xx_it.o(i.BusFault_Handler)
    i.DebugMon_Handler                       0x08000318   Section        0  stm32l4xx_it.o(i.DebugMon_Handler)
    i.Error_Handler                          0x0800031a   Section        0  main.o(i.Error_Handler)
    i.HAL_Delay                              0x08000320   Section        0  stm32l4xx_hal.o(i.HAL_Delay)
    i.HAL_GPIO_Init                          0x08000348   Section        0  stm32l4xx_hal_gpio.o(i.HAL_GPIO_Init)
    i.HAL_GPIO_WritePin                      0x0800054c   Section        0  stm32l4xx_hal_gpio.o(i.HAL_GPIO_WritePin)
    i.HAL_GetTick                            0x08000558   Section        0  stm32l4xx_hal.o(i.HAL_GetTick)
    i.HAL_I2CEx_ConfigAnalogFilter           0x08000564   Section        0  stm32l4xx_hal_i2c_ex.o(i.HAL_I2CEx_ConfigAnalogFilter)
    i.HAL_I2CEx_ConfigDigitalFilter          0x080005ce   Section        0  stm32l4xx_hal_i2c_ex.o(i.HAL_I2CEx_ConfigDigitalFilter)
    i.HAL_I2C_Init                           0x08000638   Section        0  stm32l4xx_hal_i2c.o(i.HAL_I2C_Init)
    i.HAL_I2C_Mem_Read                       0x080006fc   Section        0  stm32l4xx_hal_i2c.o(i.HAL_I2C_Mem_Read)
    i.HAL_I2C_Mem_Write                      0x080008a4   Section        0  stm32l4xx_hal_i2c.o(i.HAL_I2C_Mem_Write)
    i.HAL_I2C_MspInit                        0x08000a42   Section        0  stm32l4xx_hal_i2c.o(i.HAL_I2C_MspInit)
    i.HAL_IncTick                            0x08000a44   Section        0  stm32l4xx_hal.o(i.HAL_IncTick)
    i.HAL_Init                               0x08000a5c   Section        0  stm32l4xx_hal.o(i.HAL_Init)
    i.HAL_InitTick                           0x08000a7c   Section        0  stm32l4xx_hal.o(i.HAL_InitTick)
    i.HAL_MspInit                            0x08000ad4   Section        0  stm32l4xx_hal.o(i.HAL_MspInit)
    i.HAL_NVIC_SetPriority                   0x08000ad6   Section        0  stm32l4xx_hal_cortex.o(i.HAL_NVIC_SetPriority)
    i.HAL_NVIC_SetPriorityGrouping           0x08000b58   Section        0  stm32l4xx_hal_cortex.o(i.HAL_NVIC_SetPriorityGrouping)
    i.HAL_PWREx_GetVoltageRange              0x08000b80   Section        0  stm32l4xx_hal_pwr_ex.o(i.HAL_PWREx_GetVoltageRange)
    i.HAL_RCCEx_PeriphCLKConfig              0x08000b90   Section        0  stm32l4xx_hal_rcc_ex.o(i.HAL_RCCEx_PeriphCLKConfig)
    i.HAL_RCC_ClockConfig                    0x08001064   Section        0  stm32l4xx_hal_rcc.o(i.HAL_RCC_ClockConfig)
    i.HAL_RCC_GetHCLKFreq                    0x080011e0   Section        0  stm32l4xx_hal_rcc.o(i.HAL_RCC_GetHCLKFreq)
    i.HAL_RCC_GetPCLK1Freq                   0x080011ec   Section        0  stm32l4xx_hal_rcc.o(i.HAL_RCC_GetPCLK1Freq)
    i.HAL_RCC_GetPCLK2Freq                   0x08001210   Section        0  stm32l4xx_hal_rcc.o(i.HAL_RCC_GetPCLK2Freq)
    i.HAL_RCC_GetSysClockFreq                0x08001234   Section        0  stm32l4xx_hal_rcc.o(i.HAL_RCC_GetSysClockFreq)
    i.HAL_RCC_OscConfig                      0x08001320   Section        0  stm32l4xx_hal_rcc.o(i.HAL_RCC_OscConfig)
    i.HAL_SYSTICK_CLKSourceConfig            0x08001a1c   Section        0  stm32l4xx_hal_cortex.o(i.HAL_SYSTICK_CLKSourceConfig)
    i.HAL_SYSTICK_Config                     0x08001a44   Section        0  stm32l4xx_hal_cortex.o(i.HAL_SYSTICK_Config)
    i.HAL_TIMEx_MasterConfigSynchronization  0x08001a78   Section        0  stm32l4xx_hal_tim_ex.o(i.HAL_TIMEx_MasterConfigSynchronization)
    i.HAL_TIM_Base_Init                      0x08001b38   Section        0  stm32l4xx_hal_tim.o(i.HAL_TIM_Base_Init)
    i.HAL_TIM_Base_MspInit                   0x08001b6c   Section        0  stm32l4xx_hal_tim.o(i.HAL_TIM_Base_MspInit)
    i.HAL_TIM_Base_Start                     0x08001b70   Section        0  stm32l4xx_hal_tim.o(i.HAL_TIM_Base_Start)
    i.HAL_TIM_ConfigClockSource              0x08001ba8   Section        0  stm32l4xx_hal_tim.o(i.HAL_TIM_ConfigClockSource)
    i.HAL_UART_Init                          0x08001cb4   Section        0  stm32l4xx_hal_uart.o(i.HAL_UART_Init)
    i.HAL_UART_MspInit                       0x08001d28   Section        0  stm32l4xx_hal_uart.o(i.HAL_UART_MspInit)
    i.HAL_UART_Transmit                      0x08001d2a   Section        0  stm32l4xx_hal_uart.o(i.HAL_UART_Transmit)
    i.HardFault_Handler                      0x08001e02   Section        0  stm32l4xx_it.o(i.HardFault_Handler)
    i.I2C_Flush_TXDR                         0x08001e06   Section        0  stm32l4xx_hal_i2c.o(i.I2C_Flush_TXDR)
    I2C_Flush_TXDR                           0x08001e07   Thumb Code    40  stm32l4xx_hal_i2c.o(i.I2C_Flush_TXDR)
    i.I2C_IsAcknowledgeFailed                0x08001e30   Section        0  stm32l4xx_hal_i2c.o(i.I2C_IsAcknowledgeFailed)
    I2C_IsAcknowledgeFailed                  0x08001e31   Thumb Code   148  stm32l4xx_hal_i2c.o(i.I2C_IsAcknowledgeFailed)
    i.I2C_RequestMemoryRead                  0x08001ec8   Section        0  stm32l4xx_hal_i2c.o(i.I2C_RequestMemoryRead)
    I2C_RequestMemoryRead                    0x08001ec9   Thumb Code   118  stm32l4xx_hal_i2c.o(i.I2C_RequestMemoryRead)
    i.I2C_RequestMemoryWrite                 0x08001f44   Section        0  stm32l4xx_hal_i2c.o(i.I2C_RequestMemoryWrite)
    I2C_RequestMemoryWrite                   0x08001f45   Thumb Code   118  stm32l4xx_hal_i2c.o(i.I2C_RequestMemoryWrite)
    i.I2C_TransferConfig                     0x08001fc0   Section        0  stm32l4xx_hal_i2c.o(i.I2C_TransferConfig)
    I2C_TransferConfig                       0x08001fc1   Thumb Code    52  stm32l4xx_hal_i2c.o(i.I2C_TransferConfig)
    i.I2C_WaitOnFlagUntilTimeout             0x08001ff4   Section        0  stm32l4xx_hal_i2c.o(i.I2C_WaitOnFlagUntilTimeout)
    I2C_WaitOnFlagUntilTimeout               0x08001ff5   Thumb Code    94  stm32l4xx_hal_i2c.o(i.I2C_WaitOnFlagUntilTimeout)
    i.I2C_WaitOnSTOPFlagUntilTimeout         0x08002052   Section        0  stm32l4xx_hal_i2c.o(i.I2C_WaitOnSTOPFlagUntilTimeout)
    I2C_WaitOnSTOPFlagUntilTimeout           0x08002053   Thumb Code    86  stm32l4xx_hal_i2c.o(i.I2C_WaitOnSTOPFlagUntilTimeout)
    i.I2C_WaitOnTXISFlagUntilTimeout         0x080020a8   Section        0  stm32l4xx_hal_i2c.o(i.I2C_WaitOnTXISFlagUntilTimeout)
    I2C_WaitOnTXISFlagUntilTimeout           0x080020a9   Thumb Code    90  stm32l4xx_hal_i2c.o(i.I2C_WaitOnTXISFlagUntilTimeout)
    i.MX_GPIO_Init                           0x08002104   Section        0  main.o(i.MX_GPIO_Init)
    MX_GPIO_Init                             0x08002105   Thumb Code    70  main.o(i.MX_GPIO_Init)
    i.MX_I2C1_Init                           0x08002154   Section        0  main.o(i.MX_I2C1_Init)
    MX_I2C1_Init                             0x08002155   Thumb Code   170  main.o(i.MX_I2C1_Init)
    i.MX_TIM2_Init                           0x08002214   Section        0  main.o(i.MX_TIM2_Init)
    MX_TIM2_Init                             0x08002215   Thumb Code    86  main.o(i.MX_TIM2_Init)
    i.MX_USART2_UART_Init                    0x08002270   Section        0  main.o(i.MX_USART2_UART_Init)
    MX_USART2_UART_Init                      0x08002271   Thumb Code   152  main.o(i.MX_USART2_UART_Init)
    i.MemManage_Handler                      0x08002314   Section        0  stm32l4xx_it.o(i.MemManage_Handler)
    i.NMI_Handler                            0x08002318   Section        0  stm32l4xx_it.o(i.NMI_Handler)
    i.PendSV_Handler                         0x0800231a   Section        0  stm32l4xx_it.o(i.PendSV_Handler)
    i.RCCEx_PLLSAI1_Config                   0x0800231c   Section        0  stm32l4xx_hal_rcc_ex.o(i.RCCEx_PLLSAI1_Config)
    RCCEx_PLLSAI1_Config                     0x0800231d   Thumb Code   378  stm32l4xx_hal_rcc_ex.o(i.RCCEx_PLLSAI1_Config)
    i.RCCEx_PLLSAI2_Config                   0x080024a8   Section        0  stm32l4xx_hal_rcc_ex.o(i.RCCEx_PLLSAI2_Config)
    RCCEx_PLLSAI2_Config                     0x080024a9   Thumb Code   342  stm32l4xx_hal_rcc_ex.o(i.RCCEx_PLLSAI2_Config)
    i.RCC_SetFlashLatencyFromMSIRange        0x0800260c   Section        0  stm32l4xx_hal_rcc.o(i.RCC_SetFlashLatencyFromMSIRange)
    RCC_SetFlashLatencyFromMSIRange          0x0800260d   Thumb Code   148  stm32l4xx_hal_rcc.o(i.RCC_SetFlashLatencyFromMSIRange)
    i.SVC_Handler                            0x080026a8   Section        0  stm32l4xx_it.o(i.SVC_Handler)
    i.SysTick_Handler                        0x080026aa   Section        0  stm32l4xx_it.o(i.SysTick_Handler)
    i.SystemClock_Config                     0x080026b2   Section        0  main.o(i.SystemClock_Config)
    i.SystemInit                             0x0800274c   Section        0  system_stm32l4xx.o(i.SystemInit)
    i.TIM_Base_SetConfig                     0x0800279c   Section        0  stm32l4xx_hal_tim.o(i.TIM_Base_SetConfig)
    i.TIM_ETR_SetConfig                      0x08002868   Section        0  stm32l4xx_hal_tim.o(i.TIM_ETR_SetConfig)
    i.TIM_ITRx_SetConfig                     0x0800287e   Section        0  stm32l4xx_hal_tim.o(i.TIM_ITRx_SetConfig)
    TIM_ITRx_SetConfig                       0x0800287f   Thumb Code    18  stm32l4xx_hal_tim.o(i.TIM_ITRx_SetConfig)
    i.TIM_TI1_ConfigInputStage               0x08002890   Section        0  stm32l4xx_hal_tim.o(i.TIM_TI1_ConfigInputStage)
    TIM_TI1_ConfigInputStage                 0x08002891   Thumb Code    38  stm32l4xx_hal_tim.o(i.TIM_TI1_ConfigInputStage)
    i.TIM_TI2_ConfigInputStage               0x080028b6   Section        0  stm32l4xx_hal_tim.o(i.TIM_TI2_ConfigInputStage)
    TIM_TI2_ConfigInputStage                 0x080028b7   Thumb Code    40  stm32l4xx_hal_tim.o(i.TIM_TI2_ConfigInputStage)
    i.UART_AdvFeatureConfig                  0x080028de   Section        0  stm32l4xx_hal_uart.o(i.UART_AdvFeatureConfig)
    i.UART_CheckIdleState                    0x080029d6   Section        0  stm32l4xx_hal_uart.o(i.UART_CheckIdleState)
    i.UART_SetConfig                         0x08002a44   Section        0  stm32l4xx_hal_uart.o(i.UART_SetConfig)
    i.UART_WaitOnFlagUntilTimeout            0x08002eb6   Section        0  stm32l4xx_hal_uart.o(i.UART_WaitOnFlagUntilTimeout)
    i.UsageFault_Handler                     0x08002f6a   Section        0  stm32l4xx_it.o(i.UsageFault_Handler)
    i.__0sprintf$bare                        0x08002f70   Section        0  printfb.o(i.__0sprintf$bare)
    i.__NVIC_GetPriorityGrouping             0x08002f94   Section        0  stm32l4xx_hal_cortex.o(i.__NVIC_GetPriorityGrouping)
    __NVIC_GetPriorityGrouping               0x08002f95   Thumb Code    10  stm32l4xx_hal_cortex.o(i.__NVIC_GetPriorityGrouping)
    i.__NVIC_SetPriority                     0x08002fa4   Section        0  stm32l4xx_hal_cortex.o(i.__NVIC_SetPriority)
    __NVIC_SetPriority                       0x08002fa5   Thumb Code    32  stm32l4xx_hal_cortex.o(i.__NVIC_SetPriority)
    i.__scatterload_copy                     0x08002fcc   Section       14  handlers.o(i.__scatterload_copy)
    i.__scatterload_null                     0x08002fda   Section        2  handlers.o(i.__scatterload_null)
    i.__scatterload_zeroinit                 0x08002fdc   Section       14  handlers.o(i.__scatterload_zeroinit)
    i._printf_core                           0x08002fea   Section        0  printfb.o(i._printf_core)
    _printf_core                             0x08002feb   Thumb Code    34  printfb.o(i._printf_core)
    i._sputc                                 0x0800300c   Section        0  printfb.o(i._sputc)
    _sputc                                   0x0800300d   Thumb Code    10  printfb.o(i._sputc)
    i.calcMacroPeriod                        0x08003016   Section        0  vl53l0x.o(i.calcMacroPeriod)
    i.changeAddresses                        0x08003034   Section        0  main.o(i.changeAddresses)
    i.checkTimeoutExpired                    0x080030b4   Section        0  vl53l0x.o(i.checkTimeoutExpired)
    i.decodeTimeout                          0x080030d2   Section        0  vl53l0x.o(i.decodeTimeout)
    i.decodeVcselPeriod                      0x080030e0   Section        0  vl53l0x.o(i.decodeVcselPeriod)
    i.encodeTimeout                          0x080030ea   Section        0  vl53l0x.o(i.encodeTimeout)
    i.getMeasurementTimingBudget             0x08003114   Section        0  vl53l0x.o(i.getMeasurementTimingBudget)
    i.getSequenceStepEnables                 0x080031aa   Section        0  vl53l0x.o(i.getSequenceStepEnables)
    i.getSequenceStepTimeouts                0x080031d8   Section        0  vl53l0x.o(i.getSequenceStepTimeouts)
    i.getSpadInfo                            0x08003250   Section        0  vl53l0x.o(i.getSpadInfo)
    i.getVcselPulsePeriod                    0x08003360   Section        0  vl53l0x.o(i.getVcselPulsePeriod)
    i.init                                   0x08003390   Section        0  vl53l0x.o(i.init)
    i.main                                   0x080038a0   Section        0  main.o(i.main)
    i.performSingleRefCalibration            0x08003960   Section        0  vl53l0x.o(i.performSingleRefCalibration)
    i.readByte                               0x080039ae   Section        0  vl53l0x.o(i.readByte)
    readByte                                 0x080039af   Thumb Code    36  vl53l0x.o(i.readByte)
    i.readBytes                              0x080039d2   Section        0  vl53l0x.o(i.readBytes)
    readBytes                                0x080039d3   Thumb Code    46  vl53l0x.o(i.readBytes)
    i.readMulti                              0x08003a08   Section        0  vl53l0x.o(i.readMulti)
    i.readReg                                0x08003a34   Section        0  vl53l0x.o(i.readReg)
    i.readReg16Bit                           0x08003a5c   Section        0  vl53l0x.o(i.readReg16Bit)
    i.readWord                               0x08003a84   Section        0  vl53l0x.o(i.readWord)
    readWord                                 0x08003a85   Thumb Code    58  vl53l0x.o(i.readWord)
    i.setAddress                             0x08003ac4   Section        0  vl53l0x.o(i.setAddress)
    i.setMeasurementTimingBudget             0x08003ada   Section        0  vl53l0x.o(i.setMeasurementTimingBudget)
    i.setSignalRateLimit                     0x08003bc0   Section        0  vl53l0x.o(i.setSignalRateLimit)
    i.setTimeout                             0x08003c24   Section        0  vl53l0x.o(i.setTimeout)
    i.setup_VL53L0X                          0x08003c28   Section        0  vl53l0x.o(i.setup_VL53L0X)
    i.startContinuous                        0x08003c34   Section        0  vl53l0x.o(i.startContinuous)
    i.startTimeout                           0x08003cb2   Section        0  vl53l0x.o(i.startTimeout)
    i.timeoutMclksToMicroseconds             0x08003cbe   Section        0  vl53l0x.o(i.timeoutMclksToMicroseconds)
    i.timeoutMicrosecondsToMclks             0x08003cde   Section        0  vl53l0x.o(i.timeoutMicrosecondsToMclks)
    i.write32Bits                            0x08003cfc   Section        0  vl53l0x.o(i.write32Bits)
    write32Bits                              0x08003cfd   Thumb Code    58  vl53l0x.o(i.write32Bits)
    i.writeByte                              0x08003d36   Section        0  vl53l0x.o(i.writeByte)
    writeByte                                0x08003d37   Thumb Code    30  vl53l0x.o(i.writeByte)
    i.writeBytes                             0x08003d54   Section        0  vl53l0x.o(i.writeBytes)
    writeBytes                               0x08003d55   Thumb Code    56  vl53l0x.o(i.writeBytes)
    i.writeMulti                             0x08003d94   Section        0  vl53l0x.o(i.writeMulti)
    i.writeReg                               0x08003db8   Section        0  vl53l0x.o(i.writeReg)
    i.writeReg16Bit                          0x08003dd8   Section        0  vl53l0x.o(i.writeReg16Bit)
    i.writeReg32Bit                          0x08003df8   Section        0  vl53l0x.o(i.writeReg32Bit)
    i.writeWord                              0x08003e18   Section        0  vl53l0x.o(i.writeWord)
    writeWord                                0x08003e19   Thumb Code    46  vl53l0x.o(i.writeWord)
    .constdata                               0x08003e48   Section       72  system_stm32l4xx.o(.constdata)
    .data                                    0x20000000   Section        4  system_stm32l4xx.o(.data)
    .data                                    0x20000004   Section       12  stm32l4xx_hal.o(.data)
    .bss                                     0x20000010   Section      560  main.o(.bss)
    STACK                                    0x20000240   Section     1024  startup_stm32l476xx.o(STACK)

    Global Symbols

    Symbol Name                              Value     Ov Type        Size  Object(Section)

    BuildAttributes$$THM_ISAv4$E$P$D$K$B$S$7EM$VFPi3$EXTD16$VFPS$VFMA$PE$A:L22UL41UL21$X:L11$S22US41US21$IEEE1$IW$USESV6$~STKCKD$USESV7$~SHL$OSPACE$ROPI$EBA8$MICROLIB$REQ8$PRES8$EABIv2 0x00000000   Number         0  anon$$obj.o ABSOLUTE
    __ARM_use_no_argv                        0x00000000   Number         0  main.o ABSOLUTE
    __cpp_initialize__aeabi_                  - Undefined Weak Reference
    __cxa_finalize                            - Undefined Weak Reference
    __decompress                              - Undefined Weak Reference
    _clock_init                               - Undefined Weak Reference
    _microlib_exit                            - Undefined Weak Reference
    __Vectors_Size                           0x00000188   Number         0  startup_stm32l476xx.o ABSOLUTE
    __Vectors                                0x08000000   Data           4  startup_stm32l476xx.o(RESET)
    __Vectors_End                            0x08000188   Data           0  startup_stm32l476xx.o(RESET)
    __main                                   0x08000189   Thumb Code     0  entry.o(.ARM.Collect$$$$00000000)
    _main_stk                                0x08000189   Thumb Code     0  entry2.o(.ARM.Collect$$$$00000001)
    _main_scatterload                        0x0800018d   Thumb Code     0  entry5.o(.ARM.Collect$$$$00000004)
    __main_after_scatterload                 0x08000191   Thumb Code     0  entry5.o(.ARM.Collect$$$$00000004)
    _main_clock                              0x08000191   Thumb Code     0  entry7b.o(.ARM.Collect$$$$00000008)
    _main_cpp_init                           0x08000191   Thumb Code     0  entry8b.o(.ARM.Collect$$$$0000000A)
    _main_init                               0x08000191   Thumb Code     0  entry9a.o(.ARM.Collect$$$$0000000B)
    __rt_final_cpp                           0x08000199   Thumb Code     0  entry10a.o(.ARM.Collect$$$$0000000D)
    __rt_final_exit                          0x08000199   Thumb Code     0  entry11a.o(.ARM.Collect$$$$0000000F)
    Reset_Handler                            0x0800019d   Thumb Code     8  startup_stm32l476xx.o(.text)
    ADC1_2_IRQHandler                        0x080001b7   Thumb Code     0  startup_stm32l476xx.o(.text)
    ADC3_IRQHandler                          0x080001b7   Thumb Code     0  startup_stm32l476xx.o(.text)
    CAN1_RX0_IRQHandler                      0x080001b7   Thumb Code     0  startup_stm32l476xx.o(.text)
    CAN1_RX1_IRQHandler                      0x080001b7   Thumb Code     0  startup_stm32l476xx.o(.text)
    CAN1_SCE_IRQHandler                      0x080001b7   Thumb Code     0  startup_stm32l476xx.o(.text)
    CAN1_TX_IRQHandler                       0x080001b7   Thumb Code     0  startup_stm32l476xx.o(.text)
    COMP_IRQHandler                          0x080001b7   Thumb Code     0  startup_stm32l476xx.o(.text)
    DFSDM1_FLT0_IRQHandler                   0x080001b7   Thumb Code     0  startup_stm32l476xx.o(.text)
    DFSDM1_FLT1_IRQHandler                   0x080001b7   Thumb Code     0  startup_stm32l476xx.o(.text)
    DFSDM1_FLT2_IRQHandler                   0x080001b7   Thumb Code     0  startup_stm32l476xx.o(.text)
    DFSDM1_FLT3_IRQHandler                   0x080001b7   Thumb Code     0  startup_stm32l476xx.o(.text)
    DMA1_Channel1_IRQHandler                 0x080001b7   Thumb Code     0  startup_stm32l476xx.o(.text)
    DMA1_Channel2_IRQHandler                 0x080001b7   Thumb Code     0  startup_stm32l476xx.o(.text)
    DMA1_Channel3_IRQHandler                 0x080001b7   Thumb Code     0  startup_stm32l476xx.o(.text)
    DMA1_Channel4_IRQHandler                 0x080001b7   Thumb Code     0  startup_stm32l476xx.o(.text)
    DMA1_Channel5_IRQHandler                 0x080001b7   Thumb Code     0  startup_stm32l476xx.o(.text)
    DMA1_Channel6_IRQHandler                 0x080001b7   Thumb Code     0  startup_stm32l476xx.o(.text)
    DMA1_Channel7_IRQHandler                 0x080001b7   Thumb Code     0  startup_stm32l476xx.o(.text)
    DMA2_Channel1_IRQHandler                 0x080001b7   Thumb Code     0  startup_stm32l476xx.o(.text)
    DMA2_Channel2_IRQHandler                 0x080001b7   Thumb Code     0  startup_stm32l476xx.o(.text)
    DMA2_Channel3_IRQHandler                 0x080001b7   Thumb Code     0  startup_stm32l476xx.o(.text)
    DMA2_Channel4_IRQHandler                 0x080001b7   Thumb Code     0  startup_stm32l476xx.o(.text)
    DMA2_Channel5_IRQHandler                 0x080001b7   Thumb Code     0  startup_stm32l476xx.o(.text)
    DMA2_Channel6_IRQHandler                 0x080001b7   Thumb Code     0  startup_stm32l476xx.o(.text)
    DMA2_Channel7_IRQHandler                 0x080001b7   Thumb Code     0  startup_stm32l476xx.o(.text)
    EXTI0_IRQHandler                         0x080001b7   Thumb Code     0  startup_stm32l476xx.o(.text)
    EXTI15_10_IRQHandler                     0x080001b7   Thumb Code     0  startup_stm32l476xx.o(.text)
    EXTI1_IRQHandler                         0x080001b7   Thumb Code     0  startup_stm32l476xx.o(.text)
    EXTI2_IRQHandler                         0x080001b7   Thumb Code     0  startup_stm32l476xx.o(.text)
    EXTI3_IRQHandler                         0x080001b7   Thumb Code     0  startup_stm32l476xx.o(.text)
    EXTI4_IRQHandler                         0x080001b7   Thumb Code     0  startup_stm32l476xx.o(.text)
    EXTI9_5_IRQHandler                       0x080001b7   Thumb Code     0  startup_stm32l476xx.o(.text)
    FLASH_IRQHandler                         0x080001b7   Thumb Code     0  startup_stm32l476xx.o(.text)
    FMC_IRQHandler                           0x080001b7   Thumb Code     0  startup_stm32l476xx.o(.text)
    FPU_IRQHandler                           0x080001b7   Thumb Code     0  startup_stm32l476xx.o(.text)
    I2C1_ER_IRQHandler                       0x080001b7   Thumb Code     0  startup_stm32l476xx.o(.text)
    I2C1_EV_IRQHandler                       0x080001b7   Thumb Code     0  startup_stm32l476xx.o(.text)
    I2C2_ER_IRQHandler                       0x080001b7   Thumb Code     0  startup_stm32l476xx.o(.text)
    I2C2_EV_IRQHandler                       0x080001b7   Thumb Code     0  startup_stm32l476xx.o(.text)
    I2C3_ER_IRQHandler                       0x080001b7   Thumb Code     0  startup_stm32l476xx.o(.text)
    I2C3_EV_IRQHandler                       0x080001b7   Thumb Code     0  startup_stm32l476xx.o(.text)
    LCD_IRQHandler                           0x080001b7   Thumb Code     0  startup_stm32l476xx.o(.text)
    LPTIM1_IRQHandler                        0x080001b7   Thumb Code     0  startup_stm32l476xx.o(.text)
    LPTIM2_IRQHandler                        0x080001b7   Thumb Code     0  startup_stm32l476xx.o(.text)
    LPUART1_IRQHandler                       0x080001b7   Thumb Code     0  startup_stm32l476xx.o(.text)
    OTG_FS_IRQHandler                        0x080001b7   Thumb Code     0  startup_stm32l476xx.o(.text)
    PVD_PVM_IRQHandler                       0x080001b7   Thumb Code     0  startup_stm32l476xx.o(.text)
    QUADSPI_IRQHandler                       0x080001b7   Thumb Code     0  startup_stm32l476xx.o(.text)
    RCC_IRQHandler                           0x080001b7   Thumb Code     0  startup_stm32l476xx.o(.text)
    RNG_IRQHandler                           0x080001b7   Thumb Code     0  startup_stm32l476xx.o(.text)
    RTC_Alarm_IRQHandler                     0x080001b7   Thumb Code     0  startup_stm32l476xx.o(.text)
    RTC_WKUP_IRQHandler                      0x080001b7   Thumb Code     0  startup_stm32l476xx.o(.text)
    SAI1_IRQHandler                          0x080001b7   Thumb Code     0  startup_stm32l476xx.o(.text)
    SAI2_IRQHandler                          0x080001b7   Thumb Code     0  startup_stm32l476xx.o(.text)
    SDMMC1_IRQHandler                        0x080001b7   Thumb Code     0  startup_stm32l476xx.o(.text)
    SPI1_IRQHandler                          0x080001b7   Thumb Code     0  startup_stm32l476xx.o(.text)
    SPI2_IRQHandler                          0x080001b7   Thumb Code     0  startup_stm32l476xx.o(.text)
    SPI3_IRQHandler                          0x080001b7   Thumb Code     0  startup_stm32l476xx.o(.text)
    SWPMI1_IRQHandler                        0x080001b7   Thumb Code     0  startup_stm32l476xx.o(.text)
    TAMP_STAMP_IRQHandler                    0x080001b7   Thumb Code     0  startup_stm32l476xx.o(.text)
    TIM1_BRK_TIM15_IRQHandler                0x080001b7   Thumb Code     0  startup_stm32l476xx.o(.text)
    TIM1_CC_IRQHandler                       0x080001b7   Thumb Code     0  startup_stm32l476xx.o(.text)
    TIM1_TRG_COM_TIM17_IRQHandler            0x080001b7   Thumb Code     0  startup_stm32l476xx.o(.text)
    TIM1_UP_TIM16_IRQHandler                 0x080001b7   Thumb Code     0  startup_stm32l476xx.o(.text)
    TIM2_IRQHandler                          0x080001b7   Thumb Code     0  startup_stm32l476xx.o(.text)
    TIM3_IRQHandler                          0x080001b7   Thumb Code     0  startup_stm32l476xx.o(.text)
    TIM4_IRQHandler                          0x080001b7   Thumb Code     0  startup_stm32l476xx.o(.text)
    TIM5_IRQHandler                          0x080001b7   Thumb Code     0  startup_stm32l476xx.o(.text)
    TIM6_DAC_IRQHandler                      0x080001b7   Thumb Code     0  startup_stm32l476xx.o(.text)
    TIM7_IRQHandler                          0x080001b7   Thumb Code     0  startup_stm32l476xx.o(.text)
    TIM8_BRK_IRQHandler                      0x080001b7   Thumb Code     0  startup_stm32l476xx.o(.text)
    TIM8_CC_IRQHandler                       0x080001b7   Thumb Code     0  startup_stm32l476xx.o(.text)
    TIM8_TRG_COM_IRQHandler                  0x080001b7   Thumb Code     0  startup_stm32l476xx.o(.text)
    TIM8_UP_IRQHandler                       0x080001b7   Thumb Code     0  startup_stm32l476xx.o(.text)
    TSC_IRQHandler                           0x080001b7   Thumb Code     0  startup_stm32l476xx.o(.text)
    UART4_IRQHandler                         0x080001b7   Thumb Code     0  startup_stm32l476xx.o(.text)
    UART5_IRQHandler                         0x080001b7   Thumb Code     0  startup_stm32l476xx.o(.text)
    USART1_IRQHandler                        0x080001b7   Thumb Code     0  startup_stm32l476xx.o(.text)
    USART2_IRQHandler                        0x080001b7   Thumb Code     0  startup_stm32l476xx.o(.text)
    USART3_IRQHandler                        0x080001b7   Thumb Code     0  startup_stm32l476xx.o(.text)
    WWDG_IRQHandler                          0x080001b7   Thumb Code     0  startup_stm32l476xx.o(.text)
    __aeabi_uldivmod                         0x080001c1   Thumb Code    98  uldiv.o(.text)
    __aeabi_memset                           0x08000229   Thumb Code    14  memseta.o(.text)
    __aeabi_memset4                          0x08000229   Thumb Code     0  memseta.o(.text)
    __aeabi_memset8                          0x08000229   Thumb Code     0  memseta.o(.text)
    __aeabi_memclr                           0x08000237   Thumb Code     4  memseta.o(.text)
    __aeabi_memclr4                          0x08000237   Thumb Code     0  memseta.o(.text)
    __aeabi_memclr8                          0x08000237   Thumb Code     0  memseta.o(.text)
    _memset$wrapper                          0x0800023b   Thumb Code    18  memseta.o(.text)
    strlen                                   0x0800024d   Thumb Code    14  strlen.o(.text)
    __aeabi_f2d                              0x0800025b   Thumb Code    38  f2d.o(.text)
    __aeabi_cdrcmple                         0x08000281   Thumb Code    48  cdrcmple.o(.text)
    __aeabi_llsl                             0x080002b1   Thumb Code    30  llshl.o(.text)
    _ll_shift_l                              0x080002b1   Thumb Code     0  llshl.o(.text)
    __aeabi_llsr                             0x080002cf   Thumb Code    32  llushr.o(.text)
    _ll_ushift_r                             0x080002cf   Thumb Code     0  llushr.o(.text)
    __I$use$fp                               0x080002ef   Thumb Code     0  iusefp.o(.text)
    __scatterload                            0x080002f1   Thumb Code    28  init.o(.text)
    __scatterload_rt2                        0x080002f1   Thumb Code     0  init.o(.text)
    BusFault_Handler                         0x08000315   Thumb Code     4  stm32l4xx_it.o(i.BusFault_Handler)
    DebugMon_Handler                         0x08000319   Thumb Code     2  stm32l4xx_it.o(i.DebugMon_Handler)
    Error_Handler                            0x0800031b   Thumb Code     4  main.o(i.Error_Handler)
    HAL_Delay                                0x08000321   Thumb Code    36  stm32l4xx_hal.o(i.HAL_Delay)
    HAL_GPIO_Init                            0x08000349   Thumb Code   480  stm32l4xx_hal_gpio.o(i.HAL_GPIO_Init)
    HAL_GPIO_WritePin                        0x0800054d   Thumb Code    10  stm32l4xx_hal_gpio.o(i.HAL_GPIO_WritePin)
    HAL_GetTick                              0x08000559   Thumb Code     6  stm32l4xx_hal.o(i.HAL_GetTick)
    HAL_I2CEx_ConfigAnalogFilter             0x08000565   Thumb Code   106  stm32l4xx_hal_i2c_ex.o(i.HAL_I2CEx_ConfigAnalogFilter)
    HAL_I2CEx_ConfigDigitalFilter            0x080005cf   Thumb Code   104  stm32l4xx_hal_i2c_ex.o(i.HAL_I2CEx_ConfigDigitalFilter)
    HAL_I2C_Init                             0x08000639   Thumb Code   192  stm32l4xx_hal_i2c.o(i.HAL_I2C_Init)
    HAL_I2C_Mem_Read                         0x080006fd   Thumb Code   408  stm32l4xx_hal_i2c.o(i.HAL_I2C_Mem_Read)
    HAL_I2C_Mem_Write                        0x080008a5   Thumb Code   402  stm32l4xx_hal_i2c.o(i.HAL_I2C_Mem_Write)
    HAL_I2C_MspInit                          0x08000a43   Thumb Code     2  stm32l4xx_hal_i2c.o(i.HAL_I2C_MspInit)
    HAL_IncTick                              0x08000a45   Thumb Code    16  stm32l4xx_hal.o(i.HAL_IncTick)
    HAL_Init                                 0x08000a5d   Thumb Code    30  stm32l4xx_hal.o(i.HAL_Init)
    HAL_InitTick                             0x08000a7d   Thumb Code    74  stm32l4xx_hal.o(i.HAL_InitTick)
    HAL_MspInit                              0x08000ad5   Thumb Code     2  stm32l4xx_hal.o(i.HAL_MspInit)
    HAL_NVIC_SetPriority                     0x08000ad7   Thumb Code   124  stm32l4xx_hal_cortex.o(i.HAL_NVIC_SetPriority)
    HAL_NVIC_SetPriorityGrouping             0x08000b59   Thumb Code    32  stm32l4xx_hal_cortex.o(i.HAL_NVIC_SetPriorityGrouping)
    HAL_PWREx_GetVoltageRange                0x08000b81   Thumb Code    10  stm32l4xx_hal_pwr_ex.o(i.HAL_PWREx_GetVoltageRange)
    HAL_RCCEx_PeriphCLKConfig                0x08000b91   Thumb Code  1230  stm32l4xx_hal_rcc_ex.o(i.HAL_RCCEx_PeriphCLKConfig)
    HAL_RCC_ClockConfig                      0x08001065   Thumb Code   360  stm32l4xx_hal_rcc.o(i.HAL_RCC_ClockConfig)
    HAL_RCC_GetHCLKFreq                      0x080011e1   Thumb Code     6  stm32l4xx_hal_rcc.o(i.HAL_RCC_GetHCLKFreq)
    HAL_RCC_GetPCLK1Freq                     0x080011ed   Thumb Code    26  stm32l4xx_hal_rcc.o(i.HAL_RCC_GetPCLK1Freq)
    HAL_RCC_GetPCLK2Freq                     0x08001211   Thumb Code    26  stm32l4xx_hal_rcc.o(i.HAL_RCC_GetPCLK2Freq)
    HAL_RCC_GetSysClockFreq                  0x08001235   Thumb Code   220  stm32l4xx_hal_rcc.o(i.HAL_RCC_GetSysClockFreq)
    HAL_RCC_OscConfig                        0x08001321   Thumb Code  1772  stm32l4xx_hal_rcc.o(i.HAL_RCC_OscConfig)
    HAL_SYSTICK_CLKSourceConfig              0x08001a1d   Thumb Code    40  stm32l4xx_hal_cortex.o(i.HAL_SYSTICK_CLKSourceConfig)
    HAL_SYSTICK_Config                       0x08001a45   Thumb Code    52  stm32l4xx_hal_cortex.o(i.HAL_SYSTICK_Config)
    HAL_TIMEx_MasterConfigSynchronization    0x08001a79   Thumb Code   166  stm32l4xx_hal_tim_ex.o(i.HAL_TIMEx_MasterConfigSynchronization)
    HAL_TIM_Base_Init                        0x08001b39   Thumb Code    52  stm32l4xx_hal_tim.o(i.HAL_TIM_Base_Init)
    HAL_TIM_Base_MspInit                     0x08001b6d   Thumb Code     2  stm32l4xx_hal_tim.o(i.HAL_TIM_Base_MspInit)
    HAL_TIM_Base_Start                       0x08001b71   Thumb Code    50  stm32l4xx_hal_tim.o(i.HAL_TIM_Base_Start)
    HAL_TIM_ConfigClockSource                0x08001ba9   Thumb Code   264  stm32l4xx_hal_tim.o(i.HAL_TIM_ConfigClockSource)
    HAL_UART_Init                            0x08001cb5   Thumb Code   116  stm32l4xx_hal_uart.o(i.HAL_UART_Init)
    HAL_UART_MspInit                         0x08001d29   Thumb Code     2  stm32l4xx_hal_uart.o(i.HAL_UART_MspInit)
    HAL_UART_Transmit                        0x08001d2b   Thumb Code   210  stm32l4xx_hal_uart.o(i.HAL_UART_Transmit)
    HardFault_Handler                        0x08001e03   Thumb Code     4  stm32l4xx_it.o(i.HardFault_Handler)
    MemManage_Handler                        0x08002315   Thumb Code     4  stm32l4xx_it.o(i.MemManage_Handler)
    NMI_Handler                              0x08002319   Thumb Code     2  stm32l4xx_it.o(i.NMI_Handler)
    PendSV_Handler                           0x0800231b   Thumb Code     2  stm32l4xx_it.o(i.PendSV_Handler)
    SVC_Handler                              0x080026a9   Thumb Code     2  stm32l4xx_it.o(i.SVC_Handler)
    SysTick_Handler                          0x080026ab   Thumb Code     8  stm32l4xx_it.o(i.SysTick_Handler)
    SystemClock_Config                       0x080026b3   Thumb Code   152  main.o(i.SystemClock_Config)
    SystemInit                               0x0800274d   Thumb Code    68  system_stm32l4xx.o(i.SystemInit)
    TIM_Base_SetConfig                       0x0800279d   Thumb Code   170  stm32l4xx_hal_tim.o(i.TIM_Base_SetConfig)
    TIM_ETR_SetConfig                        0x08002869   Thumb Code    22  stm32l4xx_hal_tim.o(i.TIM_ETR_SetConfig)
    UART_AdvFeatureConfig                    0x080028df   Thumb Code   248  stm32l4xx_hal_uart.o(i.UART_AdvFeatureConfig)
    UART_CheckIdleState                      0x080029d7   Thumb Code   110  stm32l4xx_hal_uart.o(i.UART_CheckIdleState)
    UART_SetConfig                           0x08002a45   Thumb Code  1132  stm32l4xx_hal_uart.o(i.UART_SetConfig)
    UART_WaitOnFlagUntilTimeout              0x08002eb7   Thumb Code   180  stm32l4xx_hal_uart.o(i.UART_WaitOnFlagUntilTimeout)
    UsageFault_Handler                       0x08002f6b   Thumb Code     4  stm32l4xx_it.o(i.UsageFault_Handler)
    __0sprintf$bare                          0x08002f71   Thumb Code    32  printfb.o(i.__0sprintf$bare)
    __1sprintf$bare                          0x08002f71   Thumb Code     0  printfb.o(i.__0sprintf$bare)
    __2sprintf                               0x08002f71   Thumb Code     0  printfb.o(i.__0sprintf$bare)
    __scatterload_copy                       0x08002fcd   Thumb Code    14  handlers.o(i.__scatterload_copy)
    __scatterload_null                       0x08002fdb   Thumb Code     2  handlers.o(i.__scatterload_null)
    __scatterload_zeroinit                   0x08002fdd   Thumb Code    14  handlers.o(i.__scatterload_zeroinit)
    calcMacroPeriod                          0x08003017   Thumb Code    28  vl53l0x.o(i.calcMacroPeriod)
    changeAddresses                          0x08003035   Thumb Code   116  main.o(i.changeAddresses)
    checkTimeoutExpired                      0x080030b5   Thumb Code    30  vl53l0x.o(i.checkTimeoutExpired)
    decodeTimeout                            0x080030d3   Thumb Code    14  vl53l0x.o(i.decodeTimeout)
    decodeVcselPeriod                        0x080030e1   Thumb Code    10  vl53l0x.o(i.decodeVcselPeriod)
    encodeTimeout                            0x080030eb   Thumb Code    42  vl53l0x.o(i.encodeTimeout)
    getMeasurementTimingBudget               0x08003115   Thumb Code   144  vl53l0x.o(i.getMeasurementTimingBudget)
    getSequenceStepEnables                   0x080031ab   Thumb Code    46  vl53l0x.o(i.getSequenceStepEnables)
    getSequenceStepTimeouts                  0x080031d9   Thumb Code   120  vl53l0x.o(i.getSequenceStepTimeouts)
    getSpadInfo                              0x08003251   Thumb Code   272  vl53l0x.o(i.getSpadInfo)
    getVcselPulsePeriod                      0x08003361   Thumb Code    48  vl53l0x.o(i.getVcselPulsePeriod)
    init                                     0x08003391   Thumb Code  1296  vl53l0x.o(i.init)
    main                                     0x080038a1   Thumb Code   132  main.o(i.main)
    performSingleRefCalibration              0x08003961   Thumb Code    78  vl53l0x.o(i.performSingleRefCalibration)
    readMulti                                0x08003a09   Thumb Code    40  vl53l0x.o(i.readMulti)
    readReg                                  0x08003a35   Thumb Code    34  vl53l0x.o(i.readReg)
    readReg16Bit                             0x08003a5d   Thumb Code    34  vl53l0x.o(i.readReg16Bit)
    setAddress                               0x08003ac5   Thumb Code    22  vl53l0x.o(i.setAddress)
    setMeasurementTimingBudget               0x08003adb   Thumb Code   224  vl53l0x.o(i.setMeasurementTimingBudget)
    setSignalRateLimit                       0x08003bc1   Thumb Code    86  vl53l0x.o(i.setSignalRateLimit)
    setTimeout                               0x08003c25   Thumb Code     4  vl53l0x.o(i.setTimeout)
    setup_VL53L0X                            0x08003c29   Thumb Code    12  vl53l0x.o(i.setup_VL53L0X)
    startContinuous                          0x08003c35   Thumb Code   126  vl53l0x.o(i.startContinuous)
    startTimeout                             0x08003cb3   Thumb Code    12  vl53l0x.o(i.startTimeout)
    timeoutMclksToMicroseconds               0x08003cbf   Thumb Code    32  vl53l0x.o(i.timeoutMclksToMicroseconds)
    timeoutMicrosecondsToMclks               0x08003cdf   Thumb Code    30  vl53l0x.o(i.timeoutMicrosecondsToMclks)
    writeMulti                               0x08003d95   Thumb Code    30  vl53l0x.o(i.writeMulti)
    writeReg                                 0x08003db9   Thumb Code    26  vl53l0x.o(i.writeReg)
    writeReg16Bit                            0x08003dd9   Thumb Code    26  vl53l0x.o(i.writeReg16Bit)
    writeReg32Bit                            0x08003df9   Thumb Code    26  vl53l0x.o(i.writeReg32Bit)
    AHBPrescTable                            0x08003e48   Data          16  system_stm32l4xx.o(.constdata)
    APBPrescTable                            0x08003e58   Data           8  system_stm32l4xx.o(.constdata)
    MSIRangeTable                            0x08003e60   Data          48  system_stm32l4xx.o(.constdata)
    Region$$Table$$Base                      0x08003e90   Number         0  anon$$obj.o(Region$$Table)
    Region$$Table$$Limit                     0x08003eb0   Number         0  anon$$obj.o(Region$$Table)
    SystemCoreClock                          0x20000000   Data           4  system_stm32l4xx.o(.data)
    uwTick                                   0x20000004   Data           4  stm32l4xx_hal.o(.data)
    uwTickPrio                               0x20000008   Data           4  stm32l4xx_hal.o(.data)
    uwTickFreq                               0x2000000c   Data           4  stm32l4xx_hal.o(.data)
    hi2c1                                    0x20000010   Data          76  main.o(.bss)
    htim2                                    0x2000005c   Data          64  main.o(.bss)
    huart2                                   0x2000009c   Data         128  main.o(.bss)
    msg                                      0x2000011c   Data          64  main.o(.bss)
    uartBUFF                                 0x2000015c   Data         200  main.o(.bss)
    sensor1                                  0x20000224   Data          28  main.o(.bss)
    __initial_sp                             0x20000640   Data           0  startup_stm32l476xx.o(STACK)



==============================================================================

Memory Map of the image

  Image Entry point : 0x08000189

  Load Region LR_IROM1 (Base: 0x08000000, Size: 0x00003ec0, Max: 0x00100000, ABSOLUTE)

    Execution Region ER_IROM1 (Exec base: 0x08000000, Load base: 0x08000000, Size: 0x00003eb0, Max: 0x00100000, ABSOLUTE)

    Exec Addr    Load Addr    Size         Type   Attr      Idx    E Section Name        Object

    0x08000000   0x08000000   0x00000188   Data   RO        10840    RESET               startup_stm32l476xx.o
    0x08000188   0x08000188   0x00000000   Code   RO        11161  * .ARM.Collect$$$$00000000  mc_w.l(entry.o)
    0x08000188   0x08000188   0x00000004   Code   RO        11438    .ARM.Collect$$$$00000001  mc_w.l(entry2.o)
    0x0800018c   0x0800018c   0x00000004   Code   RO        11441    .ARM.Collect$$$$00000004  mc_w.l(entry5.o)
    0x08000190   0x08000190   0x00000000   Code   RO        11443    .ARM.Collect$$$$00000008  mc_w.l(entry7b.o)
    0x08000190   0x08000190   0x00000000   Code   RO        11445    .ARM.Collect$$$$0000000A  mc_w.l(entry8b.o)
    0x08000190   0x08000190   0x00000008   Code   RO        11446    .ARM.Collect$$$$0000000B  mc_w.l(entry9a.o)
    0x08000198   0x08000198   0x00000000   Code   RO        11448    .ARM.Collect$$$$0000000D  mc_w.l(entry10a.o)
    0x08000198   0x08000198   0x00000000   Code   RO        11450    .ARM.Collect$$$$0000000F  mc_w.l(entry11a.o)
    0x08000198   0x08000198   0x00000004   Code   RO        11439    .ARM.Collect$$$$00002712  mc_w.l(entry2.o)
    0x0800019c   0x0800019c   0x00000024   Code   RO        10841    .text               startup_stm32l476xx.o
    0x080001c0   0x080001c0   0x00000068   Code   RO        11164    .text               mc_w.l(uldiv.o)
    0x08000228   0x08000228   0x00000024   Code   RO        11168    .text               mc_w.l(memseta.o)
    0x0800024c   0x0800024c   0x0000000e   Code   RO        11170    .text               mc_w.l(strlen.o)
    0x0800025a   0x0800025a   0x00000026   Code   RO        11434    .text               mf_w.l(f2d.o)
    0x08000280   0x08000280   0x00000030   Code   RO        11436    .text               mf_w.l(cdrcmple.o)
    0x080002b0   0x080002b0   0x0000001e   Code   RO        11454    .text               mc_w.l(llshl.o)
    0x080002ce   0x080002ce   0x00000020   Code   RO        11456    .text               mc_w.l(llushr.o)
    0x080002ee   0x080002ee   0x00000000   Code   RO        11458    .text               mc_w.l(iusefp.o)
    0x080002ee   0x080002ee   0x00000002   PAD
    0x080002f0   0x080002f0   0x00000024   Code   RO        11467    .text               mc_w.l(init.o)
    0x08000314   0x08000314   0x00000004   Code   RO          467    i.BusFault_Handler  stm32l4xx_it.o
    0x08000318   0x08000318   0x00000002   Code   RO          468    i.DebugMon_Handler  stm32l4xx_it.o
    0x0800031a   0x0800031a   0x00000004   Code   RO          545    i.Error_Handler     main.o
    0x0800031e   0x0800031e   0x00000002   PAD
    0x08000320   0x08000320   0x00000028   Code   RO         7855    i.HAL_Delay         stm32l4xx_hal.o
    0x08000348   0x08000348   0x00000204   Code   RO         7220    i.HAL_GPIO_Init     stm32l4xx_hal_gpio.o
    0x0800054c   0x0800054c   0x0000000a   Code   RO         7224    i.HAL_GPIO_WritePin  stm32l4xx_hal_gpio.o
    0x08000556   0x08000556   0x00000002   PAD
    0x08000558   0x08000558   0x0000000c   Code   RO         7859    i.HAL_GetTick       stm32l4xx_hal.o
    0x08000564   0x08000564   0x0000006a   Code   RO         9897    i.HAL_I2CEx_ConfigAnalogFilter  stm32l4xx_hal_i2c_ex.o
    0x080005ce   0x080005ce   0x00000068   Code   RO         9898    i.HAL_I2CEx_ConfigDigitalFilter  stm32l4xx_hal_i2c_ex.o
    0x08000636   0x08000636   0x00000002   PAD
    0x08000638   0x08000638   0x000000c4   Code   RO         8093    i.HAL_I2C_Init      stm32l4xx_hal_i2c.o
    0x080006fc   0x080006fc   0x000001a6   Code   RO         8111    i.HAL_I2C_Mem_Read  stm32l4xx_hal_i2c.o
    0x080008a2   0x080008a2   0x00000002   PAD
    0x080008a4   0x080008a4   0x0000019e   Code   RO         8114    i.HAL_I2C_Mem_Write  stm32l4xx_hal_i2c.o
    0x08000a42   0x08000a42   0x00000002   Code   RO         8118    i.HAL_I2C_MspInit   stm32l4xx_hal_i2c.o
    0x08000a44   0x08000a44   0x00000018   Code   RO         7865    i.HAL_IncTick       stm32l4xx_hal.o
    0x08000a5c   0x08000a5c   0x0000001e   Code   RO         7866    i.HAL_Init          stm32l4xx_hal.o
    0x08000a7a   0x08000a7a   0x00000002   PAD
    0x08000a7c   0x08000a7c   0x00000058   Code   RO         7867    i.HAL_InitTick      stm32l4xx_hal.o
    0x08000ad4   0x08000ad4   0x00000002   Code   RO         7869    i.HAL_MspInit       stm32l4xx_hal.o
    0x08000ad6   0x08000ad6   0x00000082   Code   RO         9120    i.HAL_NVIC_SetPriority  stm32l4xx_hal_cortex.o
    0x08000b58   0x08000b58   0x00000028   Code   RO         9121    i.HAL_NVIC_SetPriorityGrouping  stm32l4xx_hal_cortex.o
    0x08000b80   0x08000b80   0x00000010   Code   RO         5878    i.HAL_PWREx_GetVoltageRange  stm32l4xx_hal_pwr_ex.o
    0x08000b90   0x08000b90   0x000004d4   Code   RO         1628    i.HAL_RCCEx_PeriphCLKConfig  stm32l4xx_hal_rcc_ex.o
    0x08001064   0x08001064   0x0000017c   Code   RO         6462    i.HAL_RCC_ClockConfig  stm32l4xx_hal_rcc.o
    0x080011e0   0x080011e0   0x0000000c   Code   RO         6466    i.HAL_RCC_GetHCLKFreq  stm32l4xx_hal_rcc.o
    0x080011ec   0x080011ec   0x00000024   Code   RO         6468    i.HAL_RCC_GetPCLK1Freq  stm32l4xx_hal_rcc.o
    0x08001210   0x08001210   0x00000024   Code   RO         6469    i.HAL_RCC_GetPCLK2Freq  stm32l4xx_hal_rcc.o
    0x08001234   0x08001234   0x000000ec   Code   RO         6470    i.HAL_RCC_GetSysClockFreq  stm32l4xx_hal_rcc.o
    0x08001320   0x08001320   0x000006fc   Code   RO         6473    i.HAL_RCC_OscConfig  stm32l4xx_hal_rcc.o
    0x08001a1c   0x08001a1c   0x00000028   Code   RO         9123    i.HAL_SYSTICK_CLKSourceConfig  stm32l4xx_hal_cortex.o
    0x08001a44   0x08001a44   0x00000034   Code   RO         9125    i.HAL_SYSTICK_Config  stm32l4xx_hal_cortex.o
    0x08001a78   0x08001a78   0x000000c0   Code   RO         7406    i.HAL_TIMEx_MasterConfigSynchronization  stm32l4xx_hal_tim_ex.o
    0x08001b38   0x08001b38   0x00000034   Code   RO         1804    i.HAL_TIM_Base_Init  stm32l4xx_hal_tim.o
    0x08001b6c   0x08001b6c   0x00000002   Code   RO         1806    i.HAL_TIM_Base_MspInit  stm32l4xx_hal_tim.o
    0x08001b6e   0x08001b6e   0x00000002   PAD
    0x08001b70   0x08001b70   0x00000038   Code   RO         1807    i.HAL_TIM_Base_Start  stm32l4xx_hal_tim.o
    0x08001ba8   0x08001ba8   0x0000010c   Code   RO         1813    i.HAL_TIM_ConfigClockSource  stm32l4xx_hal_tim.o
    0x08001cb4   0x08001cb4   0x00000074   Code   RO         6824    i.HAL_UART_Init     stm32l4xx_hal_uart.o
    0x08001d28   0x08001d28   0x00000002   Code   RO         6826    i.HAL_UART_MspInit  stm32l4xx_hal_uart.o
    0x08001d2a   0x08001d2a   0x000000d8   Code   RO         6833    i.HAL_UART_Transmit  stm32l4xx_hal_uart.o
    0x08001e02   0x08001e02   0x00000004   Code   RO          469    i.HardFault_Handler  stm32l4xx_it.o
    0x08001e06   0x08001e06   0x00000028   Code   RO         8140    i.I2C_Flush_TXDR    stm32l4xx_hal_i2c.o
    0x08001e2e   0x08001e2e   0x00000002   PAD
    0x08001e30   0x08001e30   0x00000098   Code   RO         8148    i.I2C_IsAcknowledgeFailed  stm32l4xx_hal_i2c.o
    0x08001ec8   0x08001ec8   0x0000007c   Code   RO         8151    i.I2C_RequestMemoryRead  stm32l4xx_hal_i2c.o
    0x08001f44   0x08001f44   0x0000007c   Code   RO         8152    i.I2C_RequestMemoryWrite  stm32l4xx_hal_i2c.o
    0x08001fc0   0x08001fc0   0x00000034   Code   RO         8155    i.I2C_TransferConfig  stm32l4xx_hal_i2c.o
    0x08001ff4   0x08001ff4   0x0000005e   Code   RO         8157    i.I2C_WaitOnFlagUntilTimeout  stm32l4xx_hal_i2c.o
    0x08002052   0x08002052   0x00000056   Code   RO         8159    i.I2C_WaitOnSTOPFlagUntilTimeout  stm32l4xx_hal_i2c.o
    0x080020a8   0x080020a8   0x0000005a   Code   RO         8160    i.I2C_WaitOnTXISFlagUntilTimeout  stm32l4xx_hal_i2c.o
    0x08002102   0x08002102   0x00000002   PAD
    0x08002104   0x08002104   0x00000050   Code   RO          546    i.MX_GPIO_Init      main.o
    0x08002154   0x08002154   0x000000c0   Code   RO          547    i.MX_I2C1_Init      main.o
    0x08002214   0x08002214   0x0000005c   Code   RO          548    i.MX_TIM2_Init      main.o
    0x08002270   0x08002270   0x000000a4   Code   RO          549    i.MX_USART2_UART_Init  main.o
    0x08002314   0x08002314   0x00000004   Code   RO          470    i.MemManage_Handler  stm32l4xx_it.o
    0x08002318   0x08002318   0x00000002   Code   RO          471    i.NMI_Handler       stm32l4xx_it.o
    0x0800231a   0x0800231a   0x00000002   Code   RO          472    i.PendSV_Handler    stm32l4xx_it.o
    0x0800231c   0x0800231c   0x0000018c   Code   RO         1632    i.RCCEx_PLLSAI1_Config  stm32l4xx_hal_rcc_ex.o
    0x080024a8   0x080024a8   0x00000164   Code   RO         1633    i.RCCEx_PLLSAI2_Config  stm32l4xx_hal_rcc_ex.o
    0x0800260c   0x0800260c   0x0000009c   Code   RO         6474    i.RCC_SetFlashLatencyFromMSIRange  stm32l4xx_hal_rcc.o
    0x080026a8   0x080026a8   0x00000002   Code   RO          473    i.SVC_Handler       stm32l4xx_it.o
    0x080026aa   0x080026aa   0x00000008   Code   RO          474    i.SysTick_Handler   stm32l4xx_it.o
    0x080026b2   0x080026b2   0x00000098   Code   RO          550    i.SystemClock_Config  main.o
    0x0800274a   0x0800274a   0x00000002   PAD
    0x0800274c   0x0800274c   0x00000050   Code   RO          431    i.SystemInit        system_stm32l4xx.o
    0x0800279c   0x0800279c   0x000000cc   Code   RO         1892    i.TIM_Base_SetConfig  stm32l4xx_hal_tim.o
    0x08002868   0x08002868   0x00000016   Code   RO         1903    i.TIM_ETR_SetConfig  stm32l4xx_hal_tim.o
    0x0800287e   0x0800287e   0x00000012   Code   RO         1904    i.TIM_ITRx_SetConfig  stm32l4xx_hal_tim.o
    0x08002890   0x08002890   0x00000026   Code   RO         1912    i.TIM_TI1_ConfigInputStage  stm32l4xx_hal_tim.o
    0x080028b6   0x080028b6   0x00000028   Code   RO         1914    i.TIM_TI2_ConfigInputStage  stm32l4xx_hal_tim.o
    0x080028de   0x080028de   0x000000f8   Code   RO         6838    i.UART_AdvFeatureConfig  stm32l4xx_hal_uart.o
    0x080029d6   0x080029d6   0x0000006e   Code   RO         6839    i.UART_CheckIdleState  stm32l4xx_hal_uart.o
    0x08002a44   0x08002a44   0x00000472   Code   RO         6855    i.UART_SetConfig    stm32l4xx_hal_uart.o
    0x08002eb6   0x08002eb6   0x000000b4   Code   RO         6858    i.UART_WaitOnFlagUntilTimeout  stm32l4xx_hal_uart.o
    0x08002f6a   0x08002f6a   0x00000004   Code   RO          475    i.UsageFault_Handler  stm32l4xx_it.o
    0x08002f6e   0x08002f6e   0x00000002   PAD
    0x08002f70   0x08002f70   0x00000024   Code   RO        11177    i.__0sprintf$bare   mc_w.l(printfb.o)
    0x08002f94   0x08002f94   0x00000010   Code   RO         9127    i.__NVIC_GetPriorityGrouping  stm32l4xx_hal_cortex.o
    0x08002fa4   0x08002fa4   0x00000028   Code   RO         9128    i.__NVIC_SetPriority  stm32l4xx_hal_cortex.o
    0x08002fcc   0x08002fcc   0x0000000e   Code   RO        11475    i.__scatterload_copy  mc_w.l(handlers.o)
    0x08002fda   0x08002fda   0x00000002   Code   RO        11476    i.__scatterload_null  mc_w.l(handlers.o)
    0x08002fdc   0x08002fdc   0x0000000e   Code   RO        11477    i.__scatterload_zeroinit  mc_w.l(handlers.o)
    0x08002fea   0x08002fea   0x00000022   Code   RO        11182    i._printf_core      mc_w.l(printfb.o)
    0x0800300c   0x0800300c   0x0000000a   Code   RO        11184    i._sputc            mc_w.l(printfb.o)
    0x08003016   0x08003016   0x0000001c   Code   RO        10848    i.calcMacroPeriod   vl53l0x.o
    0x08003032   0x08003032   0x00000002   PAD
    0x08003034   0x08003034   0x00000080   Code   RO          551    i.changeAddresses   main.o
    0x080030b4   0x080030b4   0x0000001e   Code   RO        10849    i.checkTimeoutExpired  vl53l0x.o
    0x080030d2   0x080030d2   0x0000000e   Code   RO        10850    i.decodeTimeout     vl53l0x.o
    0x080030e0   0x080030e0   0x0000000a   Code   RO        10851    i.decodeVcselPeriod  vl53l0x.o
    0x080030ea   0x080030ea   0x0000002a   Code   RO        10852    i.encodeTimeout     vl53l0x.o
    0x08003114   0x08003114   0x00000096   Code   RO        10855    i.getMeasurementTimingBudget  vl53l0x.o
    0x080031aa   0x080031aa   0x0000002e   Code   RO        10856    i.getSequenceStepEnables  vl53l0x.o
    0x080031d8   0x080031d8   0x00000078   Code   RO        10857    i.getSequenceStepTimeouts  vl53l0x.o
    0x08003250   0x08003250   0x00000110   Code   RO        10859    i.getSpadInfo       vl53l0x.o
    0x08003360   0x08003360   0x00000030   Code   RO        10861    i.getVcselPulsePeriod  vl53l0x.o
    0x08003390   0x08003390   0x00000510   Code   RO        10863    i.init              vl53l0x.o
    0x080038a0   0x080038a0   0x000000c0   Code   RO          552    i.main              main.o
    0x08003960   0x08003960   0x0000004e   Code   RO        10864    i.performSingleRefCalibration  vl53l0x.o
    0x080039ae   0x080039ae   0x00000024   Code   RO        10868    i.readByte          vl53l0x.o
    0x080039d2   0x080039d2   0x00000034   Code   RO        10869    i.readBytes         vl53l0x.o
    0x08003a06   0x08003a06   0x00000002   PAD
    0x08003a08   0x08003a08   0x0000002c   Code   RO        10870    i.readMulti         vl53l0x.o
    0x08003a34   0x08003a34   0x00000028   Code   RO        10873    i.readReg           vl53l0x.o
    0x08003a5c   0x08003a5c   0x00000028   Code   RO        10874    i.readReg16Bit      vl53l0x.o
    0x08003a84   0x08003a84   0x00000040   Code   RO        10876    i.readWord          vl53l0x.o
    0x08003ac4   0x08003ac4   0x00000016   Code   RO        10877    i.setAddress        vl53l0x.o
    0x08003ada   0x08003ada   0x000000e6   Code   RO        10878    i.setMeasurementTimingBudget  vl53l0x.o
    0x08003bc0   0x08003bc0   0x00000064   Code   RO        10879    i.setSignalRateLimit  vl53l0x.o
    0x08003c24   0x08003c24   0x00000004   Code   RO        10880    i.setTimeout        vl53l0x.o
    0x08003c28   0x08003c28   0x0000000c   Code   RO        10882    i.setup_VL53L0X     vl53l0x.o
    0x08003c34   0x08003c34   0x0000007e   Code   RO        10883    i.startContinuous   vl53l0x.o
    0x08003cb2   0x08003cb2   0x0000000c   Code   RO        10884    i.startTimeout      vl53l0x.o
    0x08003cbe   0x08003cbe   0x00000020   Code   RO        10886    i.timeoutMclksToMicroseconds  vl53l0x.o
    0x08003cde   0x08003cde   0x0000001e   Code   RO        10887    i.timeoutMicrosecondsToMclks  vl53l0x.o
    0x08003cfc   0x08003cfc   0x0000003a   Code   RO        10889    i.write32Bits       vl53l0x.o
    0x08003d36   0x08003d36   0x0000001e   Code   RO        10892    i.writeByte         vl53l0x.o
    0x08003d54   0x08003d54   0x0000003e   Code   RO        10893    i.writeBytes        vl53l0x.o
    0x08003d92   0x08003d92   0x00000002   PAD
    0x08003d94   0x08003d94   0x00000024   Code   RO        10894    i.writeMulti        vl53l0x.o
    0x08003db8   0x08003db8   0x00000020   Code   RO        10895    i.writeReg          vl53l0x.o
    0x08003dd8   0x08003dd8   0x00000020   Code   RO        10896    i.writeReg16Bit     vl53l0x.o
    0x08003df8   0x08003df8   0x00000020   Code   RO        10897    i.writeReg32Bit     vl53l0x.o
    0x08003e18   0x08003e18   0x0000002e   Code   RO        10898    i.writeWord         vl53l0x.o
    0x08003e46   0x08003e46   0x00000002   PAD
    0x08003e48   0x08003e48   0x00000048   Data   RO          432    .constdata          system_stm32l4xx.o
    0x08003e90   0x08003e90   0x00000020   Data   RO        11473    Region$$Table       anon$$obj.o


    Execution Region RW_IRAM1 (Exec base: 0x20000000, Load base: 0x08003eb0, Size: 0x00000640, Max: 0x00018000, ABSOLUTE)

    Exec Addr    Load Addr    Size         Type   Attr      Idx    E Section Name        Object

    0x20000000   0x08003eb0   0x00000004   Data   RW          433    .data               system_stm32l4xx.o
    0x20000004   0x08003eb4   0x0000000c   Data   RW         7883    .data               stm32l4xx_hal.o
    0x20000010        -       0x00000230   Zero   RW          553    .bss                main.o
    0x20000240        -       0x00000400   Zero   RW        10838    STACK               startup_stm32l476xx.o


==============================================================================

Image component sizes


      Code (inc. data)   RO Data    RW Data    ZI Data      Debug   Object Name

      1004        122          0          0        560       9340   main.o
        36          8        392          0       1024        840   startup_stm32l476xx.o
       196         32          0         12          0       4419   stm32l4xx_hal.o
       318         22          0          0          0      34072   stm32l4xx_hal_cortex.o
       526         36          0          0          0       2184   stm32l4xx_hal_gpio.o
      1796         34          0          0          0      11368   stm32l4xx_hal_i2c.o
       210          0          0          0          0       1815   stm32l4xx_hal_i2c_ex.o
        16          6          0          0          0        528   stm32l4xx_hal_pwr_ex.o
      2644        106          0          0          0       6964   stm32l4xx_hal_rcc.o
      1988         48          0          0          0       3752   stm32l4xx_hal_rcc_ex.o
       700         44          0          0          0       6397   stm32l4xx_hal_tim.o
       192         26          0          0          0       1268   stm32l4xx_hal_tim_ex.o
      2010         64          0          0          0       6372   stm32l4xx_hal_uart.o
        32          0          0          0          0       4458   stm32l4xx_it.o
         0          0          0          0          0     835716   stm32l4xx_nucleo.o
        80         12         72          4          0       1329   system_stm32l4xx.o
      3306         54          0          0          0      27062   vl53l0x.o

    ----------------------------------------------------------------------
     15082        614        496         16       1584     957884   Object Totals
         0          0         32          0          0          0   (incl. Generated)
        28          0          0          0          0          0   (incl. Padding)

    ----------------------------------------------------------------------

      Code (inc. data)   RO Data    RW Data    ZI Data      Debug   Library Member Name

         0          0          0          0          0          0   entry.o
         0          0          0          0          0          0   entry10a.o
         0          0          0          0          0          0   entry11a.o
         8          4          0          0          0          0   entry2.o
         4          0          0          0          0          0   entry5.o
         0          0          0          0          0          0   entry7b.o
         0          0          0          0          0          0   entry8b.o
         8          4          0          0          0          0   entry9a.o
        30          0          0          0          0          0   handlers.o
        36          8          0          0          0         68   init.o
         0          0          0          0          0          0   iusefp.o
        30          0          0          0          0         68   llshl.o
        32          0          0          0          0         68   llushr.o
        36          0          0          0          0        108   memseta.o
        80          4          0          0          0        236   printfb.o
        14          0          0          0          0         68   strlen.o
       104          0          0          0          0         92   uldiv.o
        48          0          0          0          0         68   cdrcmple.o
        38          0          0          0          0         68   f2d.o

    ----------------------------------------------------------------------
       470         20          0          0          0        844   Library Totals
         2          0          0          0          0          0   (incl. Padding)

    ----------------------------------------------------------------------

      Code (inc. data)   RO Data    RW Data    ZI Data      Debug   Library Name

       382         20          0          0          0        708   mc_w.l
        86          0          0          0          0        136   mf_w.l

    ----------------------------------------------------------------------
       470         20          0          0          0        844   Library Totals

    ----------------------------------------------------------------------

==============================================================================


      Code (inc. data)   RO Data    RW Data    ZI Data      Debug   

     15552        634        496         16       1584     948268   Grand Totals
     15552        634        496         16       1584     948268   ELF Image Totals
     15552        634        496         16          0          0   ROM Totals

==============================================================================

    Total RO  Size (Code + RO Data)                16048 (  15.67kB)
    Total RW  Size (RW Data + ZI Data)              1600 (   1.56kB)
    Total ROM Size (Code + RO Data + RW Data)      16064 (  15.69kB)

==============================================================================

